******************************************************************************
                  TI ARM Linker PC v5.2.7                      
******************************************************************************
>> Linked Thu Jun 02 19:49:13 2016

OUTPUT FILE NAME:   <CC2650_MPU9250_DMP_2.out>
ENTRY POINT SYMBOL: "ResetISR"  address: 000057cd


MEMORY CONFIGURATION

         name            origin    length      used     unused   attr    fill
----------------------  --------  ---------  --------  --------  ----  --------
  FLASH                 00000000   00020000  000093f9  00016c07  R  X
  SRAM                  20000000   00005000  00001615  000039eb  RW X


SEGMENT ALLOCATION MAP

run origin  load origin   length   init length attrs members
----------  ----------- ---------- ----------- ----- -------
00000000    00000000    000093a8   000093a8    r-x
  00000000    00000000    0000003c   0000003c    r-- .resetVecs
  0000003c    0000003c    000071aa   000071aa    r-x .text
  000071e8    000071e8    00001e63   00001e63    r-- .const
  00009050    00009050    00000358   00000358    r-- .cinit
0001ffa8    0001ffa8    00000058   00000058    r--
  0001ffa8    0001ffa8    00000058   00000058    r-- .ccfg
20000000    20000000    0000131c   00000000    rw-
  20000000    20000000    000000dc   00000000    rw- .vecs
  200000e0    200000e0    00000d1d   00000000    rw- .bss
  20000e00    20000e00    0000051c   00000000    rw- .data
20004d00    20004d00    00000300   00000000    rw-
  20004d00    20004d00    00000300   00000000    rw- .stack


SECTION ALLOCATION MAP

 output                                  attributes/
section   page    origin      length       input sections
--------  ----  ----------  ----------   ----------------
.text      0    0000003c    000071aa     
                  0000003c    00000424     sysbios.aem3 : BIOS.obj (.text:ti_sysbios_family_arm_m3_Hwi_excDumpRegs__I)
                  00000460    0000039c     driverlib.lib : setup.obj (.text:HapiTrimDeviceShutDown)
                  000007fc    0000034c     ti.targets.arm.rtsarm.aem3 : System.oem3 (.text:xdc_runtime_System_doPrint__I)
                  00000b48    000002d4     rtsv7M3_T_le_eabi.lib : trgdrv.obj (.text)
                  00000e1c    00000248     sysbios.aem3 : BIOS.obj (.text:ti_sysbios_heaps_HeapMem_free__E)
                  00001064    00000244                  : BIOS.obj (.text:ti_sysbios_heaps_HeapMem_alloc__E)
                  000012a8    00000228     drivers_cc26xxware.aem3 : PowerCC26XX.oem3 (.text:Power_sleep)
                  000014d0    00000224     sysbios.aem3 : BIOS.obj (.text:ti_sysbios_knl_Semaphore_pend__E)
                  000016f4    00000204     driverlib.lib : sys_ctrl.obj (.text:SysCtrlSetRechargeBeforePowerDown)
                  000018f8    000001f4     rtsv7M3_T_le_eabi.lib : ull_div_t2.obj (.text)
                  00001aec    000001f0     sysbios.aem3 : BIOS.obj (.text:ti_sysbios_knl_Task_Instance_finalize__E)
                  00001cdc    000001e0     drivers_cc26xxware.aem3 : PINCC26XX.oem3 (.text:PIN_init)
                  00001ebc    000001d0                             : PowerCC26XX_calibrateRCOSC.oem3 (.text:calibrateRcoscHf1)
                  0000208c    000001c0     sysbios.aem3 : BIOS.obj (.text:ti_sysbios_knl_Task_Instance_init__E)
                  0000224c    00000180     drivers_cc26xxware.aem3 : PowerCC26XX_calibrateRCOSC.oem3 (.text:PowerCC26XX_doCalibrate)
                  000023cc    0000016c     sysbios.aem3 : BIOS.obj (.text:ti_sysbios_family_arm_m3_Hwi_excBusFault__I)
                  00002538    00000160                  : BIOS.obj (.text:ti_sysbios_knl_Task_sleep__E)
                  00002698    00000158                  : BIOS.obj (.text:ti_sysbios_family_arm_m3_Hwi_excUsageFault__I)
                  000027f0    00000148     empty.obj (.text:main)
                  00002938    00000140     sysbios.aem3 : BIOS.obj (.text:ti_sysbios_family_arm_m3_Hwi_excMemFault__I)
                  00002a78    00000134                  : BIOS.obj (.text:ti_sysbios_heaps_HeapMem_Instance_init__E)
                  00002bac    00000118     drivers_cc26xxware.aem3 : PowerCC26XX.oem3 (.text:Power_init)
                  00002cc4    00000118     ti.targets.arm.rtsarm.aem3 : Error.oem3 (.text:xdc_runtime_Error_policyDefault__E)
                  00002ddc    00000108     sysbios.aem3 : BIOS.obj (.text:ti_sysbios_knl_Clock_Instance_init__E)
                  00002ee4    00000100     ti.targets.arm.rtsarm.aem3 : Core-mem.oem3 (.text:xdc_runtime_Core_createObject__I)
                  00002fe4    000000fc     sysbios.aem3 : BIOS.obj (.text:ti_sysbios_family_arm_m3_Hwi_excFillContext__I)
                  000030e0    000000f8     ti.targets.arm.rtsarm.aem3 : Startup.oem3 (.text:xdc_runtime_Startup_startMods__I)
                  000031d8    000000f8     empty_pem3.oem3 (.text:xdc_runtime_System_printfExtend__I)
                  000032d0    000000ec     sysbios.aem3 : BIOS.obj (.text:ti_sysbios_family_arm_m3_Hwi_excHandlerMax__I)
                  000033bc    000000e4                  : BIOS.obj (.text:ti_sysbios_knl_Semaphore_post__E)
                  000034a0    000000d8                  : BIOS.obj (.text:ti_sysbios_knl_Swi_Instance_init__E)
                  00003578    000000d4     drivers_cc26xxware.aem3 : PowerCC26XX.oem3 (.text:Power_releaseDependency)
                  0000364c    000000d0                             : PowerCC26XX.oem3 (.text:Power_setDependency)
                  0000371c    000000d0     sysbios.aem3 : m3_Hwi_asm.obj (.text:ti_sysbios_family_arm_m3_Hwi_dispatch__I)
                  000037ec    000000cc     ti.targets.arm.rtsarm.aem3 : Core-smem.oem3 (.text:xdc_runtime_Core_constructObject__I)
                  000038b8    000000bc     power_cc26xx_tirtos.aem3 : PowerCC26XX_tirtos.oem3 (.text:PowerCC26XX_standbyPolicy)
                  00003974    000000b8     drivers_cc26xxware.aem3 : PINCC26XX.oem3 (.text:PINCC26XX_setIoCfg)
                  00003a2c    000000b4     sysbios.aem3 : BIOS.obj (.text:ti_sysbios_family_arm_m3_Hwi_excDebugMon__I)
                  00003ae0    000000b4                  : BIOS.obj (.text:ti_sysbios_family_arm_m3_Hwi_excHardFault__I)
                  00003b94    000000b4                  : BIOS.obj (.text:ti_sysbios_knl_Task_checkStacks__E)
                  00003c48    000000b0                  : BIOS.obj (.text:ti_sysbios_gates_GateMutex_enter__E)
                  00003cf8    000000a0     auto_init.aem3 : auto_init.oem3 (.text)
                  00003d98    000000a0     driverlib.lib : setup.obj (.text:trimDevice)
                  00003e38    000000a0     ti.targets.arm.rtsarm.aem3 : Text.oem3 (.text:xdc_runtime_Text_putMod__E)
                  00003ed8    0000009c     rtsv7M3_T_le_eabi.lib : memcpy_t2.obj (.text)
                  00003f74    0000009c     sysbios.aem3 : BIOS.obj (.text:ti_sysbios_knl_Semaphore_Instance_init__E)
                  00004010    0000009a     ti.targets.arm.rtsarm.aem3 : Text.oem3 (.text:xdc_runtime_Text_putSite__E)
                  000040aa    00000002     drivers_cc26xxware.aem3 : PowerCC26XX.oem3 (.text:emptyClockFunc)
                  000040ac    00000098     sysbios.aem3 : BIOS.obj (.text:ti_sysbios_knl_Clock_workFuncDynamic__E)
                  00004144    00000094     drivers_cc26xxware.aem3 : PINCC26XX.oem3 (.text:PIN_open)
                  000041d8    00000094     sysbios.aem3 : BIOS.obj (.text:ti_sysbios_family_arm_m3_Hwi_Instance_init__E)
                  0000426c    00000090     drivers_cc26xxware.aem3 : PowerCC26XX.oem3 (.text:switchXOSCHFclockFunc)
                  000042fc    00000080     sysbios.aem3 : BIOS.obj (.text:ti_sysbios_family_arm_m3_Hwi_initNVIC__E)
                  0000437c    00000080                  : BIOS.obj (.text:ti_sysbios_knl_Task_postInit__I)
                  000043fc    0000007c     drivers_cc26xxware.aem3 : PowerCC26XX.oem3 (.text:disableLFClockQualifiers)
                  00004478    0000007a     rtsv7M3_T_le_eabi.lib : memset_t2.obj (.text)
                  000044f2    00000002                           : i_div0.obj (.text)
                  000044f4    00000078     sysbios.aem3 : BIOS.obj (.text:ti_sysbios_knl_Clock_walkQueueDynamic__E)
                  0000456c    00000074     drivers_cc26xxware.aem3 : PowerCC26XX_calibrateRCOSC.oem3 (.text:PowerCC26XX_auxISR)
                  000045e0    00000074                             : PowerCC26XX_calibrateRCOSC.oem3 (.text:calibrateRcoscHf2)
                  00004654    00000070     driverlib.lib : chipinfo.obj (.text:ChipInfo_GetHwRevision)
                  000046c4    0000006d     ti.targets.arm.rtsarm.aem3 : System.oem3 (.text:xdc_runtime_System_formatNum__I)
                  00004731    00000001     --HOLE-- [fill = 0]
                  00004732    00000002     empty_pem3.oem3 (.text:ti_sysbios_BIOS_nullFunc__I)
                  00004734    0000006c     driverlib.lib : setup.obj (.text:GetTrimForAmpcompCtrl)
                  000047a0    0000006c     drivers_cc26xxware.aem3 : PowerCC26XX.oem3 (.text:PowerCC26XX_calibrate)
                  0000480c    0000006c     ti.targets.arm.rtsarm.aem3 : Error.oem3 (.text:xdc_runtime_Error_print__E)
                  00004878    0000006c                                : Memory.oem3 (.text:xdc_runtime_Memory_alloc__E)
                  000048e4    0000006a     rtsv7M3_T_le_eabi.lib : copy_decompress_rle.obj (.text)
                  0000494e    00000002     sysbios.aem3 : BIOS.obj (.text:ti_sysbios_gates_GateHwi_Instance_init__E)
                  00004950    00000068     driverlib.lib : sys_ctrl.obj (.text:SysCtrl_DCDC_VoltageConditionalControl)
                  000049b8    00000068     rtsv7M3_T_le_eabi.lib : trgmsg.obj (.text)
                  00004a20    00000068     sysbios.aem3 : BIOS.obj (.text:ti_sysbios_knl_Clock_startI__E)
                  00004a88    00000068                  : BIOS.obj (.text:ti_sysbios_knl_Clock_start__E)
                  00004af0    00000068                  : BIOS.obj (.text:ti_sysbios_knl_Swi_restoreHwi__E)
                  00004b58    00000066     ti.targets.arm.rtsarm.aem3 : Core-mem.oem3 (.text:xdc_runtime_Core_deleteObject__I)
                  00004bbe    00000002     sysbios.aem3 : BIOS.obj (.text:ti_sysbios_knl_Clock_logTick__E)
                  00004bc0    00000064     driverlib.lib : setup.obj (.text:GetTrimForAnabypassValue1)
                  00004c24    00000064     sysbios.aem3 : BIOS.obj (.text:ti_sysbios_family_arm_cc26xx_Timer_start__E)
                  00004c88    00000064                  : BIOS.obj (.text:ti_sysbios_knl_Task_startCore__E)
                  00004cec    00000060                  : BIOS.obj (.text:ti_sysbios_knl_Task_schedule__I)
                  00004d4c    00000060     drivers_cc26xxware.aem3 : PowerCC26XX_calibrateRCOSC.oem3 (.text:updateSubSecInc)
                  00004dac    0000005c     driverlib.lib : osc.obj (.text:OSCHF_AttemptToSwitchToXosc)
                  00004e08    0000005c     drivers_cc26xxware.aem3 : PowerCC26XX_calibrateRCOSC.oem3 (.text:PowerCC26XX_RCOSC_clockFunc)
                  00004e64    0000005c     driverlib.lib : sys_ctrl.obj (.text:SysCtrlAdjustRechargeAfterPowerDown)
                  00004ec0    0000005c     sysbios.aem3 : BIOS.obj (.text:ti_sysbios_knl_Task_Module_startup__E)
                  00004f1c    0000005b     ti.targets.arm.rtsarm.aem3 : Text.oem3 (.text:xdc_runtime_Text_putLab__E)
                  00004f77    00000001     --HOLE-- [fill = 0]
                  00004f78    00000058     drivers_cc26xxware.aem3 : PowerCC26XX_calibrateRCOSC.oem3 (.text:PowerCC26XX_initiateCalibration)
                  00004fd0    00000058     empty_pem3.oem3 (.text:ti_sysbios_family_arm_m3_Hwi_construct)
                  00005028    00000058     sysbios.aem3 : BIOS.obj (.text:ti_sysbios_family_arm_m3_Hwi_postInit__I)
                  00005080    00000058                  : BIOS.obj (.text:ti_sysbios_knl_Swi_run__I)
                  000050d8    00000054     drivers_cc26xxware.aem3 : PowerCC26XX.oem3 (.text:configureXOSCHF)
                  0000512c    00000054     sysbios.aem3 : BIOS.obj (.text:ti_sysbios_family_arm_m3_Hwi_dispatchC__I)
                  00005180    00000054                  : BIOS.obj (.text:ti_sysbios_knl_Swi_Instance_finalize__E)
                  000051d4    00000054     empty_pem3.oem3 (.text:ti_sysbios_knl_Swi_construct)
                  00005228    00000054     sysbios.aem3 : BIOS.obj (.text:ti_sysbios_knl_Swi_schedule__I)
                  0000527c    00000054     empty_pem3.oem3 (.text:ti_sysbios_knl_Task_construct)
                  000052d0    00000054     ti.targets.arm.rtsarm.aem3 : Assert.oem3 (.text:xdc_runtime_Assert_raise__I)
                  00005324    00000050     driverlib.lib : setup.obj (.text:SetupCacheModeAccordingToCcfgSetting)
                  00005374    00000050     sysbios.aem3 : BIOS.obj (.text:ti_sysbios_knl_Swi_runLoop__I)
                  000053c4    00000050     ti.targets.arm.rtsarm.aem3 : Startup.oem3 (.text:xdc_runtime_Startup_exec__E)
                  00005414    0000004c     driverlib.lib : osc.obj (.text:NOROM_OSCClockSourceSet)
                  00005460    0000004c     rtsv7M3_T_le_eabi.lib : cpy_tbl.obj (.text)
                  000054ac    0000004c     sysbios.aem3 : m3_TaskSupport_asm.obj (.text:ti_sysbios_family_arm_m3_TaskSupport_buildTaskStack)
                  000054f8    0000004c     ti.targets.arm.rtsarm.aem3 : Text.oem3 (.text:xdc_runtime_Text_visitRope2__I)
                  00005544    00000048     driverlib.lib : chipinfo.obj (.text:ChipInfo_GetChipFamily)
                  0000558c    00000048                   : ddi.obj (.text:NOROM_DDI16BitfieldWrite)
                  000055d4    00000048     drivers_cc26xxware.aem3 : PINCC26XX.oem3 (.text:PIN_swi)
                  0000561c    00000048                             : PowerCC26XX.oem3 (.text:notify)
                  00005664    00000048     sysbios.aem3 : BIOS.obj (.text:ti_sysbios_family_arm_m3_Hwi_Module_startup__E)
                  000056ac    00000048                  : BIOS.obj (.text:ti_sysbios_family_arm_m3_Hwi_excReserved__I)
                  000056f4    00000048                  : m3_Hwi_asm_switch.obj (.text:ti_sysbios_family_arm_m3_Hwi_initStacks__E)
                  0000573c    00000048                  : BIOS.obj (.text:ti_sysbios_heaps_HeapMem_getStats__E)
                  00005784    00000046     ti.targets.arm.rtsarm.aem3 : Core-params.oem3 (.text:xdc_runtime_Core_assignParams__I)
                  000057ca    00000002     sysbios.aem3 : BIOS.obj (.text:ti_sysbios_knl_Clock_triggerFunc__I)
                  000057cc    00000044     boot.aem3 : boot.oem3 (.text)
                  00005810    00000044     rtsv7M3_T_le_eabi.lib : exit.obj (.text)
                  00005854    00000044     sysbios.aem3 : BIOS.obj (.text:ti_sysbios_family_arm_m3_Hwi_disableInterrupt__E)
                  00005898    00000044                  : BIOS.obj (.text:ti_sysbios_family_arm_m3_Hwi_enableInterrupt__E)
                  000058dc    00000044                  : BIOS.obj (.text:ti_sysbios_knl_Swi_post__E)
                  00005920    00000044                  : BIOS.obj (.text:ti_sysbios_knl_Task_allBlockedFunction__I)
                  00005964    00000044     ti.targets.arm.rtsarm.aem3 : Error.oem3 (.text:xdc_runtime_Error_setX__E)
                  000059a8    00000044                                : SysMin.oem3 (.text:xdc_runtime_SysMin_flush__E)
                  000059ec    00000044                                : Text.oem3 (.text:xdc_runtime_Text_xprintf__I)
                  00005a30    00000040     driverlib.lib : ddi.obj (.text:NOROM_DDI16BitfieldRead)
                  00005a70    00000040     rtsv7M3_T_le_eabi.lib : u_divt2.obj (.text)
                  00005ab0    00000040     sysbios.aem3 : BIOS.obj (.text:ti_sysbios_family_arm_m3_Hwi_getStackInfo__E)
                  00005af0    0000003c     driverlib.lib : osc.obj (.text:OSC_HPOSCRelativeFrequencyOffsetGet)
                  00005b2c    0000003c     drivers_cc26xxware.aem3 : PINCC26XX.oem3 (.text:PIN_setOutputValue)
                  00005b68    0000003c     sysbios.aem3 : BIOS.obj (.text:ti_sysbios_family_arm_m3_Hwi_excSvCall__I)
                  00005ba4    0000003a                  : BIOS.obj (.text:ti_sysbios_knl_Task_exit__E)
                  00005bde    00000038                  : BIOS.obj (.text:ti_sysbios_family_arm_cc26xx_Timer_getCurrentTick__E)
                  00005c16    00000002     --HOLE-- [fill = 0]
                  00005c18    00000038                  : BIOS.obj (.text:ti_sysbios_family_arm_m3_Hwi_excNoIsr__I)
                  00005c50    00000038     ti.targets.arm.rtsarm.aem3 : SysMin.oem3 (.text:xdc_runtime_SysMin_putch__E)
                  00005c88    00000038                                : System.oem3 (.text:xdc_runtime_System_atexit__E)
                  00005cc0    00000034     driverlib.lib : osc.obj (.text:OSCHF_SwitchToRcOscTurnOffXosc)
                  00005cf4    00000034     drivers_cc26xxware.aem3 : PINCC26XX.oem3 (.text:PIN_setConfig)
                  00005d28    00000034     sysbios.aem3 : BIOS.obj (.text:ti_sysbios_family_arm_cc26xx_Timer_initDevice__I)
                  00005d5c    00000034                  : BIOS.obj (.text:ti_sysbios_family_arm_m3_Hwi_excNmi__I)
                  00005d90    00000034                  : BIOS.obj (.text:ti_sysbios_hal_Hwi_checkStack)
                  00005dc4    00000034                  : BIOS.obj (.text:ti_sysbios_heaps_HeapMem_init__I)
                  00005df8    00000034     empty_pem3.oem3 (.text:ti_sysbios_knl_Clock_construct)
                  00005e2c    00000034     sysbios.aem3 : BIOS.obj (.text:ti_sysbios_knl_Swi_restore__E)
                  00005e60    00000034                  : BIOS.obj (.text:ti_sysbios_knl_Task_blockI__E)
                  00005e94    00000034     ti.targets.arm.rtsarm.aem3 : Core-label.oem3 (.text:xdc_runtime_Core_assignLabel__I)
                  00005ec8    00000033                                : Text.oem3 (.text:xdc_runtime_Text_printVisFxn__I)
                  00005efb    00000001     --HOLE-- [fill = 0]
                  00005efc    00000032     sysbios.aem3 : BIOS.obj (.text:ti_sysbios_family_arm_cc26xx_Timer_setNextTick__E)
                  00005f2e    00000002     --HOLE-- [fill = 0]
                  00005f30    00000030     drivers_cc26xxware.aem3 : PowerCC26XX.oem3 (.text:Power_releaseConstraint)
                  00005f60    00000030                             : PowerCC26XX.oem3 (.text:Power_setConstraint)
                  00005f90    00000030     driverlib.lib : setup.obj (.text:SetAonRtcSubSecInc)
                  00005fc0    00000030     empty.obj (.text:heartBeatFxn)
                  00005ff0    00000030     empty_pem3.oem3 (.text:ti_sysbios_BIOS_atExitFunc__I)
                  00006020    00000030     sysbios.aem3 : BIOS.obj (.text:ti_sysbios_family_arm_cc26xx_Timer_setThreshold__I)
                  00006050    00000030                  : BIOS.obj (.text:ti_sysbios_family_arm_m3_Hwi_Instance_finalize__E)
                  00006080    00000030     empty_pem3.oem3 (.text:ti_sysbios_gates_GateHwi_Object__create__S)
                  000060b0    00000030     empty_pem3.oem3 (.text:ti_sysbios_gates_GateMutex_Object__create__S)
                  000060e0    00000030     empty_pem3.oem3 (.text:ti_sysbios_heaps_HeapMem_Object__create__S)
                  00006110    00000030     empty_pem3.oem3 (.text:ti_sysbios_knl_Semaphore_construct)
                  00006140    00000030     sysbios.aem3 : BIOS.obj (.text:ti_sysbios_knl_Task_processVitalTaskFlag__I)
                  00006170    00000030     ti.targets.arm.rtsarm.aem3 : SysMin.oem3 (.text:xdc_runtime_SysMin_abort__E)
                  000061a0    00000030                                : System.oem3 (.text:xdc_runtime_System_processAtExit__E)
                  000061d0    0000002e     sysbios.aem3 : BIOS.obj (.text:ti_sysbios_family_arm_m3_TaskSupport_start__E)
                  000061fe    0000002c                  : BIOS.obj (.text:ti_sysbios_hal_Hwi_initStack)
                  0000622a    00000002     --HOLE-- [fill = 0]
                  0000622c    0000002c                  : BIOS.obj (.text:ti_sysbios_knl_Clock_getTicksUntilInterrupt__E)
                  00006258    0000002c     empty_pem3.oem3 (.text:ti_sysbios_knl_Queue_construct)
                  00006284    0000002c     sysbios.aem3 : BIOS.obj (.text:ti_sysbios_knl_Semaphore_pendTimeout__I)
                  000062b0    0000002c                  : BIOS.obj (.text:ti_sysbios_knl_Task_unblockI__E)
                  000062dc    0000002c     ti.targets.arm.rtsarm.aem3 : Text.oem3 (.text:xdc_runtime_Text_cordText__E)
                  00006308    0000002a                                : System.oem3 (.text:xdc_runtime_System_putchar__I)
                  00006332    00000002     --HOLE-- [fill = 0]
                  00006334    00000028     driverlib.lib : aon_batmon.obj (.text:AONBatMonTemperatureGetDegC)
                  0000635c    00000028                   : adi.obj (.text:SafeHapiVoid)
                  00006384    00000028     sysbios.aem3 : BIOS.obj (.text:ti_sysbios_family_arm_cc26xx_Timer_getMaxTicks__E)
                  000063ac    00000028                  : BIOS.obj (.text:ti_sysbios_knl_Clock_addI__E)
                  000063d4    00000028                  : BIOS.obj (.text:ti_sysbios_knl_Task_restore__E)
                  000063fc    00000026     ti.targets.arm.rtsarm.aem3 : System.oem3 (.text:xdc_runtime_System_avprintf__E)
                  00006422    00000002     --HOLE-- [fill = 0]
                  00006424    00000024     driverlib.lib : setup.obj (.text:GetTrimForRadcExtCfg)
                  00006448    00000024     drivers_cc26xxware.aem3 : PowerCC26XX_calibrateRCOSC.oem3 (.text:getTdcSemaphore)
                  0000646c    00000024     empty_pem3.oem3 (.text:ti_sysbios_BIOS_errorRaiseHook__I)
                  00006490    00000024     empty_pem3.oem3 (.text:ti_sysbios_BIOS_registerRTSLock__I)
                  000064b4    00000024     empty_pem3.oem3 (.text:ti_sysbios_BIOS_removeRTSLock__I)
                  000064d8    00000024     empty_pem3.oem3 (.text:ti_sysbios_BIOS_startFunc__I)
                  000064fc    00000024     sysbios.aem3 : BIOS.obj (.text:ti_sysbios_family_arm_cc26xx_Timer_Module_startup__E)
                  00006520    00000024                  : BIOS.obj (.text:ti_sysbios_family_arm_cc26xx_Timer_startup__E)
                  00006544    00000024     empty_pem3.oem3 (.text:ti_sysbios_gates_GateMutex_Object__delete__S)
                  00006568    00000024     sysbios.aem3 : BIOS.obj (.text:ti_sysbios_knl_Swi_Module_startup__E)
                  0000658c    00000024                  : BIOS.obj (.text:ti_sysbios_knl_Task_getMode__E)
                  000065b0    00000024     ti.targets.arm.rtsarm.aem3 : System.oem3 (.text:xdc_runtime_System_vprintf__E)
                  000065d4    00000022     sysbios.aem3 : BIOS.obj (.text:ti_sysbios_family_arm_cc26xx_Timer_postInit__I)
                  000065f6    00000022     empty_pem3.oem3 (.text:xdc_runtime_SysMin_output__I)
                  00006618    00000020     driverlib.lib : setup.obj (.text:GetTrimForXoscHfCtl)
                  00006638    00000020     empty_pem3.oem3 (.text:ti_sysbios_BIOS_rtsLock__I)
                  00006658    00000020     sysbios.aem3 : BIOS.obj (.text:ti_sysbios_family_arm_cc26xx_Timer_dynamicStub__E)
                  00006678    00000020                  : m3_Hwi_asm.obj (.text:ti_sysbios_family_arm_m3_Hwi_excHandlerAsm__I)
                  00006698    00000020                  : BIOS.obj (.text:ti_sysbios_family_arm_m3_Hwi_excHandler__I)
                  000066b8    00000020     empty_pem3.oem3 (.text:ti_sysbios_gates_GateHwi_Object__delete__S)
                  000066d8    00000020     empty_pem3.oem3 (.text:ti_sysbios_heaps_HeapMem_Object__delete__S)
                  000066f8    00000020     sysbios.aem3 : BIOS.obj (.text:ti_sysbios_knl_Clock_Module_startup__E)
                  00006718    00000020                  : BIOS.obj (.text:ti_sysbios_knl_Clock_getTicks__E)
                  00006738    00000020                  : BIOS.obj (.text:ti_sysbios_knl_Clock_stop__E)
                  00006758    00000020                  : BIOS.obj (.text:ti_sysbios_knl_Idle_run__E)
                  00006778    00000020     empty_pem3.oem3 (.text:ti_sysbios_knl_Semaphore_Object__destruct__S)
                  00006798    00000020     sysbios.aem3 : BIOS.obj (.text:ti_sysbios_knl_Task_restoreHwi__E)
                  000067b8    00000020     ti.targets.arm.rtsarm.aem3 : Registry.oem3 (.text:xdc_runtime_Registry_findById__E)
                  000067d8    00000020                                : SysMin.oem3 (.text:xdc_runtime_SysMin_Module_startup__E)
                  000067f8    0000001e     drivers_cc26xxware.aem3 : PowerCC26XX.oem3 (.text:Power_getTransitionLatency)
                  00006816    0000001e     sysbios.aem3 : m3_Hwi_asm_switch.obj (.text:ti_sysbios_family_xxx_Hwi_switchAndRunFunc)
                  00006834    0000001c     driverlib.lib : setup.obj (.text:GetTrimForAmpcompTh2)
                  00006850    0000001c                   : osc.obj (.text:NOROM_OSCClockSourceGet)
                  0000686c    0000001c     drivers_cc26xxware.aem3 : PINCC26XX.oem3 (.text:PINCC26XX_setIoCfgMux)
                  00006888    0000001c                             : PINCC26XX.oem3 (.text:PIN_hwi)
                  000068a4    0000001c                             : PowerCC26XX.oem3 (.text:Power_idleFunc)
                  000068c0    0000001c     sysbios.aem3 : BIOS.obj (.text:ti_sysbios_family_arm_m3_Hwi_setPriority__E)
                  000068dc    0000001c                  : BIOS.obj (.text:ti_sysbios_gates_GateMutex_Instance_init__E)
                  000068f8    0000001c                  : BIOS.obj (.text:ti_sysbios_knl_Clock_scheduleNextTick__E)
                  00006914    0000001c     empty_pem3.oem3 (.text:ti_sysbios_knl_Queue_Object__destruct__S)
                  00006930    0000001c     sysbios.aem3 : BIOS.obj (.text:ti_sysbios_knl_Queue_put__E)
                  0000694c    0000001c                  : BIOS.obj (.text:ti_sysbios_knl_Task_enabled__E)
                  00006968    0000001c                  : BIOS.obj (.text:ti_sysbios_knl_Task_enter__I)
                  00006984    0000001c     ti.targets.arm.rtsarm.aem3 : Error.oem3 (.text:xdc_runtime_Error_raiseX__E)
                  000069a0    0000001c                                : Memory.oem3 (.text:xdc_runtime_Memory_valloc__E)
                  000069bc    0000001c                                : SysMin.oem3 (.text:xdc_runtime_SysMin_exit__E)
                  000069d8    0000001c                                : System.oem3 (.text:xdc_runtime_System_abort__E)
                  000069f4    0000001a     empty_pem3.oem3 (.text:ti_sysbios_family_arm_m3_Hwi_Handle__label__S)
                  00006a0e    0000001a     sysbios.aem3 : m3_Hwi_asm.obj (.text:ti_sysbios_family_arm_m3_Hwi_pendSV__I)
                  00006a28    0000001a     empty_pem3.oem3 (.text:ti_sysbios_gates_GateHwi_Handle__label__S)
                  00006a42    0000001a     empty_pem3.oem3 (.text:ti_sysbios_gates_GateMutex_Handle__label__S)
                  00006a5c    0000001a     empty_pem3.oem3 (.text:ti_sysbios_heaps_HeapMem_Handle__label__S)
                  00006a76    0000001a     empty_pem3.oem3 (.text:ti_sysbios_knl_Swi_Handle__label__S)
                  00006a90    0000001a     empty_pem3.oem3 (.text:ti_sysbios_knl_Task_Handle__label__S)
                  00006aaa    0000001a     sysbios.aem3 : BIOS.obj (.text:ti_sysbios_knl_Task_sleepTimeout__I)
                  00006ac4    0000001a     empty_pem3.oem3 (.text:xdc_runtime_System_aprintf__E)
                  00006ade    0000001a     empty_pem3.oem3 (.text:xdc_runtime_System_printf__E)
                  00006af8    00000018     driverlib.lib : chipinfo.obj (.text:ChipInfo_GetPackageType)
                  00006b10    00000018                   : setup.obj (.text:GetTrimForAdcShModeEn)
                  00006b28    00000018                   : setup.obj (.text:GetTrimForAdcShVbufEn)
                  00006b40    00000018                   : setup.obj (.text:GetTrimForAmpcompTh1)
                  00006b58    00000018                   : setup.obj (.text:GetTrimForDblrLoopFilterResetVoltage)
                  00006b70    00000018                   : setup.obj (.text:GetTrimForRcOscLfIBiasTrim)
                  00006b88    00000018                   : setup.obj (.text:GetTrimForRcOscLfRtuneCtuneTrim)
                  00006ba0    00000018                   : setup.obj (.text:GetTrimForXoscLfRegulatorAndCmirrwrRatio)
                  00006bb8    00000018                   : aon_rtc.obj (.text:NOROM_AONRTCCurrentCompareValueGet)
                  00006bd0    00000018                   : osc.obj (.text:OSCHF_TurnOnXosc)
                  00006be8    00000018     drivers_cc26xxware.aem3 : PowerCC26XX.oem3 (.text:configureRFCoreClocks)
                  00006c00    00000018     rtsv7M3_T_le_eabi.lib : args_main.obj (.text)
                  00006c18    00000018                           : ll_mul_t2.obj (.text)
                  00006c30    00000018     empty_pem3.oem3 (.text:ti_sysbios_BIOS_rtsUnlock__I)
                  00006c48    00000018     empty_pem3.oem3 (.text:ti_sysbios_family_arm_cc26xx_Timer_Module__startupDone__F)
                  00006c60    00000018     empty_pem3.oem3 (.text:ti_sysbios_family_arm_m3_Hwi_Module__startupDone__F)
                  00006c78    00000018     sysbios.aem3 : BIOS.obj (.text:ti_sysbios_family_arm_m3_Hwi_plug__E)
                  00006c90    00000018                  : BIOS.obj (.text:ti_sysbios_gates_GateMutex_leave__E)
                  00006ca8    00000018                  : BIOS.obj (.text:ti_sysbios_knl_Swi_or__E)
                  00006cc0    00000018                  : BIOS.obj (.text:ti_sysbios_knl_Task_unblock__E)
                  00006cd8    00000018     ti.targets.arm.rtsarm.aem3 : Error.oem3 (.text:xdc_runtime_Error_check__E)
                  00006cf0    00000018                                : System.oem3 (.text:xdc_runtime_System_exit__E)
                  00006d08    00000018                                : Text.oem3 (.text:xdc_runtime_Text_ropeText__E)
                  00006d20    00000016     rtsv7M3_T_le_eabi.lib : strcpy.obj (.text)
                  00006d36    00000016     empty_pem3.oem3 (.text:ti_sysbios_BIOS_exitFunc__I)
                  00006d4c    00000016     empty.obj (.text:ti_sysbios_knl_Task_Params_init)
                  00006d62    00000002     --HOLE-- [fill = 0]
                  00006d64    00000014     driverlib.lib : aon_rtc.obj (.text:NOROM_AONRTCCurrent64BitValueGet)
                  00006d78    00000014     drivers_cc26xxware.aem3 : PINCC26XX.oem3 (.text:PINCC26XX_getOutputValue)
                  00006d8c    00000014     driverlib.lib : chipinfo.obj (.text:ThisCodeIsBuiltForCC26xxHwRev22AndLater_HaltIfViolated)
                  00006da0    00000014     rtsv7M3_T_le_eabi.lib : _lock.obj (.text)
                  00006db4    00000014                           : strlen.obj (.text)
                  00006dc8    00000014     empty_pem3.oem3 (.text:ti_sysbios_family_arm_m3_Hwi_Object__get__S)
                  00006ddc    00000014     sysbios.aem3 : BIOS.obj (.text:ti_sysbios_family_arm_m3_Hwi_switchFromBootStack__E)
                  00006df0    00000014     empty_pem3.oem3 (.text:ti_sysbios_heaps_HeapMem_Object__get__S)
                  00006e04    00000014     empty_pem3.oem3 (.text:ti_sysbios_knl_Clock_doTick__I)
                  00006e18    00000014     empty_pem3.oem3 (.text:ti_sysbios_knl_Swi_Object__get__S)
                  00006e2c    00000012     sysbios.aem3 : BIOS.obj (.text:ti_sysbios_hal_Hwi_Module_startup__E)
                  00006e3e    00000012     empty_pem3.oem3 (.text:xdc_runtime_Startup_exec__I)
                  00006e50    00000010     driverlib.lib : setup.obj (.text:GetTrimForXoscHfFastStart)
                  00006e60    00000010                   : setup.obj (.text:GetTrimForXoscHfIbiastherm)
                  00006e70    00000010     sysbios.aem3 : BIOS.obj (.text:ti_sysbios_BIOS_exit__E)
                  00006e80    00000010                  : BIOS.obj (.text:ti_sysbios_BIOS_setThreadType__E)
                  00006e90    00000010                  : BIOS.obj (.text:ti_sysbios_BIOS_start__E)
                  00006ea0    00000010                  : BIOS.obj (.text:ti_sysbios_family_arm_m3_Hwi_getHandle__E)
                  00006eb0    00000010                  : m3_TaskSupport_asm.obj (.text:ti_sysbios_family_arm_m3_TaskSupport_glue)
                  00006ec0    00000010                  : m3_TaskSupport_asm.obj (.text:ti_sysbios_family_arm_m3_TaskSupport_swap__E)
                  00006ed0    00000010                  : BIOS.obj (.text:ti_sysbios_gates_GateMutex_Instance_finalize__E)
                  00006ee0    00000010                  : BIOS.obj (.text:ti_sysbios_knl_Semaphore_Instance_finalize__E)
                  00006ef0    00000010                  : BIOS.obj (.text:ti_sysbios_knl_Swi_disable__E)
                  00006f00    00000010                  : BIOS.obj (.text:ti_sysbios_knl_Swi_enabled__E)
                  00006f10    00000010     empty_pem3.oem3 (.text:ti_sysbios_knl_Task_Object__get__S)
                  00006f20    00000010     sysbios.aem3 : BIOS.obj (.text:ti_sysbios_knl_Task_disable__E)
                  00006f30    00000010     ti.targets.arm.rtsarm.aem3 : Gate.oem3 (.text:xdc_runtime_Gate_leaveSystem__E)
                  00006f40    00000010                                : Memory.oem3 (.text:xdc_runtime_Memory_free__E)
                  00006f50    00000010                                : SysMin.oem3 (.text:xdc_runtime_SysMin_ready__E)
                  00006f60    00000010                                : System.oem3 (.text:xdc_runtime_System_vsnprintf__E)
                  00006f70    00000010     empty_pem3.oem3 (.text:xdc_runtime_Text_visitRope__I)
                  00006f80    0000000e     driverlib.lib : vims.obj (.text:NOROM_VIMSModeGet)
                  00006f8e    0000000e                   : setup.obj (.text:SignExtendVddrTrimValue)
                  00006f9c    0000000e     rtsv7M3_T_le_eabi.lib : copy_decompress_none.obj (.text:decompress:none)
                  00006faa    0000000e     sysbios.aem3 : BIOS.obj (.text:ti_sysbios_family_arm_m3_TaskSupport_checkStack__E)
                  00006fb8    0000000e                  : BIOS.obj (.text:ti_sysbios_heaps_HeapMem_restore__E)
                  00006fc6    0000000e                  : BIOS.obj (.text:ti_sysbios_knl_Queue_empty__E)
                  00006fd4    0000000e                  : BIOS.obj (.text:ti_sysbios_knl_Queue_remove__E)
                  00006fe2    0000000c     driverlib.lib : cpu.obj (.text:NOROM_CPUcpsid)
                  00006fee    0000000c                   : cpu.obj (.text:NOROM_CPUcpsie)
                  00006ffa    00000002     --HOLE-- [fill = 0]
                  00006ffc    0000000c     drivers_cc26xxware.aem3 : PowerCC26XX.oem3 (.text:Power_getConstraintMask)
                  00007008    0000000c                             : PowerCC26XX.oem3 (.text:Power_getDependencyCount)
                  00007014    0000000c     rtsv7M3_T_le_eabi.lib : copy_zero_init.obj (.text:decompress:ZI)
                  00007020    0000000c     sysbios.aem3 : BIOS.obj (.text:ti_sysbios_BIOS_getThreadType__E)
                  0000702c    0000000c     empty_pem3.oem3 (.text:ti_sysbios_family_arm_m3_Hwi_Params__init__S)
                  00007038    0000000c     sysbios.aem3 : BIOS.obj (.text:ti_sysbios_family_arm_m3_Hwi_disableFxn__E)
                  00007044    0000000c                  : BIOS.obj (.text:ti_sysbios_family_arm_m3_TaskSupport_getStackAlignment__E)
                  00007050    0000000c                  : BIOS.obj (.text:ti_sysbios_gates_GateHwi_enter__E)
                  0000705c    0000000c     empty_pem3.oem3 (.text:ti_sysbios_knl_Clock_Params__init__S)
                  00007068    0000000c     empty_pem3.oem3 (.text:ti_sysbios_knl_Queue_Object__get__S)
                  00007074    0000000c     sysbios.aem3 : BIOS.obj (.text:ti_sysbios_knl_Queue_dequeue__E)
                  00007080    0000000c                  : BIOS.obj (.text:ti_sysbios_knl_Queue_enqueue__E)
                  0000708c    0000000c     empty_pem3.oem3 (.text:ti_sysbios_knl_Semaphore_Params__init__S)
                  00007098    0000000c     empty_pem3.oem3 (.text:ti_sysbios_knl_Swi_Params__init__S)
                  000070a4    0000000c     sysbios.aem3 : BIOS.obj (.text:ti_sysbios_knl_Swi_getTrigger__E)
                  000070b0    0000000c                  : BIOS.obj (.text:ti_sysbios_knl_Swi_self__E)
                  000070bc    0000000c     empty_pem3.oem3 (.text:ti_sysbios_knl_Task_Params__init__S)
                  000070c8    0000000c     sysbios.aem3 : BIOS.obj (.text:ti_sysbios_knl_Task_self__E)
                  000070d4    0000000c     ti.targets.arm.rtsarm.aem3 : Error.oem3 (.text:xdc_runtime_Error_init__E)
                  000070e0    0000000c                                : Gate.oem3 (.text:xdc_runtime_Gate_enterSystem__E)
                  000070ec    0000000c                                : Memory.oem3 (.text:xdc_runtime_Memory_calloc__E)
                  000070f8    0000000c                                : Memory.oem3 (.text:xdc_runtime_Memory_getMaxDefaultTypeAlign__E)
                  00007104    0000000a     drivers_cc26xxware.aem3 : List.oem3 (.text:List_empty)
                  0000710e    0000000a     empty_pem3.oem3 (.text:xdc_runtime_IHeap_alloc)
                  00007118    0000000a     empty_pem3.oem3 (.text:xdc_runtime_IHeap_free)
                  00007122    00000008     sysbios.aem3 : BIOS.obj (.text:ti_sysbios_family_arm_m3_Hwi_doSwiRestore__I)
                  0000712a    00000008                  : BIOS.obj (.text:ti_sysbios_family_arm_m3_Hwi_startup__E)
                  00007132    00000008                  : BIOS.obj (.text:ti_sysbios_knl_Idle_loop__E)
                  0000713a    00000006     ti.targets.arm.rtsarm.aem3 : xdc_noinit.oem3 (.text:__xdc__init)
                  00007140    00000006     rtsv7M3_T_le_eabi.lib : copy_decompress_rle.obj (.text:decompress:rle24)
                  00007146    00000006     sysbios.aem3 : BIOS.obj (.text:ti_sysbios_family_arm_m3_Hwi_doTaskRestore__I)
                  0000714c    00000006                  : BIOS.obj (.text:ti_sysbios_family_arm_m3_Hwi_restoreFxn__E)
                  00007152    00000006                  : BIOS.obj (.text:ti_sysbios_gates_GateHwi_leave__E)
                  00007158    00000006                  : BIOS.obj (.text:ti_sysbios_heaps_HeapMem_isBlocking__E)
                  0000715e    00000006                  : BIOS.obj (.text:ti_sysbios_knl_Queue_Instance_init__E)
                  00007164    00000006                  : BIOS.obj (.text:ti_sysbios_knl_Queue_elemClear__E)
                  0000716a    00000006                  : BIOS.obj (.text:ti_sysbios_knl_Swi_startup__E)
                  00007170    00000006     ti.targets.arm.rtsarm.aem3 : System.oem3 (.text:xdc_runtime_System_Module_startup__E)
                  00007176    00000004     drivers_cc26xxware.aem3 : List.oem3 (.text:List_head)
                  0000717a    00000004                             : List.oem3 (.text:List_next)
                  0000717e    00000004                             : PowerCC26XX.oem3 (.text:nopResourceHandler)
                  00007182    00000004     empty_pem3.oem3 (.text:ti_sysbios_BIOS_RtsGateProxy_enter__E)
                  00007186    00000004     empty_pem3.oem3 (.text:ti_sysbios_BIOS_RtsGateProxy_leave__E)
                  0000718a    00000004     sysbios.aem3 : BIOS.obj (.text:ti_sysbios_family_arm_cc26xx_Timer_getCount64__E)
                  0000718e    00000004                  : BIOS.obj (.text:ti_sysbios_family_arm_cc26xx_Timer_setPeriod__E)
                  00007192    00000004     empty_pem3.oem3 (.text:ti_sysbios_family_arm_m3_TaskSupport_Module__startupDone__S)
                  00007196    00000004     sysbios.aem3 : BIOS.obj (.text:ti_sysbios_gates_GateHwi_query__E)
                  0000719a    00000004                  : BIOS.obj (.text:ti_sysbios_gates_GateMutex_query__E)
                  0000719e    00000004     empty_pem3.oem3 (.text:ti_sysbios_heaps_HeapMem_Module_GateProxy_enter__E)
                  000071a2    00000004     empty_pem3.oem3 (.text:ti_sysbios_heaps_HeapMem_Module_GateProxy_leave__E)
                  000071a6    00000004     empty_pem3.oem3 (.text:ti_sysbios_knl_Clock_TimerProxy_getCurrentTick__E)
                  000071aa    00000004     empty_pem3.oem3 (.text:ti_sysbios_knl_Clock_TimerProxy_getMaxTicks__E)
                  000071ae    00000004     empty_pem3.oem3 (.text:ti_sysbios_knl_Clock_TimerProxy_setNextTick__E)
                  000071b2    00000004     sysbios.aem3 : BIOS.obj (.text:ti_sysbios_knl_Clock_removeI__E)
                  000071b6    00000004                  : BIOS.obj (.text:ti_sysbios_knl_Clock_setTimeout__E)
                  000071ba    00000004     empty_pem3.oem3 (.text:ti_sysbios_knl_Queue_destruct)
                  000071be    00000004     sysbios.aem3 : BIOS.obj (.text:ti_sysbios_knl_Queue_head__E)
                  000071c2    00000004                  : BIOS.obj (.text:ti_sysbios_knl_Queue_next__E)
                  000071c6    00000004     empty_pem3.oem3 (.text:ti_sysbios_knl_Semaphore_destruct)
                  000071ca    00000004     sysbios.aem3 : BIOS.obj (.text:ti_sysbios_knl_Swi_postInit__I)
                  000071ce    00000004                  : BIOS.obj (.text:ti_sysbios_knl_Task_startup__E)
                  000071d2    00000004     ti.targets.arm.rtsarm.aem3 : Error.oem3 (.text:xdc_runtime_Error_getSite__E)
                  000071d6    00000004     empty_pem3.oem3 (.text:xdc_runtime_System_Module_GateProxy_enter__E)
                  000071da    00000004     empty_pem3.oem3 (.text:xdc_runtime_System_Module_GateProxy_leave__E)
                  000071de    00000004     ti.targets.arm.rtsarm.aem3 : System.oem3 (.text:xdc_runtime_System_aprintf_va__F)
                  000071e2    00000004                                : System.oem3 (.text:xdc_runtime_System_printf_va__F)

.const     0    000071e8    00001e63     
                  000071e8    0000177e     empty_pem3.oem3 (.const:xdc_runtime_Text_charTab__A)
                  00008966    000000a8     empty_pem3.oem3 (.const:xdc_runtime_Text_nodeTab__A)
                  00008a0e    00000002     empty_pem3.oem3 (.const:ti_sysbios_family_arm_m3_Hwi_Module__id__C)
                  00008a10    00000068     CC2650STK.obj (.const:BoardGpioInitTable)
                  00008a78    0000004c     drivers_cc26xxware.aem3 : PowerCC26XX.oem3 (.const:resourceDB)
                  00008ac4    00000048     empty_pem3.oem3 (.const:.string)
                  00008b0c    0000003c     empty_pem3.oem3 (.const:ti_sysbios_knl_Task_Object__PARAMS__C)
                  00008b48    00000030     empty_pem3.oem3 (.const:ti_sysbios_family_arm_m3_Hwi_Object__PARAMS__C)
                  00008b78    00000028     empty_pem3.oem3 (.const:ti_sysbios_heaps_HeapMem_Module__FXNS__C)
                  00008ba0    00000028     empty_pem3.oem3 (.const:ti_sysbios_knl_Swi_Object__PARAMS__C)
                  00008bc8    00000024     empty_pem3.oem3 (.const:ti_sysbios_gates_GateHwi_Module__FXNS__C)
                  00008bec    00000024     empty_pem3.oem3 (.const:ti_sysbios_gates_GateMutex_Module__FXNS__C)
                  00008c10    00000024     empty_pem3.oem3 (.const:ti_sysbios_heaps_HeapMem_Object__PARAMS__C)
                  00008c34    00000024     empty_pem3.oem3 (.const:ti_sysbios_knl_Clock_Object__PARAMS__C)
                  00008c58    00000024     empty_pem3.oem3 (.const:ti_sysbios_knl_Semaphore_Object__PARAMS__C)
                  00008c7c    00000020     CC2650STK.obj (.const)
                  00008c9c    00000020     empty_pem3.oem3 (.const:ti_sysbios_family_arm_m3_Hwi_Object__DESC__C)
                  00008cbc    00000020     empty_pem3.oem3 (.const:ti_sysbios_gates_GateHwi_Object__DESC__C)
                  00008cdc    00000020     empty_pem3.oem3 (.const:ti_sysbios_gates_GateMutex_Object__DESC__C)
                  00008cfc    00000020     empty_pem3.oem3 (.const:ti_sysbios_heaps_HeapMem_Object__DESC__C)
                  00008d1c    00000020     empty_pem3.oem3 (.const:ti_sysbios_knl_Clock_Object__DESC__C)
                  00008d3c    00000020     empty_pem3.oem3 (.const:ti_sysbios_knl_Queue_Object__DESC__C)
                  00008d5c    00000020     empty_pem3.oem3 (.const:ti_sysbios_knl_Semaphore_Object__DESC__C)
                  00008d7c    00000020     empty_pem3.oem3 (.const:ti_sysbios_knl_Swi_Object__DESC__C)
                  00008d9c    00000020     empty_pem3.oem3 (.const:ti_sysbios_knl_Task_Object__DESC__C)
                  00008dbc    00000020     empty_pem3.oem3 (.const:xdc_runtime_Startup_sfxnTab__A)
                  00008ddc    00000018     empty_pem3.oem3 (.const:ti_sysbios_gates_GateHwi_Object__PARAMS__C)
                  00008df4    00000018     empty_pem3.oem3 (.const:ti_sysbios_gates_GateMutex_Object__PARAMS__C)
                  00008e0c    00000018     empty_pem3.oem3 (.const:ti_sysbios_knl_Queue_Object__PARAMS__C)
                  00008e24    00000010     empty_pem3.oem3 (.const:xdc_runtime_Startup_sfxnRts__A)
                  00008e34    0000000c     empty_pem3.oem3 (.const:xdc_runtime_Startup_firstFxns__A)
                  00008e40    0000000a     empty.obj (.const:.string)
                  00008e4a    00000002     empty_pem3.oem3 (.const:ti_sysbios_gates_GateMutex_Module__id__C)
                  00008e4c    00000008     CC2650STK.obj (.const:PINCC26XX_hwAttrs)
                  00008e54    00000008     empty_pem3.oem3 (.const:ti_sysbios_family_arm_m3_Hwi_excHookFuncs__A)
                  00008e5c    00000008     empty_pem3.oem3 (.const:ti_sysbios_knl_Idle_funcList__A)
                  00008e64    00000008     empty_pem3.oem3 (.const:ti_sysbios_knl_Idle_funcList__C)
                  00008e6c    00000008     empty_pem3.oem3 (.const:xdc_runtime_Startup_firstFxns__C)
                  00008e74    00000008     empty_pem3.oem3 (.const:xdc_runtime_Startup_lastFxns__C)
                  00008e7c    00000004     empty_pem3.oem3 (.const:ti_sysbios_family_arm_cc26xx_Timer_startupNeeded__C)
                  00008e80    00000004     empty_pem3.oem3 (.const:ti_sysbios_family_arm_m3_Hwi_E_NMI__C)
                  00008e84    00000004     empty_pem3.oem3 (.const:ti_sysbios_family_arm_m3_Hwi_E_alreadyDefined__C)
                  00008e88    00000004     empty_pem3.oem3 (.const:ti_sysbios_family_arm_m3_Hwi_E_busFault__C)
                  00008e8c    00000004     empty_pem3.oem3 (.const:ti_sysbios_family_arm_m3_Hwi_E_debugMon__C)
                  00008e90    00000004     empty_pem3.oem3 (.const:ti_sysbios_family_arm_m3_Hwi_E_hardFault__C)
                  00008e94    00000004     empty_pem3.oem3 (.const:ti_sysbios_family_arm_m3_Hwi_E_memFault__C)
                  00008e98    00000004     empty_pem3.oem3 (.const:ti_sysbios_family_arm_m3_Hwi_E_noIsr__C)
                  00008e9c    00000004     empty_pem3.oem3 (.const:ti_sysbios_family_arm_m3_Hwi_E_reserved__C)
                  00008ea0    00000004     empty_pem3.oem3 (.const:ti_sysbios_family_arm_m3_Hwi_E_svCall__C)
                  00008ea4    00000004     empty_pem3.oem3 (.const:ti_sysbios_family_arm_m3_Hwi_E_usageFault__C)
                  00008ea8    00000004     empty_pem3.oem3 (.const:ti_sysbios_family_arm_m3_Hwi_NUM_INTERRUPTS__C)
                  00008eac    00000004     empty_pem3.oem3 (.const:ti_sysbios_family_arm_m3_Hwi_Object__count__C)
                  00008eb0    00000004     empty_pem3.oem3 (.const:ti_sysbios_family_arm_m3_Hwi_ccr__C)
                  00008eb4    00000004     empty_pem3.oem3 (.const:ti_sysbios_family_arm_m3_Hwi_excHandlerFunc__C)
                  00008eb8    00000004     empty_pem3.oem3 (.const:ti_sysbios_family_arm_m3_Hwi_excHookFuncs__C)
                  00008ebc    00000004     empty_pem3.oem3 (.const:ti_sysbios_family_arm_m3_Hwi_nullIsrFunc__C)
                  00008ec0    00000004     empty_pem3.oem3 (.const:ti_sysbios_family_arm_m3_Hwi_priGroup__C)
                  00008ec4    00000004     empty_pem3.oem3 (.const:ti_sysbios_family_arm_m3_TaskSupport_stackAlignment__C)
                  00008ec8    00000004     empty_pem3.oem3 (.const:ti_sysbios_gates_GateMutex_A_badContext__C)
                  00008ecc    00000004     empty_pem3.oem3 (.const:ti_sysbios_gates_GateMutex_Instance_State_sem__O)
                  00008ed0    00000004     empty_pem3.oem3 (.const:ti_sysbios_gates_GateMutex_Module__diagsEnabled__C)
                  00008ed4    00000004     empty_pem3.oem3 (.const:ti_sysbios_gates_GateMutex_Module__diagsIncluded__C)
                  00008ed8    00000004     empty_pem3.oem3 (.const:ti_sysbios_gates_GateMutex_Module__diagsMask__C)
                  00008edc    00000004     empty_pem3.oem3 (.const:ti_sysbios_hal_Hwi_E_stackOverflow__C)
                  00008ee0    00000004     empty_pem3.oem3 (.const:ti_sysbios_heaps_HeapMem_A_align__C)
                  00008ee4    00000004     empty_pem3.oem3 (.const:ti_sysbios_heaps_HeapMem_A_heapSize__C)
                  00008ee8    00000004     empty_pem3.oem3 (.const:ti_sysbios_heaps_HeapMem_A_invalidFree__C)
                  00008eec    00000004     empty_pem3.oem3 (.const:ti_sysbios_heaps_HeapMem_A_zeroBlock__C)
                  00008ef0    00000004     empty_pem3.oem3 (.const:ti_sysbios_heaps_HeapMem_E_memory__C)
                  00008ef4    00000004     empty_pem3.oem3 (.const:ti_sysbios_heaps_HeapMem_Module__diagsEnabled__C)
                  00008ef8    00000004     empty_pem3.oem3 (.const:ti_sysbios_heaps_HeapMem_Module__diagsIncluded__C)
                  00008efc    00000004     empty_pem3.oem3 (.const:ti_sysbios_heaps_HeapMem_Module__diagsMask__C)
                  00008f00    00000004     empty_pem3.oem3 (.const:ti_sysbios_heaps_HeapMem_Module__gateObj__C)
                  00008f04    00000004     empty_pem3.oem3 (.const:ti_sysbios_heaps_HeapMem_Object__count__C)
                  00008f08    00000004     empty_pem3.oem3 (.const:ti_sysbios_heaps_HeapMem_reqAlign__C)
                  00008f0c    00000004     empty_pem3.oem3 (.const:ti_sysbios_knl_Clock_A_badThreadType__C)
                  00008f10    00000004     empty_pem3.oem3 (.const:ti_sysbios_knl_Clock_Module_State_clockQ__O)
                  00008f14    00000004     empty_pem3.oem3 (.const:ti_sysbios_knl_Clock_Module__diagsEnabled__C)
                  00008f18    00000004     empty_pem3.oem3 (.const:ti_sysbios_knl_Clock_Module__diagsIncluded__C)
                  00008f1c    00000004     empty_pem3.oem3 (.const:ti_sysbios_knl_Clock_Module__diagsMask__C)
                  00008f20    00000004     empty_pem3.oem3 (.const:ti_sysbios_knl_Clock_tickPeriod__C)
                  00008f24    00000004     empty_pem3.oem3 (.const:ti_sysbios_knl_Clock_triggerClock__C)
                  00008f28    00000004     empty_pem3.oem3 (.const:ti_sysbios_knl_Semaphore_A_badContext__C)
                  00008f2c    00000004     empty_pem3.oem3 (.const:ti_sysbios_knl_Semaphore_A_noEvents__C)
                  00008f30    00000004     empty_pem3.oem3 (.const:ti_sysbios_knl_Semaphore_A_overflow__C)
                  00008f34    00000004     empty_pem3.oem3 (.const:ti_sysbios_knl_Semaphore_A_pendTaskDisabled__C)
                  00008f38    00000004     empty_pem3.oem3 (.const:ti_sysbios_knl_Semaphore_Instance_State_pendQ__O)
                  00008f3c    00000004     empty_pem3.oem3 (.const:ti_sysbios_knl_Semaphore_Module__diagsEnabled__C)
                  00008f40    00000004     empty_pem3.oem3 (.const:ti_sysbios_knl_Semaphore_Module__diagsIncluded__C)
                  00008f44    00000004     empty_pem3.oem3 (.const:ti_sysbios_knl_Semaphore_Module__diagsMask__C)
                  00008f48    00000004     empty_pem3.oem3 (.const:ti_sysbios_knl_Swi_A_badPriority__C)
                  00008f4c    00000004     empty_pem3.oem3 (.const:ti_sysbios_knl_Swi_Module__diagsEnabled__C)
                  00008f50    00000004     empty_pem3.oem3 (.const:ti_sysbios_knl_Swi_Module__diagsIncluded__C)
                  00008f54    00000004     empty_pem3.oem3 (.const:ti_sysbios_knl_Swi_Module__diagsMask__C)
                  00008f58    00000004     empty_pem3.oem3 (.const:ti_sysbios_knl_Swi_Object__count__C)
                  00008f5c    00000004     empty_pem3.oem3 (.const:ti_sysbios_knl_Task_A_badPriority__C)
                  00008f60    00000004     empty_pem3.oem3 (.const:ti_sysbios_knl_Task_A_badTaskState__C)
                  00008f64    00000004     empty_pem3.oem3 (.const:ti_sysbios_knl_Task_A_badThreadType__C)
                  00008f68    00000004     empty_pem3.oem3 (.const:ti_sysbios_knl_Task_A_badTimeout__C)
                  00008f6c    00000004     empty_pem3.oem3 (.const:ti_sysbios_knl_Task_A_noPendElem__C)
                  00008f70    00000004     empty_pem3.oem3 (.const:ti_sysbios_knl_Task_A_sleepTaskDisabled__C)
                  00008f74    00000004     empty_pem3.oem3 (.const:ti_sysbios_knl_Task_E_spOutOfBounds__C)
                  00008f78    00000004     empty_pem3.oem3 (.const:ti_sysbios_knl_Task_E_stackOverflow__C)
                  00008f7c    00000004     empty_pem3.oem3 (.const:ti_sysbios_knl_Task_Module_State_inactiveQ__O)
                  00008f80    00000004     empty_pem3.oem3 (.const:ti_sysbios_knl_Task_Module__diagsEnabled__C)
                  00008f84    00000004     empty_pem3.oem3 (.const:ti_sysbios_knl_Task_Module__diagsIncluded__C)
                  00008f88    00000004     empty_pem3.oem3 (.const:ti_sysbios_knl_Task_Module__diagsMask__C)
                  00008f8c    00000004     empty_pem3.oem3 (.const:ti_sysbios_knl_Task_Object__count__C)
                  00008f90    00000004     empty_pem3.oem3 (.const:ti_sysbios_knl_Task_allBlockedFunc__C)
                  00008f94    00000004     empty_pem3.oem3 (.const:ti_sysbios_knl_Task_defaultStackHeap__C)
                  00008f98    00000004     empty_pem3.oem3 (.const:ti_sysbios_knl_Task_defaultStackSize__C)
                  00008f9c    00000004     empty_pem3.oem3 (.const:ti_sysbios_knl_Task_numConstructedTasks__C)
                  00008fa0    00000004     empty_pem3.oem3 (.const:xdc_runtime_Assert_E_assertFailed__C)
                  00008fa4    00000004     empty_pem3.oem3 (.const:xdc_runtime_Core_A_initializedParams__C)
                  00008fa8    00000004     empty_pem3.oem3 (.const:xdc_runtime_Core_Module__diagsEnabled__C)
                  00008fac    00000004     empty_pem3.oem3 (.const:xdc_runtime_Core_Module__diagsIncluded__C)
                  00008fb0    00000004     empty_pem3.oem3 (.const:xdc_runtime_Core_Module__diagsMask__C)
                  00008fb4    00000004     empty_pem3.oem3 (.const:xdc_runtime_Error_E_memory__C)
                  00008fb8    00000004     empty_pem3.oem3 (.const:xdc_runtime_Error_Module__diagsEnabled__C)
                  00008fbc    00000004     empty_pem3.oem3 (.const:xdc_runtime_Error_Module__diagsIncluded__C)
                  00008fc0    00000004     empty_pem3.oem3 (.const:xdc_runtime_Error_Module__diagsMask__C)
                  00008fc4    00000004     empty_pem3.oem3 (.const:xdc_runtime_Error_Module__loggerFxn8__C)
                  00008fc8    00000004     empty_pem3.oem3 (.const:xdc_runtime_Error_Module__loggerObj__C)
                  00008fcc    00000004     empty_pem3.oem3 (.const:xdc_runtime_Error_policyFxn__C)
                  00008fd0    00000004     empty_pem3.oem3 (.const:xdc_runtime_Error_raiseHook__C)
                  00008fd4    00000004     empty_pem3.oem3 (.const:xdc_runtime_IGateProvider_Interface__BASE__C)
                  00008fd8    00000004     empty_pem3.oem3 (.const:xdc_runtime_IHeap_Interface__BASE__C)
                  00008fdc    00000004     empty_pem3.oem3 (.const:xdc_runtime_IModule_Interface__BASE__C)
                  00008fe0    00000004     empty_pem3.oem3 (.const:xdc_runtime_Log_L_error__C)
                  00008fe4    00000004     empty_pem3.oem3 (.const:xdc_runtime_Memory_defaultHeapInstance__C)
                  00008fe8    00000004     empty_pem3.oem3 (.const:xdc_runtime_Startup_execImpl__C)
                  00008fec    00000004     empty_pem3.oem3 (.const:xdc_runtime_Startup_maxPasses__C)
                  00008ff0    00000004     empty_pem3.oem3 (.const:xdc_runtime_Startup_sfxnRts__C)
                  00008ff4    00000004     empty_pem3.oem3 (.const:xdc_runtime_Startup_sfxnTab__C)
                  00008ff8    00000004     empty_pem3.oem3 (.const:xdc_runtime_SysMin_bufSize__C)
                  00008ffc    00000004     empty_pem3.oem3 (.const:xdc_runtime_SysMin_outputFunc__C)
                  00009000    00000004     empty_pem3.oem3 (.const:xdc_runtime_System_Module__gateObj__C)
                  00009004    00000004     empty_pem3.oem3 (.const:xdc_runtime_System_abortFxn__C)
                  00009008    00000004     empty_pem3.oem3 (.const:xdc_runtime_System_exitFxn__C)
                  0000900c    00000004     empty_pem3.oem3 (.const:xdc_runtime_System_extendFxn__C)
                  00009010    00000004     empty_pem3.oem3 (.const:xdc_runtime_System_maxAtexitHandlers__C)
                  00009014    00000004     empty_pem3.oem3 (.const:xdc_runtime_Text_charTab__C)
                  00009018    00000004     empty_pem3.oem3 (.const:xdc_runtime_Text_nameEmpty__C)
                  0000901c    00000004     empty_pem3.oem3 (.const:xdc_runtime_Text_nameStatic__C)
                  00009020    00000004     empty_pem3.oem3 (.const:xdc_runtime_Text_nameUnknown__C)
                  00009024    00000004     empty_pem3.oem3 (.const:xdc_runtime_Text_nodeTab__C)
                  00009028    00000004     empty_pem3.oem3 (.const:xdc_runtime_Text_visitRopeFxn__C)
                  0000902c    00000002     empty_pem3.oem3 (.const:ti_sysbios_hal_Hwi_Module__id__C)
                  0000902e    00000002     empty_pem3.oem3 (.const:ti_sysbios_heaps_HeapMem_Module__id__C)
                  00009030    00000002     empty_pem3.oem3 (.const:ti_sysbios_knl_Clock_Module__id__C)
                  00009032    00000002     empty_pem3.oem3 (.const:ti_sysbios_knl_Semaphore_Module__id__C)
                  00009034    00000002     empty_pem3.oem3 (.const:ti_sysbios_knl_Swi_Module__id__C)
                  00009036    00000002     empty_pem3.oem3 (.const:ti_sysbios_knl_Task_Module__id__C)
                  00009038    00000002     empty_pem3.oem3 (.const:xdc_runtime_Core_Module__id__C)
                  0000903a    00000002     empty_pem3.oem3 (.const:xdc_runtime_Error_Module__loggerDefined__C)
                  0000903c    00000002     empty_pem3.oem3 (.const:xdc_runtime_Error_maxDepth__C)
                  0000903e    00000002     empty_pem3.oem3 (.const:xdc_runtime_Memory_Module__id__C)
                  00009040    00000002     empty_pem3.oem3 (.const:xdc_runtime_SysMin_flushAtExit__C)
                  00009042    00000002     empty_pem3.oem3 (.const:xdc_runtime_Text_charCnt__C)
                  00009044    00000002     empty_pem3.oem3 (.const:xdc_runtime_Text_isLoaded__C)
                  00009046    00000002     empty_pem3.oem3 (.const:xdc_runtime_Text_registryModsLastId__C)
                  00009048    00000002     empty_pem3.oem3 (.const:xdc_runtime_Text_unnamedModsLastId__C)
                  0000904a    00000001     empty_pem3.oem3 (.const:xdc_runtime_Error_policy__C)

.cinit     0    00009050    00000358     
                  00009050    00000321     (.cinit..data.load) [load image, compression = rle]
                  00009371    00000003     --HOLE-- [fill = 0]
                  00009374    0000000c     (__TI_handler_table)
                  00009380    00000008     (.cinit..bss.load) [load image, compression = zero_init]
                  00009388    00000008     (.cinit..vecs.load) [load image, compression = zero_init]
                  00009390    00000018     (__TI_cinit_table)

.init_array 
*          0    00000000    00000000     UNINITIALIZED

.resetVecs 
*          0    00000000    0000003c     
                  00000000    0000003c     empty_pem3.oem3 (.resetVecs)

.ccfg      0    0001ffa8    00000058     
                  0001ffa8    00000058     ccfg.obj (.ccfg:retain)

.vecs      0    20000000    000000dc     UNINITIALIZED
                  20000000    000000dc     empty_pem3.oem3 (.vecs)

.bss       0    200000e0    00000d1d     UNINITIALIZED
                  200000e0    00000400     empty_pem3.oem3 (.bss:ti_sysbios_heaps_HeapMem_Instance_State_0_buf__A)
                  200004e0    0000030c     empty.obj (.bss:task0Stack)
                  200007ec    00000004     (.common:PIN_NumPins)
                  200007f0    00000200     empty_pem3.oem3 (.bss:taskStackSection)
                  200009f0    00000120     rtsv7M3_T_le_eabi.lib : trgmsg.obj (.bss:__CIOBUF_)
                  20000b10    000000dc     empty_pem3.oem3 (.bss:ti_sysbios_family_arm_m3_Hwi_dispatchTable)
                  20000bec    00000080     empty_pem3.oem3 (.bss:xdc_runtime_SysMin_Module_State_0_outbuf__A)
                  20000c6c    0000007c     drivers_cc26xxware.aem3 : PINCC26XX.oem3 (.bss:PIN_HandleTable)
                  20000ce8    00000050     empty.obj (.bss:task0Struct)
                  20000d38    00000034     drivers_cc26xxware.aem3 : PINCC26XX.oem3 (.bss:PinSwi)
                  20000d6c    00000020     (.common:PinGpioConfigTable)
                  20000d8c    0000001c     (.common:PinHwi)
                  20000da8    0000001c     (.common:PinSem)
                  20000dc4    00000014     (.common:oscHfGlobals)
                  20000dd8    0000000c     (.common:ledPinState)
                  20000de4    00000008     (.common:parmbuf)
                  20000dec    00000008     (.common:powerQualGlobals)
                  20000df4    00000004     (.common:ledPinHandle)
                  20000df8    00000004     (.common:pPinGpio)
                  20000dfc    00000001     (.common:driverlib_release_0_45566)

.data      0    20000e00    0000051c     UNINITIALIZED
                  20000e00    00000120     empty_pem3.oem3 (.data)
                  20000f20    0000010c     drivers_cc26xxware.aem3 : PowerCC26XX.oem3 (.data:PowerCC26XX_module)
                  2000102c    00000080     empty_pem3.oem3 (.data:ti_sysbios_knl_Swi_Module_State_0_readyQ__A)
                  200010ac    00000080     empty_pem3.oem3 (.data:ti_sysbios_knl_Task_Module_State_0_readyQ__A)
                  2000112c    0000004c     empty_pem3.oem3 (.data:ti_sysbios_knl_Task_Object__table__V)
                  20001178    00000048     empty_pem3.oem3 (.data:ti_sysbios_family_arm_cc26xx_Timer_Object__table__V)
                  200011c0    00000044     empty_pem3.oem3 (.data:ti_sysbios_knl_Task_Module__state__V)
                  20001204    00000038     empty_pem3.oem3 (.data:ti_sysbios_gates_GateMutex_Object__table__V)
                  2000123c    00000034     empty_pem3.oem3 (.data:ti_sysbios_family_arm_m3_Hwi_Module__state__V)
                  20001270    00000030     empty_pem3.oem3 (.data:ti_sysbios_knl_Swi_Object__table__V)
                  200012a0    0000002c     empty_pem3.oem3 (.data:ti_sysbios_knl_Clock_Module__state__V)
                  200012cc    00000024     empty_pem3.oem3 (.data:ti_sysbios_BIOS_Module__state__V)
                  200012f0    00000018     empty.obj (.data)
                  20001308    00000008     rtsv7M3_T_le_eabi.lib : _lock.obj (.data)
                  20001310    00000008                           : exit.obj (.data)
                  20001318    00000004                           : stkdepth_vars.obj (.data)

.stack     0    20004d00    00000300     UNINITIALIZED
                  20004d00    00000300     --HOLE--

.bootVecs 
*          0    00000000    00000008     DSECT
                  00000000    00000008     boot.aem3 : boot.oem3 (.bootVecs)

xdc.meta   0    00000000    000000ee     COPY SECTION
                  00000000    000000ee     empty_pem3.oem3 (xdc.meta)

.TI.noinit 
*          0    200000e0    00000000     UNINITIALIZED

.TI.persistent 
*          0    20000e00    00000000     UNINITIALIZED


LINKER GENERATED COPY TABLES

__TI_cinit_table @ 00009390 records: 3, size/record: 8, table size: 24
	.data: load addr=00009050, load size=00000321 bytes, run addr=20000e00, run size=0000051c bytes, compression=rle
	.bss: load addr=00009380, load size=00000008 bytes, run addr=200000e0, run size=00000d1d bytes, compression=zero_init
	.vecs: load addr=00009388, load size=00000008 bytes, run addr=20000000, run size=000000dc bytes, compression=zero_init


LINKER GENERATED HANDLER TABLE

__TI_handler_table @ 00009374 records: 3, size/record: 4, table size: 12
	index: 0, handler: __TI_decompress_rle24
	index: 1, handler: __TI_decompress_none
	index: 2, handler: __TI_zero_init


GLOBAL SYMBOLS: SORTED ALPHABETICALLY BY Name 

address   name                                                       
-------   ----                                                       
00006335  AONBatMonTemperatureGetDegC                                
00008a10  BoardGpioInitTable                                         
00005811  C$$EXIT                                                    
000049e7  C$$IO$$                                                    
00005545  ChipInfo_GetChipFamily                                     
00004655  ChipInfo_GetHwRevision                                     
00006af9  ChipInfo_GetPackageType                                    
00000dd5  HOSTclock                                                  
00000d9d  HOSTclose                                                  
00000d5f  HOSTgetenv                                                 
00000d03  HOSTlseek                                                  
00000cb1  HOSTopen                                                   
00000c65  HOSTread                                                   
00000c07  HOSTrename                                                 
00000bcd  HOSTtime                                                   
00000b95  HOSTunlink                                                 
00000b49  HOSTwrite                                                  
0000714d  HwiP_restore                                               
00007105  List_empty                                                 
00007177  List_head                                                  
0000717b  List_next                                                  
00006d65  NOROM_AONRTCCurrent64BitValueGet                           
00006bb9  NOROM_AONRTCCurrentCompareValueGet                         
00006fe3  NOROM_CPUcpsid                                             
00006fef  NOROM_CPUcpsie                                             
00005a31  NOROM_DDI16BitfieldRead                                    
0000558d  NOROM_DDI16BitfieldWrite                                   
00006851  NOROM_OSCClockSourceGet                                    
00005415  NOROM_OSCClockSourceSet                                    
00006f81  NOROM_VIMSModeGet                                          
00004dad  OSCHF_AttemptToSwitchToXosc                                
00005cc1  OSCHF_SwitchToRcOscTurnOffXosc                             
00006bd1  OSCHF_TurnOnXosc                                           
00005af1  OSC_HPOSCRelativeFrequencyOffsetGet                        
00008e4c  PINCC26XX_hwAttrs                                          
20000c6c  PIN_HandleTable                                            
200007ec  PIN_NumPins                                                
00006d79  PIN_getOutputValue                                         
00001cdd  PIN_init                                                   
00004145  PIN_open                                                   
00005cf5  PIN_setConfig                                              
00005b2d  PIN_setOutputValue                                         
00004e09  PowerCC26XX_RCOSC_clockFunc                                
0000456d  PowerCC26XX_auxISR                                         
000047a1  PowerCC26XX_calibrate                                      
00008c7c  PowerCC26XX_config                                         
0000224d  PowerCC26XX_doCalibrate                                    
00004f79  PowerCC26XX_initiateCalibration                            
20000f20  PowerCC26XX_module                                         
000038b9  PowerCC26XX_standbyPolicy                                  
00006ffd  Power_getConstraintMask                                    
00007009  Power_getDependencyCount                                   
000067f9  Power_getTransitionLatency                                 
000068a5  Power_idleFunc                                             
00002bad  Power_init                                                 
00005f31  Power_releaseConstraint                                    
00003579  Power_releaseDependency                                    
00005f61  Power_setConstraint                                        
0000364d  Power_setDependency                                        
000012a9  Power_sleep                                                
00008c98  RFCC26XX_hwAttrs                                           
000057cd  ResetISR                                                   
UNDEFED   SHT$$INIT_ARRAY$$Base                                      
UNDEFED   SHT$$INIT_ARRAY$$Limit                                     
0000635d  SafeHapiVoid                                               
00006f8f  SignExtendVddrTrimValue                                    
00004e65  SysCtrlAdjustRechargeAfterPowerDown                        
000016f5  SysCtrlSetRechargeBeforePowerDown                          
00004951  SysCtrl_DCDC_VoltageConditionalControl                     
00006d8d  ThisCodeIsBuiltForCC26xxHwRev22AndLater_HaltIfViolated     
00000000  __ASM__                                                    
200009f0  __CIOBUF_                                                  
00000068  __ISA__                                                    
0000007a  __PLAT__                                                   
20005000  __STACK_END                                                
00000300  __STACK_SIZE                                               
000000a1  __TARG__                                                   
00009390  __TI_CINIT_Base                                            
000093a8  __TI_CINIT_Limit                                           
00009374  __TI_Handler_Table_Base                                    
00009380  __TI_Handler_Table_Limit                                   
00003cf9  __TI_auto_init                                             
20001310  __TI_cleanup_ptr                                           
00006f9d  __TI_decompress_none                                       
00007141  __TI_decompress_rle24                                      
20001314  __TI_dtors_ptr                                             
000049eb  __TI_readmsg                                               
00009050  __TI_static_base__                                         
000049b9  __TI_writemsg                                              
00007015  __TI_zero_init                                             
000000c6  __TRDR__                                                   
000044f3  __aeabi_idiv0                                              
00006c19  __aeabi_lmul                                               
00004479  __aeabi_memclr                                             
00004479  __aeabi_memclr4                                            
00004479  __aeabi_memclr8                                            
00003ed9  __aeabi_memcpy                                             
00003ed9  __aeabi_memcpy4                                            
00003ed9  __aeabi_memcpy8                                            
0000447b  __aeabi_memset                                             
0000447b  __aeabi_memset4                                            
0000447b  __aeabi_memset8                                            
00005a71  __aeabi_uidiv                                              
00005a71  __aeabi_uidivmod                                           
000018f9  __aeabi_uldivmod                                           
ffffffff  __binit__                                                  
ffffffff  __c_args__                                                 
0001ffa8  __ccfg                                                     
20004d00  __stack                                                    
0000713b  __xdc__init                                                
20000f1c  __xdc__init__addr                                          
00006c01  _args_main                                                 
000057cd  _c_int00                                                   
20001308  _lock                                                      
00006daf  _nop                                                       
00006da7  _register_lock                                             
00006da1  _register_unlock                                           
2000130c  _unlock                                                    
00005815  abort                                                      
ffffffff  binit                                                      
00005461  copy_in                                                    
20000dfc  driverlib_release_0_45566                                  
0000581d  exit                                                       
20001300  hal_timestamp                                              
00005fc1  heartBeatFxn                                               
200012f0  ledPinTable                                                
000027f1  main                                                       
20001318  main_func_sp                                               
00003ed9  memcpy                                                     
00004481  memset                                                     
20001304  mpl_key                                                    
200012fc  new_uart                                                   
00008c8c  pdmC26XXI2SHWAttrs                                         
00008a78  resourceDB                                                 
00006d21  strcpy                                                     
00006db5  strlen                                                     
200004e0  task0Stack                                                 
20000ce8  task0Struct                                                
200012cc  ti_sysbios_BIOS_Module__state__V                           
00006a43  ti_sysbios_BIOS_RtsGateProxy_Handle__label__S              
00006545  ti_sysbios_BIOS_RtsGateProxy_Object__delete__S             
00007183  ti_sysbios_BIOS_RtsGateProxy_enter__E                      
00007187  ti_sysbios_BIOS_RtsGateProxy_leave__E                      
0000719b  ti_sysbios_BIOS_RtsGateProxy_query__E                      
00005ff1  ti_sysbios_BIOS_atExitFunc__I                              
0000646d  ti_sysbios_BIOS_errorRaiseHook__I                          
00006d37  ti_sysbios_BIOS_exitFunc__I                                
00006e71  ti_sysbios_BIOS_exit__E                                    
00007021  ti_sysbios_BIOS_getThreadType__E                           
00004733  ti_sysbios_BIOS_nullFunc__I                                
00006491  ti_sysbios_BIOS_registerRTSLock__I                         
000064b5  ti_sysbios_BIOS_removeRTSLock__I                           
00006639  ti_sysbios_BIOS_rtsLock__I                                 
00006c31  ti_sysbios_BIOS_rtsUnlock__I                               
00006e81  ti_sysbios_BIOS_setThreadType__E                           
000064d9  ti_sysbios_BIOS_startFunc__I                               
00006e91  ti_sysbios_BIOS_start__E                                   
00003d99  ti_sysbios_family_arm_cc26xx_Boot_trimDevice               
20000e00  ti_sysbios_family_arm_cc26xx_Timer_Module__root__V         
00006c49  ti_sysbios_family_arm_cc26xx_Timer_Module__startupDone__F  
00006c49  ti_sysbios_family_arm_cc26xx_Timer_Module__startupDone__S  
20000e08  ti_sysbios_family_arm_cc26xx_Timer_Module__state__V        
000064fd  ti_sysbios_family_arm_cc26xx_Timer_Module_startup__E       
20001178  ti_sysbios_family_arm_cc26xx_Timer_Object__table__V        
00006659  ti_sysbios_family_arm_cc26xx_Timer_dynamicStub__E          
0000718b  ti_sysbios_family_arm_cc26xx_Timer_getCount64__E           
00005bdf  ti_sysbios_family_arm_cc26xx_Timer_getCurrentTick__E       
00006385  ti_sysbios_family_arm_cc26xx_Timer_getMaxTicks__E          
00005d29  ti_sysbios_family_arm_cc26xx_Timer_initDevice__I           
000065d5  ti_sysbios_family_arm_cc26xx_Timer_postInit__I             
00005efd  ti_sysbios_family_arm_cc26xx_Timer_setNextTick__E          
0000718f  ti_sysbios_family_arm_cc26xx_Timer_setPeriod__E            
00006021  ti_sysbios_family_arm_cc26xx_Timer_setThreshold__I         
00004c25  ti_sysbios_family_arm_cc26xx_Timer_start__E                
00008e7c  ti_sysbios_family_arm_cc26xx_Timer_startupNeeded__C        
00006521  ti_sysbios_family_arm_cc26xx_Timer_startup__E              
00008e80  ti_sysbios_family_arm_m3_Hwi_E_NMI__C                      
00008e84  ti_sysbios_family_arm_m3_Hwi_E_alreadyDefined__C           
00008e88  ti_sysbios_family_arm_m3_Hwi_E_busFault__C                 
00008e8c  ti_sysbios_family_arm_m3_Hwi_E_debugMon__C                 
00008e90  ti_sysbios_family_arm_m3_Hwi_E_hardFault__C                
00008e94  ti_sysbios_family_arm_m3_Hwi_E_memFault__C                 
00008e98  ti_sysbios_family_arm_m3_Hwi_E_noIsr__C                    
00008e9c  ti_sysbios_family_arm_m3_Hwi_E_reserved__C                 
00008ea0  ti_sysbios_family_arm_m3_Hwi_E_svCall__C                   
00008ea4  ti_sysbios_family_arm_m3_Hwi_E_usageFault__C               
000069f5  ti_sysbios_family_arm_m3_Hwi_Handle__label__S              
00006051  ti_sysbios_family_arm_m3_Hwi_Instance_finalize__E          
000041d9  ti_sysbios_family_arm_m3_Hwi_Instance_init__E              
20000e30  ti_sysbios_family_arm_m3_Hwi_Module_State_0_excActive__A   
20000e34  ti_sysbios_family_arm_m3_Hwi_Module_State_0_excContext__A  
20000e38  ti_sysbios_family_arm_m3_Hwi_Module_State_0_excStack__A    
00008a0e  ti_sysbios_family_arm_m3_Hwi_Module__id__C                 
20000e10  ti_sysbios_family_arm_m3_Hwi_Module__root__V               
00006c61  ti_sysbios_family_arm_m3_Hwi_Module__startupDone__F        
00006c61  ti_sysbios_family_arm_m3_Hwi_Module__startupDone__S        
2000123c  ti_sysbios_family_arm_m3_Hwi_Module__state__V              
00005665  ti_sysbios_family_arm_m3_Hwi_Module_startup__E             
00008ea8  ti_sysbios_family_arm_m3_Hwi_NUM_INTERRUPTS__C             
00008c9c  ti_sysbios_family_arm_m3_Hwi_Object__DESC__C               
00008b48  ti_sysbios_family_arm_m3_Hwi_Object__PARAMS__C             
00008eac  ti_sysbios_family_arm_m3_Hwi_Object__count__C              
00006dc9  ti_sysbios_family_arm_m3_Hwi_Object__get__S                
20000e18  ti_sysbios_family_arm_m3_Hwi_Object__table__V              
0000702d  ti_sysbios_family_arm_m3_Hwi_Params__init__S               
[...]
0000712b  ti_sysbios_family_arm_m3_Hwi_startup__E                    
0000712b  ti_sysbios_hal_Hwi_HwiProxy_startup__E                     
00007133  ti_sysbios_knl_Idle_loop__E                                
0000713b  __xdc__init                                                
00007141  __TI_decompress_rle24                                      
00007147  ti_sysbios_family_arm_m3_Hwi_doTaskRestore__I              
0000714d  HwiP_restore                                               
0000714d  ti_sysbios_family_arm_m3_Hwi_restoreFxn__E                 
0000714d  ti_sysbios_hal_Hwi_HwiProxy_restore__E                     
00007153  ti_sysbios_gates_GateHwi_leave__E                          
00007159  ti_sysbios_heaps_HeapMem_isBlocking__E                     
0000715f  ti_sysbios_knl_Queue_Instance_init__E                      
00007165  ti_sysbios_knl_Queue_elemClear__E                          
0000716b  ti_sysbios_knl_Swi_startup__E                              
00007171  xdc_runtime_System_Module_startup__E                       
00007177  List_head                                                  
0000717b  List_next                                                  
00007183  ti_sysbios_BIOS_RtsGateProxy_enter__E                      
00007187  ti_sysbios_BIOS_RtsGateProxy_leave__E                      
0000718b  ti_sysbios_family_arm_cc26xx_Timer_getCount64__E           
0000718f  ti_sysbios_family_arm_cc26xx_Timer_setPeriod__E            
00007193  ti_sysbios_family_arm_m3_TaskSupport_Module__startupDone__S
00007193  ti_sysbios_knl_Task_SupportProxy_Module__startupDone__S    
00007197  ti_sysbios_gates_GateHwi_query__E                          
00007197  xdc_runtime_Main_Module_GateProxy_query__E                 
00007197  xdc_runtime_System_Module_GateProxy_query__E               
0000719b  ti_sysbios_BIOS_RtsGateProxy_query__E                      
0000719b  ti_sysbios_gates_GateMutex_query__E                        
0000719b  ti_sysbios_heaps_HeapMem_Module_GateProxy_query__E         
0000719f  ti_sysbios_heaps_HeapMem_Module_GateProxy_enter__E         
000071a3  ti_sysbios_heaps_HeapMem_Module_GateProxy_leave__E         
000071a7  ti_sysbios_knl_Clock_TimerProxy_getCurrentTick__E          
000071ab  ti_sysbios_knl_Clock_TimerProxy_getMaxTicks__E             
000071af  ti_sysbios_knl_Clock_TimerProxy_setNextTick__E             
000071b3  ti_sysbios_knl_Clock_removeI__E                            
000071b7  ti_sysbios_knl_Clock_setTimeout__E                         
000071bb  ti_sysbios_knl_Queue_destruct                              
000071bf  ti_sysbios_knl_Queue_head__E                               
000071c3  ti_sysbios_knl_Queue_next__E                               
000071c7  ti_sysbios_knl_Semaphore_destruct                          
000071cb  ti_sysbios_knl_Swi_postInit__I                             
000071cf  ti_sysbios_knl_Task_startup__E                             
000071d3  xdc_runtime_Error_getSite__E                               
000071d7  xdc_runtime_System_Module_GateProxy_enter__E               
000071db  xdc_runtime_System_Module_GateProxy_leave__E               
000071df  xdc_runtime_System_aprintf_va__F                           
000071e3  xdc_runtime_System_printf_va__F                            
000071e8  xdc_runtime_Text_charTab__A                                
00008966  xdc_runtime_Text_nodeTab__A                                
00008a0e  ti_sysbios_family_arm_m3_Hwi_Module__id__C                 
00008a10  BoardGpioInitTable                                         
00008a78  resourceDB                                                 
00008b0c  ti_sysbios_knl_Task_Object__PARAMS__C                      
00008b48  ti_sysbios_family_arm_m3_Hwi_Object__PARAMS__C             
00008b78  ti_sysbios_heaps_HeapMem_Module__FXNS__C                   
00008ba0  ti_sysbios_knl_Swi_Object__PARAMS__C                       
00008bc8  ti_sysbios_gates_GateHwi_Module__FXNS__C                   
00008bec  ti_sysbios_gates_GateMutex_Module__FXNS__C                 
00008c10  ti_sysbios_heaps_HeapMem_Object__PARAMS__C                 
00008c34  ti_sysbios_knl_Clock_Object__PARAMS__C                     
00008c58  ti_sysbios_knl_Semaphore_Object__PARAMS__C                 
00008c7c  PowerCC26XX_config                                         
00008c8c  pdmC26XXI2SHWAttrs                                         
00008c98  RFCC26XX_hwAttrs                                           
00008c9c  ti_sysbios_family_arm_m3_Hwi_Object__DESC__C               
00008cbc  ti_sysbios_gates_GateHwi_Object__DESC__C                   
00008cdc  ti_sysbios_gates_GateMutex_Object__DESC__C                 
00008cfc  ti_sysbios_heaps_HeapMem_Object__DESC__C                   
00008d1c  ti_sysbios_knl_Clock_Object__DESC__C                       
00008d3c  ti_sysbios_knl_Queue_Object__DESC__C                       
00008d5c  ti_sysbios_knl_Semaphore_Object__DESC__C                   
00008d7c  ti_sysbios_knl_Swi_Object__DESC__C                         
00008d9c  ti_sysbios_knl_Task_Object__DESC__C                        
00008dbc  xdc_runtime_Startup_sfxnTab__A                             
00008ddc  ti_sysbios_gates_GateHwi_Object__PARAMS__C                 
00008df4  ti_sysbios_gates_GateMutex_Object__PARAMS__C               
00008e0c  ti_sysbios_knl_Queue_Object__PARAMS__C                     
00008e24  xdc_runtime_Startup_sfxnRts__A                             
00008e34  xdc_runtime_Startup_firstFxns__A                           
00008e4a  ti_sysbios_gates_GateMutex_Module__id__C                   
00008e4c  PINCC26XX_hwAttrs                                          
00008e54  ti_sysbios_family_arm_m3_Hwi_excHookFuncs__A               
00008e5c  ti_sysbios_knl_Idle_funcList__A                            
00008e64  ti_sysbios_knl_Idle_funcList__C                            
00008e6c  xdc_runtime_Startup_firstFxns__C                           
00008e74  xdc_runtime_Startup_lastFxns__C                            
00008e7c  ti_sysbios_family_arm_cc26xx_Timer_startupNeeded__C        
00008e80  ti_sysbios_family_arm_m3_Hwi_E_NMI__C                      
00008e84  ti_sysbios_family_arm_m3_Hwi_E_alreadyDefined__C           
00008e88  ti_sysbios_family_arm_m3_Hwi_E_busFault__C                 
00008e8c  ti_sysbios_family_arm_m3_Hwi_E_debugMon__C                 
00008e90  ti_sysbios_family_arm_m3_Hwi_E_hardFault__C                
00008e94  ti_sysbios_family_arm_m3_Hwi_E_memFault__C                 
00008e98  ti_sysbios_family_arm_m3_Hwi_E_noIsr__C                    
00008e9c  ti_sysbios_family_arm_m3_Hwi_E_reserved__C                 
00008ea0  ti_sysbios_family_arm_m3_Hwi_E_svCall__C                   
00008ea4  ti_sysbios_family_arm_m3_Hwi_E_usageFault__C               
00008ea8  ti_sysbios_family_arm_m3_Hwi_NUM_INTERRUPTS__C             
00008eac  ti_sysbios_family_arm_m3_Hwi_Object__count__C              
00008eb0  ti_sysbios_family_arm_m3_Hwi_ccr__C                        
00008eb4  ti_sysbios_family_arm_m3_Hwi_excHandlerFunc__C             
00008eb8  ti_sysbios_family_arm_m3_Hwi_excHookFuncs__C               
00008ebc  ti_sysbios_family_arm_m3_Hwi_nullIsrFunc__C                
00008ec0  ti_sysbios_family_arm_m3_Hwi_priGroup__C                   
00008ec4  ti_sysbios_family_arm_m3_TaskSupport_stackAlignment__C     
00008ec8  ti_sysbios_gates_GateMutex_A_badContext__C                 
00008ecc  ti_sysbios_gates_GateMutex_Instance_State_sem__O           
00008ed0  ti_sysbios_gates_GateMutex_Module__diagsEnabled__C         
00008ed4  ti_sysbios_gates_GateMutex_Module__diagsIncluded__C        
00008ed8  ti_sysbios_gates_GateMutex_Module__diagsMask__C            
00008edc  ti_sysbios_hal_Hwi_E_stackOverflow__C                      
00008ee0  ti_sysbios_heaps_HeapMem_A_align__C                        
00008ee4  ti_sysbios_heaps_HeapMem_A_heapSize__C                     
00008ee8  ti_sysbios_heaps_HeapMem_A_invalidFree__C                  
00008eec  ti_sysbios_heaps_HeapMem_A_zeroBlock__C                    
00008ef0  ti_sysbios_heaps_HeapMem_E_memory__C                       
00008ef4  ti_sysbios_heaps_HeapMem_Module__diagsEnabled__C           
00008ef8  ti_sysbios_heaps_HeapMem_Module__diagsIncluded__C          
00008efc  ti_sysbios_heaps_HeapMem_Module__diagsMask__C              
00008f00  ti_sysbios_heaps_HeapMem_Module__gateObj__C                
00008f04  ti_sysbios_heaps_HeapMem_Object__count__C                  
00008f08  ti_sysbios_heaps_HeapMem_reqAlign__C                       
00008f0c  ti_sysbios_knl_Clock_A_badThreadType__C                    
00008f10  ti_sysbios_knl_Clock_Module_State_clockQ__O                
00008f14  ti_sysbios_knl_Clock_Module__diagsEnabled__C               
00008f18  ti_sysbios_knl_Clock_Module__diagsIncluded__C              
00008f1c  ti_sysbios_knl_Clock_Module__diagsMask__C                  
00008f20  ti_sysbios_knl_Clock_tickPeriod__C                         
00008f24  ti_sysbios_knl_Clock_triggerClock__C                       
00008f28  ti_sysbios_knl_Semaphore_A_badContext__C                   
00008f2c  ti_sysbios_knl_Semaphore_A_noEvents__C                     
00008f30  ti_sysbios_knl_Semaphore_A_overflow__C                     
00008f34  ti_sysbios_knl_Semaphore_A_pendTaskDisabled__C             
00008f38  ti_sysbios_knl_Semaphore_Instance_State_pendQ__O           
00008f3c  ti_sysbios_knl_Semaphore_Module__diagsEnabled__C           
00008f40  ti_sysbios_knl_Semaphore_Module__diagsIncluded__C          
00008f44  ti_sysbios_knl_Semaphore_Module__diagsMask__C              
00008f48  ti_sysbios_knl_Swi_A_badPriority__C                        
00008f4c  ti_sysbios_knl_Swi_Module__diagsEnabled__C                 
00008f50  ti_sysbios_knl_Swi_Module__diagsIncluded__C                
00008f54  ti_sysbios_knl_Swi_Module__diagsMask__C                    
00008f58  ti_sysbios_knl_Swi_Object__count__C                        
00008f5c  ti_sysbios_knl_Task_A_badPriority__C                       
00008f60  ti_sysbios_knl_Task_A_badTaskState__C                      
00008f64  ti_sysbios_knl_Task_A_badThreadType__C                     
00008f68  ti_sysbios_knl_Task_A_badTimeout__C                        
00008f6c  ti_sysbios_knl_Task_A_noPendElem__C                        
00008f70  ti_sysbios_knl_Task_A_sleepTaskDisabled__C                 
00008f74  ti_sysbios_knl_Task_E_spOutOfBounds__C                     
00008f78  ti_sysbios_knl_Task_E_stackOverflow__C                     
00008f7c  ti_sysbios_knl_Task_Module_State_inactiveQ__O              
00008f80  ti_sysbios_knl_Task_Module__diagsEnabled__C                
00008f84  ti_sysbios_knl_Task_Module__diagsIncluded__C               
00008f88  ti_sysbios_knl_Task_Module__diagsMask__C                   
00008f8c  ti_sysbios_knl_Task_Object__count__C                       
00008f90  ti_sysbios_knl_Task_allBlockedFunc__C                      
00008f94  ti_sysbios_knl_Task_defaultStackHeap__C                    
00008f98  ti_sysbios_knl_Task_defaultStackSize__C                    
00008f9c  ti_sysbios_knl_Task_numConstructedTasks__C                 
00008fa0  xdc_runtime_Assert_E_assertFailed__C                       
00008fa4  xdc_runtime_Core_A_initializedParams__C                    
00008fa8  xdc_runtime_Core_Module__diagsEnabled__C                   
00008fac  xdc_runtime_Core_Module__diagsIncluded__C                  
00008fb0  xdc_runtime_Core_Module__diagsMask__C                      
00008fb4  xdc_runtime_Error_E_memory__C                              
00008fb8  xdc_runtime_Error_Module__diagsEnabled__C                  
00008fbc  xdc_runtime_Error_Module__diagsIncluded__C                 
00008fc0  xdc_runtime_Error_Module__diagsMask__C                     
00008fc4  xdc_runtime_Error_Module__loggerFxn8__C                    
00008fc8  xdc_runtime_Error_Module__loggerObj__C                     
00008fcc  xdc_runtime_Error_policyFxn__C                             
00008fd0  xdc_runtime_Error_raiseHook__C                             
00008fd4  xdc_runtime_IGateProvider_Interface__BASE__C               
00008fd8  xdc_runtime_IHeap_Interface__BASE__C                       
00008fdc  xdc_runtime_IModule_Interface__BASE__C                     
00008fe0  xdc_runtime_Log_L_error__C                                 
00008fe4  xdc_runtime_Memory_defaultHeapInstance__C                  
00008fe8  xdc_runtime_Startup_execImpl__C                            
00008fec  xdc_runtime_Startup_maxPasses__C                           
00008ff0  xdc_runtime_Startup_sfxnRts__C                             
00008ff4  xdc_runtime_Startup_sfxnTab__C                             
00008ff8  xdc_runtime_SysMin_bufSize__C                              
00008ffc  xdc_runtime_SysMin_outputFunc__C                           
00009000  xdc_runtime_System_Module__gateObj__C                      
00009004  xdc_runtime_System_abortFxn__C                             
00009008  xdc_runtime_System_exitFxn__C                              
0000900c  xdc_runtime_System_extendFxn__C                            
00009010  xdc_runtime_System_maxAtexitHandlers__C                    
00009014  xdc_runtime_Text_charTab__C                                
00009018  xdc_runtime_Text_nameEmpty__C                              
0000901c  xdc_runtime_Text_nameStatic__C                             
00009020  xdc_runtime_Text_nameUnknown__C                            
00009024  xdc_runtime_Text_nodeTab__C                                
00009028  xdc_runtime_Text_visitRopeFxn__C                           
0000902c  ti_sysbios_hal_Hwi_Module__id__C                           
0000902e  ti_sysbios_heaps_HeapMem_Module__id__C                     
00009030  ti_sysbios_knl_Clock_Module__id__C                         
00009032  ti_sysbios_knl_Semaphore_Module__id__C                     
00009034  ti_sysbios_knl_Swi_Module__id__C                           
00009036  ti_sysbios_knl_Task_Module__id__C                          
00009038  xdc_runtime_Core_Module__id__C                             
0000903a  xdc_runtime_Error_Module__loggerDefined__C                 
0000903c  xdc_runtime_Error_maxDepth__C                              
0000903e  xdc_runtime_Memory_Module__id__C                           
00009040  xdc_runtime_SysMin_flushAtExit__C                          
00009042  xdc_runtime_Text_charCnt__C                                
00009044  xdc_runtime_Text_isLoaded__C                               
00009046  xdc_runtime_Text_registryModsLastId__C                     
00009048  xdc_runtime_Text_unnamedModsLastId__C                      
0000904a  xdc_runtime_Error_policy__C                                
00009050  __TI_static_base__                                         
00009374  __TI_Handler_Table_Base                                    
00009380  __TI_Handler_Table_Limit                                   
00009390  __TI_CINIT_Base                                            
000093a8  __TI_CINIT_Limit                                           
0001ffa8  __ccfg                                                     
20000000  ti_sysbios_family_arm_m3_Hwi_ramVectors                    
200000e0  ti_sysbios_heaps_HeapMem_Instance_State_0_buf__A           
200004e0  task0Stack                                                 
200007ec  PIN_NumPins                                                
200007f0  ti_sysbios_knl_Task_Instance_State_0_stack__A              
200009f0  __CIOBUF_                                                  
20000b10  ti_sysbios_family_arm_m3_Hwi_dispatchTable                 
20000bec  xdc_runtime_SysMin_Module_State_0_outbuf__A                
20000c6c  PIN_HandleTable                                            
20000ce8  task0Struct                                                
20000dfc  driverlib_release_0_45566                                  
20000e00  ti_sysbios_family_arm_cc26xx_Timer_Module__root__V         
20000e08  ti_sysbios_family_arm_cc26xx_Timer_Module__state__V        
20000e10  ti_sysbios_family_arm_m3_Hwi_Module__root__V               
20000e18  ti_sysbios_family_arm_m3_Hwi_Object__table__V              
20000e30  ti_sysbios_family_arm_m3_Hwi_Module_State_0_excActive__A   
20000e34  ti_sysbios_family_arm_m3_Hwi_Module_State_0_excContext__A  
20000e38  ti_sysbios_family_arm_m3_Hwi_Module_State_0_excStack__A    
20000e3c  ti_sysbios_gates_GateHwi_Module__root__V                   
20000e44  ti_sysbios_gates_GateHwi_Object__table__V                  
20000e48  ti_sysbios_gates_GateMutex_Module__root__V                 
20000e50  ti_sysbios_hal_Hwi_Module__root__V                         
20000e58  ti_sysbios_heaps_HeapMem_Module__root__V                   
20000e60  ti_sysbios_heaps_HeapMem_Object__table__V                  
20000e78  ti_sysbios_knl_Clock_Module__root__V                       
20000e80  ti_sysbios_knl_Clock_Object__table__V                      
20000ea0  ti_sysbios_knl_Queue_Module__root__V                       
20000ea8  ti_sysbios_knl_Semaphore_Module__root__V                   
20000eb0  ti_sysbios_knl_Swi_Module__root__V                         
20000eb8  ti_sysbios_knl_Swi_Module__state__V                        
20000ed4  ti_sysbios_knl_Task_Module__root__V                        
20000edc  ti_sysbios_knl_Task_Module_State_0_idleTask__A             
20000ee0  xdc_runtime_Error_Module__state__V                         
20000ee4  xdc_runtime_Memory_Module__state__V                        
20000ee8  xdc_runtime_Registry_Module__state__V                      
20000ef0  xdc_runtime_Startup_Module__state__V                       
20000ef8  xdc_runtime_SysMin_Module__state__V                        
20000f04  xdc_runtime_System_Module_State_0_atexitHandlers__A        
20000f0c  xdc_runtime_System_Module__state__V                        
20000f14  xdc_runtime_Text_Module__state__V                          
20000f1c  __xdc__init__addr                                          
20000f20  PowerCC26XX_module                                         
2000102c  ti_sysbios_knl_Swi_Module_State_0_readyQ__A                
200010ac  ti_sysbios_knl_Task_Module_State_0_readyQ__A               
2000112c  ti_sysbios_knl_Task_Object__table__V                       
20001178  ti_sysbios_family_arm_cc26xx_Timer_Object__table__V        
200011c0  ti_sysbios_knl_Task_Module__state__V                       
20001204  ti_sysbios_gates_GateMutex_Object__table__V                
2000123c  ti_sysbios_family_arm_m3_Hwi_Module__state__V              
20001270  ti_sysbios_knl_Swi_Object__table__V                        
200012a0  ti_sysbios_knl_Clock_Module__state__V                      
200012cc  ti_sysbios_BIOS_Module__state__V                           
200012f0  ledPinTable                                                
200012fc  new_uart                                                   
20001300  hal_timestamp                                              
20001304  mpl_key                                                    
20001308  _lock                                                      
2000130c  _unlock                                                    
20001310  __TI_cleanup_ptr                                           
20001314  __TI_dtors_ptr                                             
20001318  main_func_sp                                               
20004d00  __stack                                                    
20005000  __STACK_END                                                
e000e000  ti_sysbios_family_arm_m3_Hwi_nvic                          
ffffffff  __binit__                                                  
ffffffff  __c_args__                                                 
ffffffff  binit                                                      
UNDEFED   SHT$$INIT_ARRAY$$Base                                      
UNDEFED   SHT$$INIT_ARRAY$$Limit                                     

[647 symbols]
