******************************************************************************
                  TI ARM Linker PC v5.2.7                      
******************************************************************************
>> Linked Wed Jun 08 00:43:53 2016

OUTPUT FILE NAME:   <CC2650_MPU9250_DMP_2.out>
ENTRY POINT SYMBOL: "ResetISR"  address: 0000c3c5


MEMORY CONFIGURATION

         name            origin    length      used     unused   attr    fill
----------------------  --------  ---------  --------  --------  ----  --------
  FLASH                 00000000   00020000  00012189  0000de77  R  X
  SRAM                  20000000   00005000  00002b31  000024cf  RW X


SEGMENT ALLOCATION MAP

run origin  load origin   length   init length attrs members
----------  ----------- ---------- ----------- ----- -------
00000000    00000000    00012138   00012138    r-x
  00000000    00000000    0000003c   0000003c    r-- .resetVecs
  0000003c    0000003c    0000eeae   0000eeae    r-x .text
  0000eeec    0000eeec    00002e8f   00002e8f    r-- .const
  00011d80    00011d80    000003b8   000003b8    r-- .cinit
0001ffa8    0001ffa8    00000058   00000058    r--
  0001ffa8    0001ffa8    00000058   00000058    r-- .ccfg
20000000    20000000    00002838   00000000    rw-
  20000000    20000000    000000dc   00000000    rw- .vecs
  200000e0    200000e0    0000181d   00000000    rw- .bss
  20001900    20001900    00000f38   00000000    rw- .data
20004d00    20004d00    00000300   00000000    rw-
  20004d00    20004d00    00000300   00000000    rw- .stack


SECTION ALLOCATION MAP

 output                                  attributes/
section   page    origin      length       input sections
--------  ----  ----------  ----------   ----------------
.text      0    0000003c    0000eeae     
                  0000003c    00000c04     libmpllib.a : fast_no_motion.o (.text)
                  00000c40    00000a8c                 : quaternion_supervisor.o (.text)
                  000016cc    000006b0                 : fusion_9axis.o (.text)
                  00001d7c    0000060c                 : mag_disturb.o (.text)
                  00002388    00000528                 : gyro_tc.o (.text)
                  000028b0    00000424     sysbios.aem3 : BIOS.obj (.text:ti_sysbios_family_arm_m3_Hwi_excDumpRegs__I)
                  00002cd4    00000394     empty.obj (.text:heartBeatFxn)
                  00003068    0000038c     driverlib.lib : setup.obj (.text:HapiTrimDeviceShutDown$74)
                  000033f4    0000034c     ti.targets.arm.rtsarm.aem3 : System.oem3 (.text:xdc_runtime_System_doPrint__I)
                  00003740    00000248     sysbios.aem3 : BIOS.obj (.text:ti_sysbios_heaps_HeapMem_free__E)
                  00003988    00000244                  : BIOS.obj (.text:ti_sysbios_heaps_HeapMem_alloc__E)
                  00003bcc    00000228     drivers_cc26xxware.aem3 : PowerCC26XX.oem3 (.text:Power_sleep)
                  00003df4    00000224     sysbios.aem3 : BIOS.obj (.text:ti_sysbios_knl_Semaphore_pend__E)
                  00004018    0000021e     rtsv7M3_T_le_eabi.lib : ll_div_t2.obj (.text)
                  00004236    00000002     drivers_cc26xxware.aem3 : PowerCC26XX.oem3 (.text:emptyClockFunc)
                  00004238    00000204     driverlib.lib : sys_ctrl.obj (.text:SysCtrlSetRechargeBeforePowerDown)
                  0000443c    000001f4     rtsv7M3_T_le_eabi.lib : ull_div_t2.obj (.text)
                  00004630    000001f0     sysbios.aem3 : BIOS.obj (.text:ti_sysbios_knl_Task_Instance_finalize__E)
                  00004820    000001e0     drivers_cc26xxware.aem3 : PINCC26XX.oem3 (.text:PIN_init)
                  00004a00    000001d4     empty_pem3.oem3 (.text:xdc_runtime_System_printfExtend__I)
                  00004bd4    000001d0     drivers_cc26xxware.aem3 : PowerCC26XX_calibrateRCOSC.oem3 (.text:calibrateRcoscHf1)
                  00004da4    000001c0     sysbios.aem3 : BIOS.obj (.text:ti_sysbios_knl_Task_Instance_init__E)
                  00004f64    000001b6     rtsv7M3_T_le_eabi.lib : fd_add_t2.obj (.text)
                  0000511a    00000002                           : i_div0.obj (.text)
                  0000511c    0000019c     inv_mpu_dmp_motion_driver.obj (.text:dmp_enable_feature)
                  000052b8    00000190     drivers_cc26xxware.aem3 : UARTCC26XX.oem3 (.text:UARTCC26XX_open)
                  00005448    00000190     rtsv7M3_T_le_eabi.lib : xfsin.obj (.text)
                  000055d8    00000188     inv_mpu.obj (.text:mpu_read_fifo)
                  00005760    00000184     inv_mpu_dmp_motion_driver.obj (.text:dmp_read_fifo)
                  000058e4    00000180     drivers_cc26xxware.aem3 : PowerCC26XX_calibrateRCOSC.oem3 (.text:PowerCC26XX_doCalibrate)
                  00005a64    00000180     inv_mpu.obj (.text:mpu_lp_motion_interrupt)
                  00005be4    0000016c     sysbios.aem3 : BIOS.obj (.text:ti_sysbios_family_arm_m3_Hwi_excBusFault__I)
                  00005d50    00000160                  : BIOS.obj (.text:ti_sysbios_knl_Task_sleep__E)
                  00005eb0    0000015c     inv_mpu.obj (.text:mpu_reset_fifo)
                  0000600c    00000158     sysbios.aem3 : BIOS.obj (.text:ti_sysbios_family_arm_m3_Hwi_excUsageFault__I)
                  00006164    00000140                  : BIOS.obj (.text:ti_sysbios_family_arm_m3_Hwi_excMemFault__I)
                  000062a4    00000138     rtsv7M3_T_le_eabi.lib : fmodf.obj (.text)
                  000063dc    00000136                           : fd_div_t2.obj (.text)
                  00006512    00000002                           : l_div0.obj (.text)
                  00006514    00000134     sysbios.aem3 : BIOS.obj (.text:ti_sysbios_heaps_HeapMem_Instance_init__E)
                  00006648    0000012c     inv_mpu_dmp_motion_driver.obj (.text:dmp_set_orientation)
                  00006774    00000128     ml_math_func.obj (.text:inv_q_normalizef)
                  0000689c    00000128     inv_mpu.obj (.text:mpu_init)
                  000069c4    0000011c     empty.obj (.text:main)
                  00006ae0    00000118     drivers_cc26xxware.aem3 : PowerCC26XX.oem3 (.text:Power_init)
                  00006bf8    00000118     ti.targets.arm.rtsarm.aem3 : Error.oem3 (.text:xdc_runtime_Error_policyDefault__E)
                  00006d10    0000010a     ml_math_func.obj (.text:inv_q_multf)
                  00006e1a    00000002     empty_pem3.oem3 (.text:ti_sysbios_BIOS_nullFunc__I)
                  00006e1c    00000108     sysbios.aem3 : BIOS.obj (.text:ti_sysbios_knl_Clock_Instance_init__E)
                  00006f24    00000104     rtsv7M3_T_le_eabi.lib : atan2f.obj (.text)
                  00007028    00000100     ti.targets.arm.rtsarm.aem3 : Core-mem.oem3 (.text:xdc_runtime_Core_createObject__I)
                  00007128    000000fc     drivers_cc26xxware.aem3 : UARTCC26XX.oem3 (.text:UARTCC26XX_write)
                  00007224    000000fc     rtsv7M3_T_le_eabi.lib : fd_mul_t2.obj (.text)
                  00007320    000000fc     sysbios.aem3 : BIOS.obj (.text:ti_sysbios_family_arm_m3_Hwi_excFillContext__I)
                  0000741c    000000fa     rtsv7M3_T_le_eabi.lib : fs_add_t2.obj (.text)
                  00007516    00000002     sysbios.aem3 : BIOS.obj (.text:ti_sysbios_gates_GateHwi_Instance_init__E)
                  00007518    000000f8     drivers_cc26xxware.aem3 : I2CCC26XX.oem3 (.text:I2CCC26XX_open)
                  00007610    000000f8     ti.targets.arm.rtsarm.aem3 : Startup.oem3 (.text:xdc_runtime_Startup_startMods__I)
                  00007708    000000f4     drivers_cc26xxware.aem3 : I2CCC26XX.oem3 (.text:I2CCC26XX_hwiFxn)
                  000077fc    000000f4     data_builder.obj (.text:inv_register_data_cb)
                  000078f0    000000ec     drivers_cc26xxware.aem3 : UARTCC26XX.oem3 (.text:UARTCC26XX_hwiIntFxn)
                  000079dc    000000ec     sysbios.aem3 : BIOS.obj (.text:ti_sysbios_family_arm_m3_Hwi_excHandlerMax__I)
                  00007ac8    000000e4                  : BIOS.obj (.text:ti_sysbios_knl_Semaphore_post__E)
                  00007bac    000000e0     ml_math_func.obj (.text:inv_quaternion_to_rotation)
                  00007c8c    000000d8     rtsv7M3_T_le_eabi.lib : xfatan.obj (.text)
                  00007d64    000000d8     sysbios.aem3 : BIOS.obj (.text:ti_sysbios_knl_Swi_Instance_init__E)
                  00007e3c    000000d4     drivers_cc26xxware.aem3 : PowerCC26XX.oem3 (.text:Power_releaseDependency)
                  00007f10    000000d0                             : PowerCC26XX.oem3 (.text:Power_setDependency)
                  00007fe0    000000d0     sysbios.aem3 : m3_Hwi_asm.obj (.text:ti_sysbios_family_arm_m3_Hwi_dispatch__I)
                  000080b0    000000cc     rtsv7M3_T_le_eabi.lib : sqrtf.obj (.text)
                  0000817c    000000cc     ti.targets.arm.rtsarm.aem3 : Core-smem.oem3 (.text:xdc_runtime_Core_constructObject__I)
                  00008248    000000c8     drivers_cc26xxware.aem3 : UARTCC26XX.oem3 (.text:UARTCC26XX_initHw)
                  00008310    000000c2                             : I2CCC26XX.oem3 (.text:I2CCC26XX_transfer)
                  000083d2    00000002     sysbios.aem3 : BIOS.obj (.text:ti_sysbios_knl_Clock_logTick__E)
                  000083d4    000000c0     ml_math_func.obj (.text:inv_compass_angle)
                  00008494    000000bc     power_cc26xx_tirtos.aem3 : PowerCC26XX_tirtos.oem3 (.text:PowerCC26XX_standbyPolicy)
                  00008550    000000bc     drivers_cc26xxware.aem3 : UARTCC26XX.oem3 (.text:UARTCC26XX_read)
                  0000860c    000000bc     inv_mpu.obj (.text:mpu_set_sensors)
                  000086c8    000000bc     rtsv7M3_T_le_eabi.lib : acosf.obj (.text)
                  00008784    000000b8     drivers_cc26xxware.aem3 : PINCC26XX.oem3 (.text:PINCC26XX_setIoCfg)
                  0000883c    000000b4     sysbios.aem3 : BIOS.obj (.text:ti_sysbios_family_arm_m3_Hwi_excDebugMon__I)
                  000088f0    000000b4                  : BIOS.obj (.text:ti_sysbios_family_arm_m3_Hwi_excHardFault__I)
                  000089a4    000000b4                  : BIOS.obj (.text:ti_sysbios_knl_Task_checkStacks__E)
                  00008a58    000000b2     inv_mpu_dmp_motion_driver.obj (.text:dmp_set_tap_thresh)
                  00008b0a    000000b0     ml_math_func.obj (.text:inv_q_mult)
                  00008bba    00000002     sysbios.aem3 : BIOS.obj (.text:ti_sysbios_knl_Clock_triggerFunc__I)
                  00008bbc    000000b0     rtsv7M3_T_le_eabi.lib : xfdscale.obj (.text)
                  00008c6c    000000b0     sysbios.aem3 : BIOS.obj (.text:ti_sysbios_gates_GateMutex_enter__E)
                  00008d1c    000000a4     packet.obj (.text:eMPL_send_quat)
                  00008dc0    000000a4     inv_mpu.obj (.text:mpu_lp_accel_mode)
                  00008e64    000000a4     inv_mpu.obj (.text:mpu_set_bypass)
                  00008f08    000000a0     auto_init.aem3 : auto_init.oem3 (.text)
                  00008fa8    000000a0     eMPL_outputs.obj (.text:inv_generate_eMPL_outputs$15)
                  00009048    000000a0     inv_mpu.obj (.text:mpu_load_firmware)
                  000090e8    000000a0     sysbios.aem3 : BIOS.obj (.text:ti_sysbios_knl_Clock_Instance_finalize__E)
                  00009188    000000a0     driverlib.lib : setup.obj (.text:trimDevice)
                  00009228    000000a0     ti.targets.arm.rtsarm.aem3 : Text.oem3 (.text:xdc_runtime_Text_putMod__E)
                  000092c8    0000009c     ml_math_func.obj (.text:inv_q_norm4)
                  00009364    0000009c     inv_mpu.obj (.text:mpu_read_fifo_stream)
                  00009400    0000009c     rtsv7M3_T_le_eabi.lib : memcpy_t2.obj (.text)
                  0000949c    0000009c     sysbios.aem3 : BIOS.obj (.text:ti_sysbios_knl_Semaphore_Instance_init__E)
                  00009538    0000009a     ti.targets.arm.rtsarm.aem3 : Text.oem3 (.text:xdc_runtime_Text_putSite__E)
                  000095d2    00000002     --HOLE-- [fill = 0]
                  000095d4    00000098     sysbios.aem3 : BIOS.obj (.text:ti_sysbios_knl_Clock_workFuncDynamic__E)
                  0000966c    00000094     drivers_cc26xxware.aem3 : PINCC26XX.oem3 (.text:PIN_open)
                  00009700    00000094     data_builder.obj (.text:inv_set_contiguous$6)
                  00009794    00000094     sysbios.aem3 : BIOS.obj (.text:ti_sysbios_family_arm_m3_Hwi_Instance_init__E)
                  00009828    00000094     drivers_cc26xxware.aem3 : UARTCC26XX.oem3 (.text:writeFinishedDoCallback)
                  000098bc    00000092     rtsv7M3_T_le_eabi.lib : fs_div_t2.obj (.text)
                  0000994e    00000002     --HOLE-- [fill = 0]
                  00009950    00000090     drivers_cc26xxware.aem3 : PowerCC26XX.oem3 (.text:switchXOSCHFclockFunc)
                  000099e0    0000008c                             : I2CCC26XX.oem3 (.text:I2CCC26XX_primeTransfer)
                  00009a6c    0000008c                             : UARTCC26XX.oem3 (.text:UARTCC26XX_initIO)
                  00009af8    0000008c                             : UARTCC26XX.oem3 (.text:UARTCC26XX_writeCancel)
                  00009b84    00000088     data_builder.obj (.text:inv_execute_on_data)
                  00009c0c    00000086     rtsv7M3_T_le_eabi.lib : fd_cmp_t2.obj (.text:__aeabi_cdcmple)
                  00009c92    00000086                           : fd_cmp_t2.obj (.text:__aeabi_cdrcmple)
                  00009d18    00000080     sysbios.aem3 : BIOS.obj (.text:ti_sysbios_family_arm_m3_Hwi_initNVIC__E)
                  00009d98    00000080                  : BIOS.obj (.text:ti_sysbios_knl_Task_postInit__I)
                  00009e18    0000007c     drivers_cc26xxware.aem3 : PowerCC26XX.oem3 (.text:disableLFClockQualifiers)
                  00009e94    0000007c     inv_mpu.obj (.text:mpu_get_temperature)
                  00009f10    0000007c     inv_mpu.obj (.text:mpu_set_sample_rate)
                  00009f8c    0000007a     rtsv7M3_T_le_eabi.lib : fs_mul_t2.obj (.text)
                  0000a006    0000007a                           : memset_t2.obj (.text)
                  0000a080    0000007a                           : xfdnorm.obj (.text)
                  0000a0fa    00000002     --HOLE-- [fill = 0]
                  0000a0fc    00000078     drivers_cc26xxware.aem3 : UARTCC26XX.oem3 (.text:UARTCC26XX_close)
                  0000a174    00000078     sysbios.aem3 : BIOS.obj (.text:ti_sysbios_knl_Clock_walkQueueDynamic__E)
                  0000a1ec    00000074     drivers_cc26xxware.aem3 : PowerCC26XX_calibrateRCOSC.oem3 (.text:PowerCC26XX_auxISR)
                  0000a260    00000074                             : PowerCC26XX_calibrateRCOSC.oem3 (.text:calibrateRcoscHf2)
                  0000a2d4    00000074     packet.obj (.text:ini_uart)
                  0000a348    00000074     drivers_cc26xxware.aem3 : UARTCC26XX.oem3 (.text:writeTxFifoFlush)
                  0000a3bc    00000070     driverlib.lib : chipinfo.obj (.text:ChipInfo_GetHwRevision)
                  0000a42c    00000070     drivers_cc26xxware.aem3 : UARTCC26XX.oem3 (.text:UARTCC26XX_readCancel)
                  0000a49c    0000006e     rtsv7M3_T_le_eabi.lib : fd_tos_t2.obj (.text)
                  0000a50a    00000002     --HOLE-- [fill = 0]
                  0000a50c    0000006d     ti.targets.arm.rtsarm.aem3 : System.oem3 (.text:xdc_runtime_System_formatNum__I)
                  0000a579    00000003     --HOLE-- [fill = 0]
                  0000a57c    0000006c     drivers_cc26xxware.aem3 : PowerCC26XX.oem3 (.text:PowerCC26XX_calibrate)
                  0000a5e8    0000006c     inv_mpu.obj (.text:mpu_set_dmp_state)
                  0000a654    0000006c     inv_mpu.obj (.text:mpu_set_gyro_fsr)
                  0000a6c0    0000006c     rtsv7M3_T_le_eabi.lib : fs_toll_t2.obj (.text)
                  0000a72c    0000006c     ti.targets.arm.rtsarm.aem3 : Error.oem3 (.text:xdc_runtime_Error_print__E)
                  0000a798    0000006c                                : Memory.oem3 (.text:xdc_runtime_Memory_alloc__E)
                  0000a804    0000006a     rtsv7M3_T_le_eabi.lib : copy_decompress_rle.obj (.text)
                  0000a86e    00000002     --HOLE-- [fill = 0]
                  0000a870    00000068     driverlib.lib : setup.obj (.text:GetTrimForAmpcompCtrl$74)
                  0000a8d8    00000068                   : sys_ctrl.obj (.text:SysCtrl_DCDC_VoltageConditionalControl)
                  0000a940    00000068     storage_manager.obj (.text:inv_register_load_store)
                  0000a9a8    00000068     inv_mpu.obj (.text:mpu_set_lpf)
                  0000aa10    00000068     rtsv7M3_T_le_eabi.lib : trgmsg.obj (.text)
                  0000aa78    00000068     sysbios.aem3 : BIOS.obj (.text:ti_sysbios_family_arm_cc26xx_TimestampProvider_Module_startup__E)
                  0000aae0    00000068                  : BIOS.obj (.text:ti_sysbios_knl_Clock_startI__E)
                  0000ab48    00000068                  : BIOS.obj (.text:ti_sysbios_knl_Clock_start__E)
                  0000abb0    00000068                  : BIOS.obj (.text:ti_sysbios_knl_Swi_restoreHwi__E)
                  0000ac18    00000066     data_builder.obj (.text:inv_apply_calibration)
                  0000ac7e    00000002     --HOLE-- [fill = 0]
                  0000ac80    00000066     mpl.obj (.text:inv_init_mpl)
                  0000ace6    00000066     ti.targets.arm.rtsarm.aem3 : Core-mem.oem3 (.text:xdc_runtime_Core_deleteObject__I)
                  0000ad4c    00000064     driverlib.lib : setup.obj (.text:GetTrimForAnabypassValue1$74)
                  0000adb0    00000064     drivers_cc26xxware.aem3 : I2CCC26XX.oem3 (.text:I2CCC26XX_close)
                  0000ae14    00000064                             : I2CCC26XX.oem3 (.text:I2CCC26XX_initIO)
                  0000ae78    00000064     i2c_rutinas.obj (.text:i2c_write)
                  0000aedc    00000064     ml_math_func.obj (.text:inv_convert_to_body_with_scale)
                  0000af40    00000064     inv_mpu.obj (.text:mpu_set_accel_fsr)
                  0000afa4    00000064     sysbios.aem3 : BIOS.obj (.text:ti_sysbios_family_arm_cc26xx_Timer_start__E)
                  0000b008    00000064                  : BIOS.obj (.text:ti_sysbios_knl_Task_startCore__E)
                  0000b06c    00000060     rtsv7M3_T_le_eabi.lib : fs_cmp_t2.obj (.text:__aeabi_cfcmple)
                  0000b0cc    00000060                           : fs_cmp_t2.obj (.text:__aeabi_cfrcmple)
                  0000b12c    00000060     sysbios.aem3 : BIOS.obj (.text:ti_sysbios_knl_Task_schedule__I)
                  0000b18c    00000060     drivers_cc26xxware.aem3 : PowerCC26XX_calibrateRCOSC.oem3 (.text:updateSubSecInc)
                  0000b1ec    0000005c     driverlib.lib : osc.obj (.text:OSCHF_AttemptToSwitchToXosc)
                  0000b248    0000005c     drivers_cc26xxware.aem3 : PINCC26XX.oem3 (.text:PIN_remove)
                  0000b2a4    0000005c                             : PowerCC26XX_calibrateRCOSC.oem3 (.text:PowerCC26XX_RCOSC_clockFunc)
                  0000b300    0000005c     driverlib.lib : sys_ctrl.obj (.text:SysCtrlAdjustRechargeAfterPowerDown)
                  0000b35c    0000005c     data_builder.obj (.text:inv_set_gyro_bias)
                  0000b3b8    0000005c     inv_mpu.obj (.text:mpu_configure_fifo)
                  0000b414    0000005c     inv_mpu.obj (.text:set_int_enable$17)
                  0000b470    0000005c     sysbios.aem3 : BIOS.obj (.text:ti_sysbios_knl_Task_Module_startup__E)
                  0000b4cc    0000005b     ti.targets.arm.rtsarm.aem3 : Text.oem3 (.text:xdc_runtime_Text_putLab__E)
                  0000b527    00000001     --HOLE-- [fill = 0]
                  0000b528    00000058     drivers_cc26xxware.aem3 : I2CCC26XX.oem3 (.text:I2CCC26XX_swiFxn)
                  0000b580    00000058                             : PowerCC26XX_calibrateRCOSC.oem3 (.text:PowerCC26XX_initiateCalibration)
                  0000b5d8    00000058                             : UARTCC26XX.oem3 (.text:UARTCC26XX_control)
                  0000b630    00000058     results_holder.obj (.text:inv_get_gravity)
                  0000b688    00000058     inv_mpu.obj (.text:mpu_set_int_latched)
                  0000b6e0    00000058     empty_pem3.oem3 (.text:ti_sysbios_family_arm_m3_Hwi_construct)
                  0000b738    00000058     sysbios.aem3 : BIOS.obj (.text:ti_sysbios_family_arm_m3_Hwi_postInit__I)
                  0000b790    00000058                  : BIOS.obj (.text:ti_sysbios_knl_Swi_run__I)
                  0000b7e8    00000056     rtsv7M3_T_le_eabi.lib : xfdunsca.obj (.text)
                  0000b83e    00000002     --HOLE-- [fill = 0]
                  0000b840    00000054     drivers_cc26xxware.aem3 : PowerCC26XX.oem3 (.text:configureXOSCHF)
                  0000b894    00000054     i2c_rutinas.obj (.text:i2c_sel_interface)
                  0000b8e8    00000054     inv_mpu.obj (.text:mpu_read_mem)
                  0000b93c    00000054     inv_mpu.obj (.text:mpu_write_mem)
                  0000b990    00000054     rtsv7M3_T_le_eabi.lib : trgdrv.obj (.text)
                  0000b9e4    00000054     sysbios.aem3 : BIOS.obj (.text:ti_sysbios_family_arm_m3_Hwi_dispatchC__I)
                  0000ba38    00000054                  : BIOS.obj (.text:ti_sysbios_knl_Swi_Instance_finalize__E)
                  0000ba8c    00000054     empty_pem3.oem3 (.text:ti_sysbios_knl_Swi_construct)
                  0000bae0    00000054     sysbios.aem3 : BIOS.obj (.text:ti_sysbios_knl_Swi_schedule__I)
                  0000bb34    00000054     empty_pem3.oem3 (.text:ti_sysbios_knl_Task_construct)
                  0000bb88    00000054     ti.targets.arm.rtsarm.aem3 : Assert.oem3 (.text:xdc_runtime_Assert_raise__I)
                  0000bbdc    00000050     driverlib.lib : setup.obj (.text:SetupCacheModeAccordingToCcfgSetting$74)
                  0000bc2c    00000050     data_builder.obj (.text:inv_build_accel)
                  0000bc7c    00000050     data_builder.obj (.text:inv_unregister_data_cb)
                  0000bccc    00000050     drivers_cc26xxware.aem3 : UARTCC26XX.oem3 (.text:startTxFifoEmptyClk)
                  0000bd1c    00000050     sysbios.aem3 : BIOS.obj (.text:ti_sysbios_knl_Swi_runLoop__I)
                  0000bd6c    00000050     ti.targets.arm.rtsarm.aem3 : Startup.oem3 (.text:xdc_runtime_Startup_exec__E)
                  0000bdbc    0000004c     driverlib.lib : osc.obj (.text:NOROM_OSCClockSourceSet)
                  0000be08    0000004c     drivers_cc26xxware.aem3 : UARTCC26XX.oem3 (.text:UARTCC26XX_swiIntFxn)
                  0000be54    0000004c     inv_mpu_dmp_motion_driver.obj (.text:dmp_set_fifo_rate)
                  0000bea0    0000004c     data_builder.obj (.text:inv_get_last_timestamp)
                  0000beec    0000004c     data_builder.obj (.text:inv_reset_compass_soft_iron_matrix)
                  0000bf38    0000004c     rtsv7M3_T_le_eabi.lib : cpy_tbl.obj (.text)
                  0000bf84    0000004c     sysbios.aem3 : m3_TaskSupport_asm.obj (.text:ti_sysbios_family_arm_m3_TaskSupport_buildTaskStack)
                  0000bfd0    0000004c     ti.targets.arm.rtsarm.aem3 : Text.oem3 (.text:xdc_runtime_Text_visitRope2__I)
                  0000c01c    00000048     driverlib.lib : chipinfo.obj (.text:ChipInfo_GetChipFamily)
                  0000c064    00000048     drivers_cc26xxware.aem3 : I2CCC26XX.oem3 (.text:I2CCC26XX_initHw)
                  0000c0ac    00000048     driverlib.lib : ddi.obj (.text:NOROM_DDI16BitfieldWrite)
                  0000c0f4    00000048     drivers_cc26xxware.aem3 : PINCC26XX.oem3 (.text:PIN_setOutputEnable)
                  0000c13c    00000048                             : PINCC26XX.oem3 (.text:PIN_swi)
                  0000c184    00000048                             : PowerCC26XX.oem3 (.text:notify)
                  0000c1cc    00000048     rtsv7M3_T_le_eabi.lib : fd_toi_t2.obj (.text)
                  0000c214    00000048                           : ll_tofs_t2.obj (.text)
                  0000c25c    00000048     sysbios.aem3 : BIOS.obj (.text:ti_sysbios_family_arm_m3_Hwi_Module_startup__E)
                  0000c2a4    00000048                  : BIOS.obj (.text:ti_sysbios_family_arm_m3_Hwi_excReserved__I)
                  0000c2ec    00000048                  : m3_Hwi_asm_switch.obj (.text:ti_sysbios_family_arm_m3_Hwi_initStacks__E)
                  0000c334    00000048                  : BIOS.obj (.text:ti_sysbios_heaps_HeapMem_getStats__E)
                  0000c37c    00000046     ti.targets.arm.rtsarm.aem3 : Core-params.oem3 (.text:xdc_runtime_Core_assignParams__I)
                  0000c3c2    00000002     --HOLE-- [fill = 0]
                  0000c3c4    00000044     boot.aem3 : boot.oem3 (.text)
                  0000c408    00000044     start_manager.obj (.text:inv_unregister_mpl_start_notification)
                  0000c44c    00000044     rtsv7M3_T_le_eabi.lib : exit.obj (.text)
                  0000c490    00000044                           : fd_tou_t2.obj (.text)
                  0000c4d4    00000044     sysbios.aem3 : BIOS.obj (.text:ti_sysbios_family_arm_m3_Hwi_disableInterrupt__E)
                  0000c518    00000044                  : BIOS.obj (.text:ti_sysbios_family_arm_m3_Hwi_enableInterrupt__E)
                  0000c55c    00000044                  : BIOS.obj (.text:ti_sysbios_knl_Swi_post__E)
                  0000c5a0    00000044                  : BIOS.obj (.text:ti_sysbios_knl_Task_allBlockedFunction__I)
                  0000c5e4    00000044     ti.targets.arm.rtsarm.aem3 : Error.oem3 (.text:xdc_runtime_Error_setX__E)
                  0000c628    00000044                                : SysMin.oem3 (.text:xdc_runtime_SysMin_flush__E)
                  0000c66c    00000044                                : Text.oem3 (.text:xdc_runtime_Text_xprintf__I)
                  0000c6b0    00000040     driverlib.lib : ddi.obj (.text:NOROM_DDI16BitfieldRead)
                  0000c6f0    00000040     i2c_rutinas.obj (.text:i2c_inicia)
                  0000c730    00000040     data_builder.obj (.text:inv_init_data_builder)
                  0000c770    00000040     inv_mpu.obj (.text:mpu_get_lpf)
                  0000c7b0    00000040     rtsv7M3_T_le_eabi.lib : u_divt2.obj (.text)
                  0000c7f0    00000040     sysbios.aem3 : BIOS.obj (.text:ti_sysbios_family_arm_m3_Hwi_getStackInfo__E)
                  0000c830    0000003e     ml_math_func.obj (.text:inv_q_rotate)
                  0000c86e    00000002     --HOLE-- [fill = 0]
                  0000c870    0000003c     driverlib.lib : osc.obj (.text:OSC_HPOSCRelativeFrequencyOffsetGet)
                  0000c8ac    0000003c     drivers_cc26xxware.aem3 : PINCC26XX.oem3 (.text:PIN_setOutputValue)
                  0000c8e8    0000003c     inv_mpu_dmp_motion_driver.obj (.text:decode_gesture$18)
                  0000c924    0000003c     data_builder.obj (.text:inv_build_gyro)
                  0000c960    0000003c     results_holder.obj (.text:inv_get_quaternion_set)
                  0000c99c    0000003c     inv_mpu.obj (.text:mpu_get_accel_fsr)
                  0000c9d8    0000003c     rtsv7M3_T_le_eabi.lib : signal.obj (.text)
                  0000ca14    0000003c     sysbios.aem3 : BIOS.obj (.text:ti_sysbios_family_arm_m3_Hwi_excSvCall__I)
                  0000ca50    0000003a     inv_mpu_dmp_motion_driver.obj (.text:dmp_enable_6x_lp_quat)
                  0000ca8a    0000003a     inv_mpu_dmp_motion_driver.obj (.text:dmp_enable_lp_quat)
                  0000cac4    0000003a     sysbios.aem3 : BIOS.obj (.text:ti_sysbios_knl_Task_exit__E)
                  0000cafe    00000002     --HOLE-- [fill = 0]
                  0000cb00    00000038     drivers_cc26xxware.aem3 : I2C.oem3 (.text:I2C_init)
                  0000cb38    00000038                             : PINCC26XX.oem3 (.text:PIN_setInterrupt)
                  0000cb70    00000038                             : UART.oem3 (.text:UART_init)
                  0000cba8    00000038     i2c_rutinas.obj (.text:i2c_escribe_lee)
                  0000cbe0    00000038     data_builder.obj (.text:inv_db_load_func$6)
                  0000cc18    00000038     results_holder.obj (.text:inv_get_linear_accel)
                  0000cc50    00000038     ml_math_func.obj (.text:inv_row_2_scale$9)
                  0000cc88    00000038     drivers_cc26xxware.aem3 : UARTCC26XX.oem3 (.text:readData)
                  0000ccc0    00000038     rtsv7M3_T_le_eabi.lib : fs_tod_t2.obj (.text)
                  0000ccf8    00000038                           : fs_toi_t2.obj (.text)
                  0000cd30    00000038                           : i_tofs_t2.obj (.text)
                  0000cd68    00000038     sysbios.aem3 : BIOS.obj (.text:ti_sysbios_family_arm_cc26xx_Timer_getCurrentTick__E)
                  0000cda0    00000038                  : BIOS.obj (.text:ti_sysbios_family_arm_m3_Hwi_excNoIsr__I)
                  0000cdd8    00000038     drivers_cc26xxware.aem3 : UARTCC26XX.oem3 (.text:writeData)
                  0000ce10    00000038     ti.targets.arm.rtsarm.aem3 : SysMin.oem3 (.text:xdc_runtime_SysMin_putch__E)
                  0000ce48    00000038                                : System.oem3 (.text:xdc_runtime_System_atexit__E)
                  0000ce80    00000034     driverlib.lib : osc.obj (.text:OSCHF_SwitchToRcOscTurnOffXosc)
                  0000ceb4    00000034     drivers_cc26xxware.aem3 : PINCC26XX.oem3 (.text:PIN_setConfig)
                  0000cee8    00000034     results_holder.obj (.text:inv_set_motion_state)
                  0000cf1c    00000034     inv_mpu.obj (.text:mpu_get_gyro_fsr)
                  0000cf50    00000034     sysbios.aem3 : BIOS.obj (.text:ti_sysbios_family_arm_m3_Hwi_excNmi__I)
                  0000cf84    00000034                  : BIOS.obj (.text:ti_sysbios_hal_Hwi_checkStack)
                  0000cfb8    00000034                  : BIOS.obj (.text:ti_sysbios_heaps_HeapMem_init__I)
                  0000cfec    00000034     empty_pem3.oem3 (.text:ti_sysbios_knl_Clock_construct)
                  0000d020    00000034     sysbios.aem3 : BIOS.obj (.text:ti_sysbios_knl_Swi_restore__E)
                  0000d054    00000034                  : BIOS.obj (.text:ti_sysbios_knl_Task_blockI__E)
                  0000d088    00000034     ti.targets.arm.rtsarm.aem3 : Core-label.oem3 (.text:xdc_runtime_Core_assignLabel__I)
                  0000d0bc    00000033                                : Text.oem3 (.text:xdc_runtime_Text_printVisFxn__I)
                  0000d0ef    00000001     --HOLE-- [fill = 0]
                  0000d0f0    00000032     ml_math_func.obj (.text:inv_q_addf)
                  0000d122    00000002     --HOLE-- [fill = 0]
                  0000d124    00000032     mpl.obj (.text:inv_start_mpl)
                  0000d156    00000032     sysbios.aem3 : BIOS.obj (.text:ti_sysbios_family_arm_cc26xx_Timer_setNextTick__E)
                  0000d188    00000030     drivers_cc26xxware.aem3 : I2C.oem3 (.text:I2C_open)
                  0000d1b8    00000030                             : PowerCC26XX.oem3 (.text:Power_releaseConstraint)
                  0000d1e8    00000030                             : PowerCC26XX.oem3 (.text:Power_setConstraint)
                  0000d218    00000030     driverlib.lib : setup.obj (.text:SetAonRtcSubSecInc$74)
                  0000d248    00000030     drivers_cc26xxware.aem3 : UART.oem3 (.text:UART_open)
                  0000d278    00000030     i2c_rutinas.obj (.text:i2c_read)
                  0000d2a8    00000030     results_holder.obj (.text:inv_get_quaternion)
                  0000d2d8    00000030     results_holder.obj (.text:inv_init_results_holder)
                  0000d308    00000030     data_builder.obj (.text:inv_set_accel_sample_rate)
                  0000d338    00000030     data_builder.obj (.text:inv_set_gyro_sample_rate)
                  0000d368    00000030     rtsv7M3_T_le_eabi.lib : xferaise.obj (.text)
                  0000d398    00000030     empty_pem3.oem3 (.text:ti_sysbios_BIOS_atExitFunc__I)
                  0000d3c8    00000030     sysbios.aem3 : BIOS.obj (.text:ti_sysbios_family_arm_cc26xx_Timer_initDevice__I)
                  0000d3f8    00000030                  : BIOS.obj (.text:ti_sysbios_family_arm_cc26xx_Timer_setThreshold__I)
                  0000d428    00000030                  : BIOS.obj (.text:ti_sysbios_family_arm_m3_Hwi_Instance_finalize__E)
                  0000d458    00000030     empty_pem3.oem3 (.text:ti_sysbios_gates_GateHwi_Object__create__S)
                  0000d488    00000030     empty_pem3.oem3 (.text:ti_sysbios_gates_GateMutex_Object__create__S)
                  0000d4b8    00000030     empty_pem3.oem3 (.text:ti_sysbios_heaps_HeapMem_Object__create__S)
                  0000d4e8    00000030     empty_pem3.oem3 (.text:ti_sysbios_knl_Semaphore_construct)
                  0000d518    00000030     sysbios.aem3 : BIOS.obj (.text:ti_sysbios_knl_Task_processVitalTaskFlag__I)
                  0000d548    00000030     ti.targets.arm.rtsarm.aem3 : SysMin.oem3 (.text:xdc_runtime_SysMin_abort__E)
                  0000d578    00000030                                : System.oem3 (.text:xdc_runtime_System_processAtExit__E)
                  0000d5a8    0000002e     rtsv7M3_T_le_eabi.lib : i_tofd_t2.obj (.text)
                  0000d5d6    0000002e     sysbios.aem3 : BIOS.obj (.text:ti_sysbios_family_arm_m3_TaskSupport_start__E)
                  0000d604    0000002c     drivers_cc26xxware.aem3 : PINCC26XX.oem3 (.text:PINCC26XX_setMux)
                  0000d630    0000002c     inv_mpu_dmp_motion_driver.obj (.text:dmp_enable_gyro_cal)
                  0000d65c    0000002c     ml_math_func.obj (.text:inv_orientation_matrix_to_scalar)
                  0000d688    0000002c     sysbios.aem3 : BIOS.obj (.text:ti_sysbios_hal_Hwi_initStack)
                  0000d6b4    0000002c                  : BIOS.obj (.text:ti_sysbios_knl_Clock_getTicksUntilInterrupt__E)
                  0000d6e0    0000002c     empty_pem3.oem3 (.text:ti_sysbios_knl_Queue_construct)
                  0000d70c    0000002c     sysbios.aem3 : BIOS.obj (.text:ti_sysbios_knl_Semaphore_pendTimeout__I)
                  0000d738    0000002c                  : BIOS.obj (.text:ti_sysbios_knl_Task_unblockI__E)
                  0000d764    0000002c     ti.targets.arm.rtsarm.aem3 : Text.oem3 (.text:xdc_runtime_Text_cordText__E)
                  0000d790    0000002a                                : System.oem3 (.text:xdc_runtime_System_putchar__I)
                  0000d7ba    00000002     --HOLE-- [fill = 0]
                  0000d7bc    00000028     driverlib.lib : aon_batmon.obj (.text:AONBatMonTemperatureGetDegC)
                  0000d7e4    00000028                   : setup.obj (.text:GetTrimForRadcExtCfg$74)
                  0000d80c    00000028     drivers_cc26xxware.aem3 : PowerCC26XX.oem3 (.text:Power_registerNotify)
                  0000d834    00000028     driverlib.lib : adi.obj (.text:SafeHapiVoid)
                  0000d85c    00000028     inv_mpu_dmp_motion_driver.obj (.text:dmp_set_shake_reject_thresh)
                  0000d884    00000028     empty.obj (.text:gyro_data_ready_cb)
                  0000d8ac    00000028     start_manager.obj (.text:inv_execute_mpl_start_notification)
                  0000d8d4    00000028     inv_mpu.obj (.text:reg_int_cb)
                  0000d8fc    00000028     sysbios.aem3 : BIOS.obj (.text:ti_sysbios_family_arm_cc26xx_Timer_getMaxTicks__E)
                  0000d924    00000028                  : BIOS.obj (.text:ti_sysbios_knl_Clock_addI__E)
                  0000d94c    00000028                  : BIOS.obj (.text:ti_sysbios_knl_Task_restore__E)
                  0000d974    00000026     drivers_cc26xxware.aem3 : List.oem3 (.text:List_put)
                  0000d99a    00000026     rtsv7M3_T_le_eabi.lib : raise.obj (.text)
                  0000d9c0    00000026     ti.targets.arm.rtsarm.aem3 : System.oem3 (.text:xdc_runtime_System_avprintf__E)
                  0000d9e6    00000002     --HOLE-- [fill = 0]
                  0000d9e8    00000024     drivers_cc26xxware.aem3 : PowerCC26XX_calibrateRCOSC.oem3 (.text:getTdcSemaphore)
                  0000da0c    00000024     delays.obj (.text:get_ms)
                  0000da30    00000024     data_builder.obj (.text:inv_build_quat)
                  0000da54    00000024     data_builder.obj (.text:inv_build_temp)
                  0000da78    00000024     eMPL_outputs.obj (.text:inv_get_sensor_type_quat)
                  0000da9c    00000024     ml_math_func.obj (.text:inv_q_add)
                  0000dac0    00000024     results_holder.obj (.text:inv_set_compass_correction)
                  0000dae4    00000024     results_holder.obj (.text:inv_store_gaming_quaternion)
                  0000db08    00000024     rtsv7M3_T_le_eabi.lib : u_tofs_t2.obj (.text)
                  0000db2c    00000024     empty_pem3.oem3 (.text:ti_sysbios_BIOS_errorRaiseHook__I)
                  0000db50    00000024     empty_pem3.oem3 (.text:ti_sysbios_BIOS_registerRTSLock__I)
                  0000db74    00000024     empty_pem3.oem3 (.text:ti_sysbios_BIOS_removeRTSLock__I)
                  0000db98    00000024     empty_pem3.oem3 (.text:ti_sysbios_BIOS_startFunc__I)
                  0000dbbc    00000024     sysbios.aem3 : BIOS.obj (.text:ti_sysbios_family_arm_cc26xx_Timer_Module_startup__E)
                  0000dbe0    00000024                  : BIOS.obj (.text:ti_sysbios_family_arm_cc26xx_Timer_startup__E)
                  0000dc04    00000024     empty_pem3.oem3 (.text:ti_sysbios_gates_GateMutex_Object__delete__S)
                  0000dc28    00000024     sysbios.aem3 : BIOS.obj (.text:ti_sysbios_knl_Swi_Module_startup__E)
                  0000dc4c    00000024                  : BIOS.obj (.text:ti_sysbios_knl_Task_getMode__E)
                  0000dc70    00000024     ti.targets.arm.rtsarm.aem3 : System.oem3 (.text:xdc_runtime_System_vprintf__E)
                  0000dc94    00000022     rtsv7M3_T_le_eabi.lib : memcmp.obj (.text)
                  0000dcb6    00000022                           : memmov.obj (.text)
                  0000dcd8    00000022     sysbios.aem3 : BIOS.obj (.text:ti_sysbios_family_arm_cc26xx_Timer_postInit__I)
                  0000dcfa    00000022     empty_pem3.oem3 (.text:xdc_runtime_SysMin_output__I)
                  0000dd1c    00000020     driverlib.lib : setup.obj (.text:GetTrimForXoscHfCtl$74)
                  0000dd3c    00000020     drivers_cc26xxware.aem3 : PowerCC26XX.oem3 (.text:Power_unregisterNotify)
                  0000dd5c    00000020     data_builder.obj (.text:inv_get_gyro_bias)
                  0000dd7c    00000020     start_manager.obj (.text:inv_register_mpl_start_notification)
                  0000dd9c    00000020     rtsv7M3_T_le_eabi.lib : feraiseexcept.obj (.text)
                  0000ddbc    00000020     empty_pem3.oem3 (.text:ti_sysbios_BIOS_rtsLock__I)
                  0000dddc    00000020     sysbios.aem3 : BIOS.obj (.text:ti_sysbios_family_arm_cc26xx_Timer_dynamicStub__E)
                  0000ddfc    00000020                  : m3_Hwi_asm.obj (.text:ti_sysbios_family_arm_m3_Hwi_excHandlerAsm__I)
                  0000de1c    00000020                  : BIOS.obj (.text:ti_sysbios_family_arm_m3_Hwi_excHandler__I)
                  0000de3c    00000020     empty_pem3.oem3 (.text:ti_sysbios_gates_GateHwi_Object__delete__S)
                  0000de5c    00000020     empty_pem3.oem3 (.text:ti_sysbios_heaps_HeapMem_Object__delete__S)
                  0000de7c    00000020     sysbios.aem3 : BIOS.obj (.text:ti_sysbios_knl_Clock_Module_startup__E)
                  0000de9c    00000020     empty_pem3.oem3 (.text:ti_sysbios_knl_Clock_Object__destruct__S)
                  0000debc    00000020     sysbios.aem3 : BIOS.obj (.text:ti_sysbios_knl_Clock_getTicks__E)
                  0000dedc    00000020                  : BIOS.obj (.text:ti_sysbios_knl_Clock_stop__E)
                  0000defc    00000020                  : BIOS.obj (.text:ti_sysbios_knl_Idle_run__E)
                  0000df1c    00000020     empty_pem3.oem3 (.text:ti_sysbios_knl_Semaphore_Object__destruct__S)
                  0000df3c    00000020     sysbios.aem3 : BIOS.obj (.text:ti_sysbios_knl_Task_restoreHwi__E)
                  0000df5c    00000020     ti.targets.arm.rtsarm.aem3 : Registry.oem3 (.text:xdc_runtime_Registry_findById__E)
                  0000df7c    00000020                                : SysMin.oem3 (.text:xdc_runtime_SysMin_Module_startup__E)
                  0000df9c    0000001e     drivers_cc26xxware.aem3 : PINCC26XX.oem3 (.text:PIN_close)
                  0000dfba    0000001e                             : PowerCC26XX.oem3 (.text:Power_getTransitionLatency)
                  0000dfd8    0000001e     ml_math_func.obj (.text:inv_q_invertf)
                  0000dff6    0000001e     rtsv7M3_T_le_eabi.lib : ll_asr_t2.obj (.text)
                  0000e014    0000001e                           : ll_lsl_t2.obj (.text)
                  0000e032    0000001e     sysbios.aem3 : m3_Hwi_asm_switch.obj (.text:ti_sysbios_family_xxx_Hwi_switchAndRunFunc)
                  0000e050    0000001c     driverlib.lib : setup.obj (.text:GetTrimForAmpcompTh2$74)
                  0000e06c    0000001c                   : osc.obj (.text:NOROM_OSCClockSourceGet)
                  0000e088    0000001c     drivers_cc26xxware.aem3 : PINCC26XX.oem3 (.text:PINCC26XX_setIoCfgMux)
                  0000e0a4    0000001c                             : PINCC26XX.oem3 (.text:PIN_hwi)
                  0000e0c0    0000001c                             : PowerCC26XX.oem3 (.text:Power_idleFunc)
                  0000e0dc    0000001c     inv_mpu_dmp_motion_driver.obj (.text:dmp_set_shake_reject_time)
                  0000e0f8    0000001c     inv_mpu_dmp_motion_driver.obj (.text:dmp_set_tap_time)
                  0000e114    0000001c     inv_mpu_dmp_motion_driver.obj (.text:dmp_set_tap_time_multi)
                  0000e130    0000001c     results_holder.obj (.text:inv_get_compass_correction)
                  0000e14c    0000001c     data_builder.obj (.text:inv_get_gyro_bias_tc_set)
                  0000e168    0000001c     storage_manager.obj (.text:inv_init_storage_manager)
                  0000e184    0000001c     empty_pem3.oem3 (.text:ti_sysbios_family_arm_m3_Hwi_Object__destruct__S)
                  0000e1a0    0000001c     sysbios.aem3 : BIOS.obj (.text:ti_sysbios_family_arm_m3_Hwi_setPriority__E)
                  0000e1bc    0000001c                  : BIOS.obj (.text:ti_sysbios_gates_GateMutex_Instance_init__E)
                  0000e1d8    0000001c                  : BIOS.obj (.text:ti_sysbios_knl_Clock_scheduleNextTick__E)
                  0000e1f4    0000001c     empty_pem3.oem3 (.text:ti_sysbios_knl_Queue_Object__destruct__S)
                  0000e210    0000001c     sysbios.aem3 : BIOS.obj (.text:ti_sysbios_knl_Queue_put__E)
                  0000e22c    0000001c     empty_pem3.oem3 (.text:ti_sysbios_knl_Swi_Object__destruct__S)
                  0000e248    0000001c     sysbios.aem3 : BIOS.obj (.text:ti_sysbios_knl_Task_enabled__E)
                  0000e264    0000001c                  : BIOS.obj (.text:ti_sysbios_knl_Task_enter__I)
                  0000e280    0000001c     ti.targets.arm.rtsarm.aem3 : Error.oem3 (.text:xdc_runtime_Error_raiseX__E)
                  0000e29c    0000001c                                : Memory.oem3 (.text:xdc_runtime_Memory_valloc__E)
                  0000e2b8    0000001c                                : SysMin.oem3 (.text:xdc_runtime_SysMin_exit__E)
                  0000e2d4    0000001c                                : System.oem3 (.text:xdc_runtime_System_abort__E)
                  0000e2f0    0000001a     drivers_cc26xxware.aem3 : List.oem3 (.text:List_remove)
                  0000e30a    0000001a     inv_mpu_dmp_motion_driver.obj (.text:dmp_set_shake_reject_timeout)
                  0000e324    0000001a     ml_math_func.obj (.text:inv_get_gyro_sum_of_sqr)
                  0000e33e    0000001a     empty_pem3.oem3 (.text:ti_sysbios_family_arm_m3_Hwi_Handle__label__S)
                  0000e358    0000001a     sysbios.aem3 : m3_Hwi_asm.obj (.text:ti_sysbios_family_arm_m3_Hwi_pendSV__I)
                  0000e372    0000001a     empty_pem3.oem3 (.text:ti_sysbios_gates_GateHwi_Handle__label__S)
                  0000e38c    0000001a     empty_pem3.oem3 (.text:ti_sysbios_gates_GateMutex_Handle__label__S)
                  0000e3a6    0000001a     empty_pem3.oem3 (.text:ti_sysbios_heaps_HeapMem_Handle__label__S)
                  0000e3c0    0000001a     empty_pem3.oem3 (.text:ti_sysbios_knl_Swi_Handle__label__S)
                  0000e3da    0000001a     empty_pem3.oem3 (.text:ti_sysbios_knl_Task_Handle__label__S)
                  0000e3f4    0000001a     sysbios.aem3 : BIOS.obj (.text:ti_sysbios_knl_Task_sleepTimeout__I)
                  0000e40e    0000001a     empty_pem3.oem3 (.text:xdc_runtime_System_aprintf__E)
                  0000e428    0000001a     empty_pem3.oem3 (.text:xdc_runtime_System_printf__E)
                  0000e442    00000002     --HOLE-- [fill = 0]
                  0000e444    00000018     driverlib.lib : chipinfo.obj (.text:ChipInfo_GetPackageType)
                  0000e45c    00000018                   : setup.obj (.text:GetTrimForAdcShModeEn$74)
                  0000e474    00000018                   : setup.obj (.text:GetTrimForAdcShVbufEn$74)
                  0000e48c    00000018                   : setup.obj (.text:GetTrimForAmpcompTh1$74)
                  0000e4a4    00000018                   : setup.obj (.text:GetTrimForDblrLoopFilterResetVoltage$74)
                  0000e4bc    00000018                   : setup.obj (.text:GetTrimForRcOscLfIBiasTrim$74)
                  0000e4d4    00000018                   : setup.obj (.text:GetTrimForRcOscLfRtuneCtuneTrim$74)
                  0000e4ec    00000018                   : setup.obj (.text:GetTrimForXoscLfRegulatorAndCmirrwrRatio$74)
                  0000e504    00000018                   : aon_rtc.obj (.text:NOROM_AONRTCCurrentCompareValueGet)
                  0000e51c    00000018                   : osc.obj (.text:OSCHF_TurnOnXosc)
                  0000e534    00000018     drivers_cc26xxware.aem3 : UARTCC26XX.oem3 (.text:UARTCC26XX_init)
                  0000e54c    00000018                             : UART.oem3 (.text:UART_Params_init)
                  0000e564    00000018                             : PowerCC26XX.oem3 (.text:configureRFCoreClocks)
                  0000e57c    00000018     data_builder.obj (.text:inv_get_mag_accuracy)
                  0000e594    00000018     ml_math_func.obj (.text:inv_q_invert)
                  0000e5ac    00000018     results_holder.obj (.text:inv_start_results_holder)
                  0000e5c4    00000018     inv_mpu.obj (.text:mpu_get_sample_rate)
                  0000e5dc    00000018     rtsv7M3_T_le_eabi.lib : args_main.obj (.text)
                  0000e5f4    00000018                           : ll_mul_t2.obj (.text)
                  0000e60c    00000018     empty_pem3.oem3 (.text:ti_sysbios_BIOS_rtsUnlock__I)
                  0000e624    00000018     empty_pem3.oem3 (.text:ti_sysbios_family_arm_cc26xx_Timer_Module__startupDone__F)
                  0000e63c    00000018     empty_pem3.oem3 (.text:ti_sysbios_family_arm_m3_Hwi_Module__startupDone__F)
                  0000e654    00000018     sysbios.aem3 : BIOS.obj (.text:ti_sysbios_family_arm_m3_Hwi_plug__E)
                  0000e66c    00000018                  : BIOS.obj (.text:ti_sysbios_gates_GateMutex_leave__E)
                  0000e684    00000018                  : BIOS.obj (.text:ti_sysbios_knl_Swi_or__E)
                  0000e69c    00000018                  : BIOS.obj (.text:ti_sysbios_knl_Task_unblock__E)
                  0000e6b4    00000018     ti.targets.arm.rtsarm.aem3 : Error.oem3 (.text:xdc_runtime_Error_check__E)
                  0000e6cc    00000018                                : System.oem3 (.text:xdc_runtime_System_exit__E)
                  0000e6e4    00000018                                : Text.oem3 (.text:xdc_runtime_Text_ropeText__E)
                  0000e6fc    00000016     inv_mpu_dmp_motion_driver.obj (.text:dmp_set_tap_axes)
                  0000e712    00000016     inv_mpu_dmp_motion_driver.obj (.text:dmp_set_tap_count)
                  0000e728    00000016     empty_pem3.oem3 (.text:ti_sysbios_BIOS_exitFunc__I)
                  0000e73e    00000002     --HOLE-- [fill = 0]
                  0000e740    00000014     inv_mpu.obj (.text:MPUcallbackFxn)
                  0000e754    00000014     driverlib.lib : aon_rtc.obj (.text:NOROM_AONRTCCurrent64BitValueGet)
                  0000e768    00000014     drivers_cc26xxware.aem3 : PINCC26XX.oem3 (.text:PINCC26XX_getOutputValue)
                  0000e77c    00000014     driverlib.lib : chipinfo.obj (.text:ThisCodeIsBuiltForCC26xxHwRev22AndLater_HaltIfViolated)
                  0000e790    00000014     data_builder.obj (.text:inv_db_save_func$6)
                  0000e7a4    00000014     eMPL_outputs.obj (.text:inv_enable_eMPL_outputs)
                  0000e7b8    00000014     results_holder.obj (.text:inv_enable_results_holder)
                  0000e7cc    00000014     results_holder.obj (.text:inv_get_6axis_quaternion)
                  0000e7e0    00000014     results_holder.obj (.text:inv_get_motion_state)
                  0000e7f4    00000014     eMPL_outputs.obj (.text:inv_init_eMPL_outputs$15)
                  0000e808    00000014     start_manager.obj (.text:inv_init_start_manager)
                  0000e81c    00000014     message_layer.obj (.text:inv_set_message)
                  0000e830    00000014     rtsv7M3_T_le_eabi.lib : _lock.obj (.text)
                  0000e844    00000014                           : strlen.obj (.text)
                  0000e858    00000014     empty_pem3.oem3 (.text:ti_sysbios_family_arm_m3_Hwi_Object__get__S)
                  0000e86c    00000014     sysbios.aem3 : BIOS.obj (.text:ti_sysbios_family_arm_m3_Hwi_switchFromBootStack__E)
                  0000e880    00000014     empty_pem3.oem3 (.text:ti_sysbios_heaps_HeapMem_Object__get__S)
                  0000e894    00000014     empty_pem3.oem3 (.text:ti_sysbios_knl_Clock_doTick__I)
                  0000e8a8    00000014     empty_pem3.oem3 (.text:ti_sysbios_knl_Swi_Object__get__S)
                  0000e8bc    00000012     sysbios.aem3 : BIOS.obj (.text:ti_sysbios_hal_Hwi_Module_startup__E)
                  0000e8ce    00000012     empty_pem3.oem3 (.text:xdc_runtime_Startup_exec__I)
                  0000e8e0    00000010     driverlib.lib : setup.obj (.text:GetTrimForXoscHfFastStart$74)
                  0000e8f0    00000010                   : setup.obj (.text:GetTrimForXoscHfIbiastherm$74)
                  0000e900    00000010     drivers_cc26xxware.aem3 : I2C.oem3 (.text:I2C_Params_init)
                  0000e910    00000010                             : I2CCC26XX.oem3 (.text:i2cPostNotify)
                  0000e920    00000010     data_builder.obj (.text:inv_compass_was_turned_off)
                  0000e930    00000010     data_builder.obj (.text:inv_get_accel_on)
                  0000e940    00000010     data_builder.obj (.text:inv_get_accel_set)
                  0000e950    00000010     data_builder.obj (.text:inv_get_compass_on)
                  0000e960    00000010     data_builder.obj (.text:inv_get_gyro)
                  0000e970    00000010     data_builder.obj (.text:inv_get_gyro_on)
                  0000e980    00000010     results_holder.obj (.text:inv_get_local_field)
                  0000e990    00000010     data_builder.obj (.text:inv_gyro_was_turned_off)
                  0000e9a0    00000010     data_builder.obj (.text:inv_quaternion_sensor_was_turned_off)
                  0000e9b0    00000010     data_builder.obj (.text:inv_set_accel_orientation_and_scale)
                  0000e9c0    00000010     data_builder.obj (.text:inv_set_gyro_orientation_and_scale)
                  0000e9d0    00000010     eMPL_outputs.obj (.text:inv_start_eMPL_outputs$15)
                  0000e9e0    00000010     inv_mpu.obj (.text:mpu_get_fifo_config)
                  0000e9f0    00000010     packet.obj (.text:readCallback)
                  0000ea00    00000010     sysbios.aem3 : BIOS.obj (.text:ti_sysbios_BIOS_exit__E)
                  0000ea10    00000010                  : BIOS.obj (.text:ti_sysbios_BIOS_getCpuFreq__E)
                  0000ea20    00000010                  : BIOS.obj (.text:ti_sysbios_BIOS_setThreadType__E)
                  0000ea30    00000010                  : BIOS.obj (.text:ti_sysbios_BIOS_start__E)
                  0000ea40    00000010                  : BIOS.obj (.text:ti_sysbios_family_arm_m3_Hwi_getHandle__E)
                  0000ea50    00000010                  : m3_TaskSupport_asm.obj (.text:ti_sysbios_family_arm_m3_TaskSupport_glue)
                  0000ea60    00000010                  : m3_TaskSupport_asm.obj (.text:ti_sysbios_family_arm_m3_TaskSupport_swap__E)
                  0000ea70    00000010                  : BIOS.obj (.text:ti_sysbios_gates_GateMutex_Instance_finalize__E)
                  0000ea80    00000010                  : BIOS.obj (.text:ti_sysbios_knl_Semaphore_Instance_finalize__E)
                  0000ea90    00000010                  : BIOS.obj (.text:ti_sysbios_knl_Swi_disable__E)
                  0000eaa0    00000010                  : BIOS.obj (.text:ti_sysbios_knl_Swi_enabled__E)
                  0000eab0    00000010     empty_pem3.oem3 (.text:ti_sysbios_knl_Task_Object__get__S)
                  0000eac0    00000010     sysbios.aem3 : BIOS.obj (.text:ti_sysbios_knl_Task_disable__E)
                  0000ead0    00000010     drivers_cc26xxware.aem3 : UARTCC26XX.oem3 (.text:uartPostNotify)
                  0000eae0    00000010     packet.obj (.text:uartRead)
                  0000eaf0    00000010     ti.targets.arm.rtsarm.aem3 : Gate.oem3 (.text:xdc_runtime_Gate_leaveSystem__E)
                  0000eb00    00000010                                : Memory.oem3 (.text:xdc_runtime_Memory_free__E)
                  0000eb10    00000010                                : SysMin.oem3 (.text:xdc_runtime_SysMin_ready__E)
                  0000eb20    00000010                                : System.oem3 (.text:xdc_runtime_System_vsnprintf__E)
                  0000eb30    00000010     empty_pem3.oem3 (.text:xdc_runtime_Text_visitRope__I)
                  0000eb40    0000000e     driverlib.lib : vims.obj (.text:NOROM_VIMSModeGet)
                  0000eb4e    0000000e                   : setup.obj (.text:SignExtendVddrTrimValue)
                  0000eb5c    0000000e     rtsv7M3_T_le_eabi.lib : copy_decompress_none.obj (.text:decompress:none)
                  0000eb6a    0000000e     sysbios.aem3 : BIOS.obj (.text:ti_sysbios_family_arm_cc26xx_TimestampProvider_get32__E)
                  0000eb78    0000000e                  : BIOS.obj (.text:ti_sysbios_family_arm_m3_TaskSupport_checkStack__E)
                  0000eb86    0000000e                  : BIOS.obj (.text:ti_sysbios_heaps_HeapMem_restore__E)
                  0000eb94    0000000e                  : BIOS.obj (.text:ti_sysbios_knl_Queue_empty__E)
                  0000eba2    0000000e                  : BIOS.obj (.text:ti_sysbios_knl_Queue_remove__E)
                  0000ebb0    0000000c     driverlib.lib : cpu.obj (.text:NOROM_CPUcpsid)
                  0000ebbc    0000000c                   : cpu.obj (.text:NOROM_CPUcpsie)
                  0000ebc8    0000000c     drivers_cc26xxware.aem3 : PINCC26XX.oem3 (.text:PIN_registerIntCb)
                  0000ebd4    0000000c                             : PowerCC26XX.oem3 (.text:Power_getConstraintMask)
                  0000ebe0    0000000c                             : PowerCC26XX.oem3 (.text:Power_getDependencyCount)
                  0000ebec    0000000c     rtsv7M3_T_le_eabi.lib : copy_zero_init.obj (.text:decompress:ZI)
                  0000ebf8    0000000c     data_builder.obj (.text:inv_accel_was_turned_off)
                  0000ec04    0000000c     data_builder.obj (.text:inv_disable_compass_soft_iron_matrix)
                  0000ec10    0000000c     results_holder.obj (.text:inv_generate_results)
                  0000ec1c    0000000c     results_holder.obj (.text:inv_get_acc_state)
                  0000ec28    0000000c     data_builder.obj (.text:inv_get_accel_accuracy)
                  0000ec34    0000000c     data_builder.obj (.text:inv_get_gyro_accuracy)
                  0000ec40    0000000c     results_holder.obj (.text:inv_got_compass_bias)
                  0000ec4c    0000000c     ml_math_func.obj (.text:inv_q29_mult)
                  0000ec58    0000000c     ml_math_func.obj (.text:inv_q30_mult)
                  0000ec64    0000000c     results_holder.obj (.text:inv_set_compass_bias_found)
                  0000ec70    0000000c     data_builder.obj (.text:inv_set_compass_disturbance)
                  0000ec7c    0000000c     sysbios.aem3 : BIOS.obj (.text:ti_sysbios_BIOS_getThreadType__E)
                  0000ec88    0000000c                  : BIOS.obj (.text:ti_sysbios_family_arm_cc26xx_TimestampProvider_getFreq__E)
                  0000ec94    0000000c     empty_pem3.oem3 (.text:ti_sysbios_family_arm_m3_Hwi_Params__init__S)
                  0000eca0    0000000c     sysbios.aem3 : BIOS.obj (.text:ti_sysbios_family_arm_m3_Hwi_disableFxn__E)
                  0000ecac    0000000c                  : BIOS.obj (.text:ti_sysbios_family_arm_m3_TaskSupport_getStackAlignment__E)
                  0000ecb8    0000000c                  : BIOS.obj (.text:ti_sysbios_gates_GateHwi_enter__E)
                  0000ecc4    0000000c     empty_pem3.oem3 (.text:ti_sysbios_knl_Clock_Params__init__S)
                  0000ecd0    0000000c     sysbios.aem3 : BIOS.obj (.text:ti_sysbios_knl_Clock_getTimerHandle__E)
                  0000ecdc    0000000c     empty_pem3.oem3 (.text:ti_sysbios_knl_Queue_Object__get__S)
                  0000ece8    0000000c     sysbios.aem3 : BIOS.obj (.text:ti_sysbios_knl_Queue_dequeue__E)
                  0000ecf4    0000000c                  : BIOS.obj (.text:ti_sysbios_knl_Queue_enqueue__E)
                  0000ed00    0000000c     empty_pem3.oem3 (.text:ti_sysbios_knl_Semaphore_Params__init__S)
                  0000ed0c    0000000c     empty_pem3.oem3 (.text:ti_sysbios_knl_Swi_Params__init__S)
                  0000ed18    0000000c     sysbios.aem3 : BIOS.obj (.text:ti_sysbios_knl_Swi_getTrigger__E)
                  0000ed24    0000000c                  : BIOS.obj (.text:ti_sysbios_knl_Swi_self__E)
                  0000ed30    0000000c     empty_pem3.oem3 (.text:ti_sysbios_knl_Task_Params__init__S)
                  0000ed3c    0000000c     sysbios.aem3 : BIOS.obj (.text:ti_sysbios_knl_Task_self__E)
                  0000ed48    0000000c     ti.targets.arm.rtsarm.aem3 : Error.oem3 (.text:xdc_runtime_Error_init__E)
                  0000ed54    0000000c                                : Gate.oem3 (.text:xdc_runtime_Gate_enterSystem__E)
                  0000ed60    0000000c                                : Memory.oem3 (.text:xdc_runtime_Memory_calloc__E)
                  0000ed6c    0000000c                                : Memory.oem3 (.text:xdc_runtime_Memory_getMaxDefaultTypeAlign__E)
                  0000ed78    0000000a     drivers_cc26xxware.aem3 : I2CCC26XX.oem3 (.text:I2CCC26XX_init)
                  0000ed82    0000000a                             : I2C.oem3 (.text:I2C_close)
                  0000ed8c    0000000a                             : I2C.oem3 (.text:I2C_transfer)
                  0000ed96    0000000a                             : List.oem3 (.text:List_empty)
                  0000eda0    0000000a                             : UART.oem3 (.text:UART_read)
                  0000edaa    0000000a                             : UART.oem3 (.text:UART_write)
                  0000edb4    0000000a     empty_pem3.oem3 (.text:xdc_runtime_IHeap_alloc)
                  0000edbe    0000000a     empty_pem3.oem3 (.text:xdc_runtime_IHeap_free)
                  0000edc8    00000008     drivers_cc26xxware.aem3 : I2CCC26XX.oem3 (.text:I2CCC26XX_blockingCallback)
                  0000edd0    00000008                             : UARTCC26XX.oem3 (.text:readSemCallback)
                  0000edd8    00000008     rtsv7M3_T_le_eabi.lib : abs.obj (.text)
                  0000ede0    00000008     sysbios.aem3 : BIOS.obj (.text:ti_sysbios_family_arm_m3_Hwi_doSwiRestore__I)
                  0000ede8    00000008                  : BIOS.obj (.text:ti_sysbios_family_arm_m3_Hwi_startup__E)
                  0000edf0    00000008                  : BIOS.obj (.text:ti_sysbios_knl_Idle_loop__E)
                  0000edf8    00000008     drivers_cc26xxware.aem3 : UARTCC26XX.oem3 (.text:writeSemCallback)
                  0000ee00    00000006                             : I2CCC26XX.oem3 (.text:I2CCC26XX_control)
                  0000ee06    00000006     driverlib.lib : cpu.obj (.text:NOROM_CPUdelay)
                  0000ee0c    00000006     drivers_cc26xxware.aem3 : UARTCC26XX.oem3 (.text:UARTCC26XX_readPolling)
                  0000ee12    00000006                             : UARTCC26XX.oem3 (.text:UARTCC26XX_writePolling)
                  0000ee18    00000006     ti.targets.arm.rtsarm.aem3 : xdc_noinit.oem3 (.text:__xdc__init)
                  0000ee1e    00000006     rtsv7M3_T_le_eabi.lib : copy_decompress_rle.obj (.text:decompress:rle24)
                  0000ee24    00000006                           : cosf.obj (.text)
                  0000ee2a    00000006                           : sinf.obj (.text)
                  0000ee30    00000006     data_builder.obj (.text:set_sensor_orientation_and_scale)
                  0000ee36    00000006     sysbios.aem3 : BIOS.obj (.text:ti_sysbios_family_arm_m3_Hwi_doTaskRestore__I)
                  0000ee3c    00000006                  : BIOS.obj (.text:ti_sysbios_family_arm_m3_Hwi_restoreFxn__E)
                  0000ee42    00000006                  : BIOS.obj (.text:ti_sysbios_gates_GateHwi_leave__E)
                  0000ee48    00000006                  : BIOS.obj (.text:ti_sysbios_heaps_HeapMem_isBlocking__E)
                  0000ee4e    00000006                  : BIOS.obj (.text:ti_sysbios_knl_Queue_Instance_init__E)
                  0000ee54    00000006                  : BIOS.obj (.text:ti_sysbios_knl_Queue_elemClear__E)
                  0000ee5a    00000006                  : BIOS.obj (.text:ti_sysbios_knl_Swi_startup__E)
                  0000ee60    00000006     ti.targets.arm.rtsarm.aem3 : System.oem3 (.text:xdc_runtime_System_Module_startup__E)
                  0000ee66    00000004     tirtosport.aem3 : HwiP_tirtos.oem3 (.text:HwiP_disable)
                  0000ee6a    00000004     drivers_cc26xxware.aem3 : List.oem3 (.text:List_head)
                  0000ee6e    00000004                             : List.oem3 (.text:List_next)
                  0000ee72    00000004     inv_mpu_dmp_motion_driver.obj (.text:dmp_load_motion_driver_firmware)
                  0000ee76    00000004     drivers_cc26xxware.aem3 : PowerCC26XX.oem3 (.text:nopResourceHandler)
                  0000ee7a    00000004     empty_pem3.oem3 (.text:ti_sysbios_BIOS_RtsGateProxy_enter__E)
                  0000ee7e    00000004     empty_pem3.oem3 (.text:ti_sysbios_BIOS_RtsGateProxy_leave__E)
                  0000ee82    00000004     sysbios.aem3 : BIOS.obj (.text:ti_sysbios_family_arm_cc26xx_Timer_getCount64__E)
                  0000ee86    00000004                  : BIOS.obj (.text:ti_sysbios_family_arm_cc26xx_Timer_setPeriod__E)
                  0000ee8a    00000004     empty_pem3.oem3 (.text:ti_sysbios_family_arm_m3_Hwi_destruct)
                  0000ee8e    00000004     empty_pem3.oem3 (.text:ti_sysbios_family_arm_m3_TaskSupport_Module__startupDone__S)
                  0000ee92    00000004     sysbios.aem3 : BIOS.obj (.text:ti_sysbios_gates_GateHwi_query__E)
                  0000ee96    00000004                  : BIOS.obj (.text:ti_sysbios_gates_GateMutex_query__E)
                  0000ee9a    00000004     empty_pem3.oem3 (.text:ti_sysbios_heaps_HeapMem_Module_GateProxy_enter__E)
                  0000ee9e    00000004     empty_pem3.oem3 (.text:ti_sysbios_heaps_HeapMem_Module_GateProxy_leave__E)
                  0000eea2    00000004     empty_pem3.oem3 (.text:ti_sysbios_knl_Clock_TimerProxy_getCurrentTick__E)
                  0000eea6    00000004     empty_pem3.oem3 (.text:ti_sysbios_knl_Clock_TimerProxy_getMaxTicks__E)
                  0000eeaa    00000004     empty_pem3.oem3 (.text:ti_sysbios_knl_Clock_TimerProxy_setNextTick__E)
                  0000eeae    00000004     empty_pem3.oem3 (.text:ti_sysbios_knl_Clock_destruct)
                  0000eeb2    00000004     sysbios.aem3 : BIOS.obj (.text:ti_sysbios_knl_Clock_removeI__E)
                  0000eeb6    00000004                  : BIOS.obj (.text:ti_sysbios_knl_Clock_setTimeout__E)
                  0000eeba    00000004     empty_pem3.oem3 (.text:ti_sysbios_knl_Queue_destruct)
                  0000eebe    00000004     sysbios.aem3 : BIOS.obj (.text:ti_sysbios_knl_Queue_head__E)
                  0000eec2    00000004                  : BIOS.obj (.text:ti_sysbios_knl_Queue_next__E)
                  0000eec6    00000004     empty_pem3.oem3 (.text:ti_sysbios_knl_Semaphore_destruct)
                  0000eeca    00000004     empty_pem3.oem3 (.text:ti_sysbios_knl_Swi_destruct)
                  0000eece    00000004     sysbios.aem3 : BIOS.obj (.text:ti_sysbios_knl_Swi_postInit__I)
                  0000eed2    00000004                  : BIOS.obj (.text:ti_sysbios_knl_Task_startup__E)
                  0000eed6    00000004     ti.targets.arm.rtsarm.aem3 : Error.oem3 (.text:xdc_runtime_Error_getSite__E)
                  0000eeda    00000004     empty_pem3.oem3 (.text:xdc_runtime_System_Module_GateProxy_enter__E)
                  0000eede    00000004     empty_pem3.oem3 (.text:xdc_runtime_System_Module_GateProxy_leave__E)
                  0000eee2    00000004     ti.targets.arm.rtsarm.aem3 : System.oem3 (.text:xdc_runtime_System_aprintf_va__F)
                  0000eee6    00000004                                : System.oem3 (.text:xdc_runtime_System_printf_va__F)

.const     0    0000eeec    00002e8f     
                  0000eeec    0000179a     empty_pem3.oem3 (.const:xdc_runtime_Text_charTab__A)
                  00010686    00000002     i2c_rutinas.obj (.const)
                  00010688    00000c38     inv_mpu_dmp_motion_driver.obj (.const)
                  000112c0    0000025c     inv_mpu.obj (.const)
                  0001151c    000000b0     empty_pem3.oem3 (.const:xdc_runtime_Text_nodeTab__A)
                  000115cc    00000068     CC2650STK.obj (.const:BoardGpioInitTable)
                  00011634    0000004c     drivers_cc26xxware.aem3 : PowerCC26XX.oem3 (.const:resourceDB)
                  00011680    00000048     empty_pem3.oem3 (.const:.string)
                  000116c8    00000040     drivers_cc26xxware.aem3 : UARTCC26XX.oem3 (.const)
                  00011708    0000003c     empty_pem3.oem3 (.const:ti_sysbios_knl_Task_Object__PARAMS__C)
                  00011744    00000030     empty_pem3.oem3 (.const:ti_sysbios_family_arm_m3_Hwi_Object__PARAMS__C)
                  00011774    0000002c     rtsv7M3_T_le_eabi.lib : xfatan.obj (.const)
                  000117a0    00000028     drivers_cc26xxware.aem3 : UARTCC26XX.oem3 (.const:UARTCC26XX_fxnTable)
                  000117c8    00000028     empty_pem3.oem3 (.const:ti_sysbios_heaps_HeapMem_Module__FXNS__C)
                  000117f0    00000028     empty_pem3.oem3 (.const:ti_sysbios_knl_Swi_Object__PARAMS__C)
                  00011818    00000024     drivers_cc26xxware.aem3 : UART.oem3 (.const:UART_defaultParams)
                  0001183c    00000024     empty_pem3.oem3 (.const:ti_sysbios_gates_GateHwi_Module__FXNS__C)
                  00011860    00000024     empty_pem3.oem3 (.const:ti_sysbios_gates_GateMutex_Module__FXNS__C)
                  00011884    00000024     empty_pem3.oem3 (.const:ti_sysbios_heaps_HeapMem_Object__PARAMS__C)
                  000118a8    00000024     empty_pem3.oem3 (.const:ti_sysbios_knl_Clock_Object__PARAMS__C)
                  000118cc    00000024     empty_pem3.oem3 (.const:ti_sysbios_knl_Semaphore_Object__PARAMS__C)
                  000118f0    00000024     empty_pem3.oem3 (.const:xdc_runtime_Startup_sfxnTab__A)
                  00011914    00000020     CC2650STK.obj (.const)
                  00011934    00000020     empty_pem3.oem3 (.const:ti_sysbios_family_arm_m3_Hwi_Object__DESC__C)
                  00011954    00000020     empty_pem3.oem3 (.const:ti_sysbios_gates_GateHwi_Object__DESC__C)
                  00011974    00000020     empty_pem3.oem3 (.const:ti_sysbios_gates_GateMutex_Object__DESC__C)
                  00011994    00000020     empty_pem3.oem3 (.const:ti_sysbios_heaps_HeapMem_Object__DESC__C)
                  000119b4    00000020     empty_pem3.oem3 (.const:ti_sysbios_knl_Clock_Object__DESC__C)
                  000119d4    00000020     empty_pem3.oem3 (.const:ti_sysbios_knl_Queue_Object__DESC__C)
                  000119f4    00000020     empty_pem3.oem3 (.const:ti_sysbios_knl_Semaphore_Object__DESC__C)
                  00011a14    00000020     empty_pem3.oem3 (.const:ti_sysbios_knl_Swi_Object__DESC__C)
                  00011a34    00000020     empty_pem3.oem3 (.const:ti_sysbios_knl_Task_Object__DESC__C)
                  00011a54    0000001c     drivers_cc26xxware.aem3 : I2CCC26XX.oem3 (.const)
                  00011a70    00000018     CC2650STK.obj (.const:I2C_config)
                  00011a88    00000018     CC2650STK.obj (.const:UART_config)
                  00011aa0    00000018     CC2650STK.obj (.const:i2cCC26xxHWAttrs)
                  00011ab8    00000018     rtsv7M3_T_le_eabi.lib : xfsin.obj (.const)
                  00011ad0    00000018     empty_pem3.oem3 (.const:ti_sysbios_gates_GateHwi_Object__PARAMS__C)
                  00011ae8    00000018     empty_pem3.oem3 (.const:ti_sysbios_gates_GateMutex_Object__PARAMS__C)
                  00011b00    00000018     empty_pem3.oem3 (.const:ti_sysbios_knl_Queue_Object__PARAMS__C)
                  00011b18    00000018     CC2650STK.obj (.const:uartCC26XXHWAttrs)
                  00011b30    00000012     empty_pem3.oem3 (.const:xdc_runtime_Startup_sfxnRts__A)
                  00011b42    00000002     empty_pem3.oem3 (.const:ti_sysbios_family_arm_cc26xx_TimestampProvider_Module__id__C)
                  00011b44    00000010     drivers_cc26xxware.aem3 : I2C.oem3 (.const)
                  00011b54    0000000c     empty_pem3.oem3 (.const:xdc_runtime_Startup_firstFxns__A)
                  00011b60    0000000a     <whole-program> (.const:.string)
                  00011b6a    00000002     empty_pem3.oem3 (.const:ti_sysbios_family_arm_cc26xx_TimestampProvider_useClockTimer__C)
                  00011b6c    00000008     CC2650STK.obj (.const:PINCC26XX_hwAttrs)
                  00011b74    00000008     empty_pem3.oem3 (.const:ti_sysbios_family_arm_m3_Hwi_excHookFuncs__A)
                  00011b7c    00000008     empty_pem3.oem3 (.const:ti_sysbios_knl_Idle_funcList__A)
                  00011b84    00000008     empty_pem3.oem3 (.const:ti_sysbios_knl_Idle_funcList__C)
                  00011b8c    00000008     empty_pem3.oem3 (.const:xdc_runtime_Startup_firstFxns__C)
                  00011b94    00000008     empty_pem3.oem3 (.const:xdc_runtime_Startup_lastFxns__C)
                  00011b9c    00000004     empty_pem3.oem3 (.const:ti_sysbios_family_arm_cc26xx_Timer_startupNeeded__C)
                  00011ba0    00000004     empty_pem3.oem3 (.const:ti_sysbios_family_arm_cc26xx_TimestampProvider_Module__diagsEnabled__C)
                  00011ba4    00000004     empty_pem3.oem3 (.const:ti_sysbios_family_arm_cc26xx_TimestampProvider_Module__diagsIncluded__C)
                  00011ba8    00000004     empty_pem3.oem3 (.const:ti_sysbios_family_arm_cc26xx_TimestampProvider_Module__diagsMask__C)
                  00011bac    00000004     empty_pem3.oem3 (.const:ti_sysbios_family_arm_m3_Hwi_E_NMI__C)
                  00011bb0    00000004     empty_pem3.oem3 (.const:ti_sysbios_family_arm_m3_Hwi_E_alreadyDefined__C)
                  00011bb4    00000004     empty_pem3.oem3 (.const:ti_sysbios_family_arm_m3_Hwi_E_busFault__C)
                  00011bb8    00000004     empty_pem3.oem3 (.const:ti_sysbios_family_arm_m3_Hwi_E_debugMon__C)
                  00011bbc    00000004     empty_pem3.oem3 (.const:ti_sysbios_family_arm_m3_Hwi_E_hardFault__C)
                  00011bc0    00000004     empty_pem3.oem3 (.const:ti_sysbios_family_arm_m3_Hwi_E_memFault__C)
                  00011bc4    00000004     empty_pem3.oem3 (.const:ti_sysbios_family_arm_m3_Hwi_E_noIsr__C)
                  00011bc8    00000004     empty_pem3.oem3 (.const:ti_sysbios_family_arm_m3_Hwi_E_reserved__C)
                  00011bcc    00000004     empty_pem3.oem3 (.const:ti_sysbios_family_arm_m3_Hwi_E_svCall__C)
                  00011bd0    00000004     empty_pem3.oem3 (.const:ti_sysbios_family_arm_m3_Hwi_E_usageFault__C)
                  00011bd4    00000004     empty_pem3.oem3 (.const:ti_sysbios_family_arm_m3_Hwi_NUM_INTERRUPTS__C)
                  00011bd8    00000004     empty_pem3.oem3 (.const:ti_sysbios_family_arm_m3_Hwi_Object__count__C)
                  00011bdc    00000004     empty_pem3.oem3 (.const:ti_sysbios_family_arm_m3_Hwi_ccr__C)
                  00011be0    00000004     empty_pem3.oem3 (.const:ti_sysbios_family_arm_m3_Hwi_excHandlerFunc__C)
                  00011be4    00000004     empty_pem3.oem3 (.const:ti_sysbios_family_arm_m3_Hwi_excHookFuncs__C)
                  00011be8    00000004     empty_pem3.oem3 (.const:ti_sysbios_family_arm_m3_Hwi_nullIsrFunc__C)
                  00011bec    00000004     empty_pem3.oem3 (.const:ti_sysbios_family_arm_m3_Hwi_priGroup__C)
                  00011bf0    00000004     empty_pem3.oem3 (.const:ti_sysbios_family_arm_m3_TaskSupport_stackAlignment__C)
                  00011bf4    00000004     empty_pem3.oem3 (.const:ti_sysbios_gates_GateMutex_A_badContext__C)
                  00011bf8    00000004     empty_pem3.oem3 (.const:ti_sysbios_gates_GateMutex_Instance_State_sem__O)
                  00011bfc    00000004     empty_pem3.oem3 (.const:ti_sysbios_gates_GateMutex_Module__diagsEnabled__C)
                  00011c00    00000004     empty_pem3.oem3 (.const:ti_sysbios_gates_GateMutex_Module__diagsIncluded__C)
                  00011c04    00000004     empty_pem3.oem3 (.const:ti_sysbios_gates_GateMutex_Module__diagsMask__C)
                  00011c08    00000004     empty_pem3.oem3 (.const:ti_sysbios_hal_Hwi_E_stackOverflow__C)
                  00011c0c    00000004     empty_pem3.oem3 (.const:ti_sysbios_heaps_HeapMem_A_align__C)
                  00011c10    00000004     empty_pem3.oem3 (.const:ti_sysbios_heaps_HeapMem_A_heapSize__C)
                  00011c14    00000004     empty_pem3.oem3 (.const:ti_sysbios_heaps_HeapMem_A_invalidFree__C)
                  00011c18    00000004     empty_pem3.oem3 (.const:ti_sysbios_heaps_HeapMem_A_zeroBlock__C)
                  00011c1c    00000004     empty_pem3.oem3 (.const:ti_sysbios_heaps_HeapMem_E_memory__C)
                  00011c20    00000004     empty_pem3.oem3 (.const:ti_sysbios_heaps_HeapMem_Module__diagsEnabled__C)
                  00011c24    00000004     empty_pem3.oem3 (.const:ti_sysbios_heaps_HeapMem_Module__diagsIncluded__C)
                  00011c28    00000004     empty_pem3.oem3 (.const:ti_sysbios_heaps_HeapMem_Module__diagsMask__C)
                  00011c2c    00000004     empty_pem3.oem3 (.const:ti_sysbios_heaps_HeapMem_Module__gateObj__C)
                  00011c30    00000004     empty_pem3.oem3 (.const:ti_sysbios_heaps_HeapMem_Object__count__C)
                  00011c34    00000004     empty_pem3.oem3 (.const:ti_sysbios_heaps_HeapMem_reqAlign__C)
                  00011c38    00000004     empty_pem3.oem3 (.const:ti_sysbios_knl_Clock_A_badThreadType__C)
                  00011c3c    00000004     empty_pem3.oem3 (.const:ti_sysbios_knl_Clock_Module_State_clockQ__O)
                  00011c40    00000004     empty_pem3.oem3 (.const:ti_sysbios_knl_Clock_Module__diagsEnabled__C)
                  00011c44    00000004     empty_pem3.oem3 (.const:ti_sysbios_knl_Clock_Module__diagsIncluded__C)
                  00011c48    00000004     empty_pem3.oem3 (.const:ti_sysbios_knl_Clock_Module__diagsMask__C)
                  00011c4c    00000004     empty_pem3.oem3 (.const:ti_sysbios_knl_Clock_tickPeriod__C)
                  00011c50    00000004     empty_pem3.oem3 (.const:ti_sysbios_knl_Clock_triggerClock__C)
                  00011c54    00000004     empty_pem3.oem3 (.const:ti_sysbios_knl_Semaphore_A_badContext__C)
                  00011c58    00000004     empty_pem3.oem3 (.const:ti_sysbios_knl_Semaphore_A_noEvents__C)
                  00011c5c    00000004     empty_pem3.oem3 (.const:ti_sysbios_knl_Semaphore_A_overflow__C)
                  00011c60    00000004     empty_pem3.oem3 (.const:ti_sysbios_knl_Semaphore_A_pendTaskDisabled__C)
                  00011c64    00000004     empty_pem3.oem3 (.const:ti_sysbios_knl_Semaphore_Instance_State_pendQ__O)
                  00011c68    00000004     empty_pem3.oem3 (.const:ti_sysbios_knl_Semaphore_Module__diagsEnabled__C)
                  00011c6c    00000004     empty_pem3.oem3 (.const:ti_sysbios_knl_Semaphore_Module__diagsIncluded__C)
                  00011c70    00000004     empty_pem3.oem3 (.const:ti_sysbios_knl_Semaphore_Module__diagsMask__C)
                  00011c74    00000004     empty_pem3.oem3 (.const:ti_sysbios_knl_Swi_A_badPriority__C)
                  00011c78    00000004     empty_pem3.oem3 (.const:ti_sysbios_knl_Swi_Module__diagsEnabled__C)
                  00011c7c    00000004     empty_pem3.oem3 (.const:ti_sysbios_knl_Swi_Module__diagsIncluded__C)
                  00011c80    00000004     empty_pem3.oem3 (.const:ti_sysbios_knl_Swi_Module__diagsMask__C)
                  00011c84    00000004     empty_pem3.oem3 (.const:ti_sysbios_knl_Swi_Object__count__C)
                  00011c88    00000004     empty_pem3.oem3 (.const:ti_sysbios_knl_Task_A_badPriority__C)
                  00011c8c    00000004     empty_pem3.oem3 (.const:ti_sysbios_knl_Task_A_badTaskState__C)
                  00011c90    00000004     empty_pem3.oem3 (.const:ti_sysbios_knl_Task_A_badThreadType__C)
                  00011c94    00000004     empty_pem3.oem3 (.const:ti_sysbios_knl_Task_A_badTimeout__C)
                  00011c98    00000004     empty_pem3.oem3 (.const:ti_sysbios_knl_Task_A_noPendElem__C)
                  00011c9c    00000004     empty_pem3.oem3 (.const:ti_sysbios_knl_Task_A_sleepTaskDisabled__C)
                  00011ca0    00000004     empty_pem3.oem3 (.const:ti_sysbios_knl_Task_E_spOutOfBounds__C)
                  00011ca4    00000004     empty_pem3.oem3 (.const:ti_sysbios_knl_Task_E_stackOverflow__C)
                  00011ca8    00000004     empty_pem3.oem3 (.const:ti_sysbios_knl_Task_Module_State_inactiveQ__O)
                  00011cac    00000004     empty_pem3.oem3 (.const:ti_sysbios_knl_Task_Module__diagsEnabled__C)
[...]
00011a88  UART_config                                                            
00011aa0  i2cCC26xxHWAttrs                                                       
00011ad0  ti_sysbios_gates_GateHwi_Object__PARAMS__C                             
00011ae8  ti_sysbios_gates_GateMutex_Object__PARAMS__C                           
00011b00  ti_sysbios_knl_Queue_Object__PARAMS__C                                 
00011b18  uartCC26XXHWAttrs                                                      
00011b30  xdc_runtime_Startup_sfxnRts__A                                         
00011b42  ti_sysbios_family_arm_cc26xx_TimestampProvider_Module__id__C           
00011b44  I2C_defaultParams                                                      
00011b54  xdc_runtime_Startup_firstFxns__A                                       
00011b6a  ti_sysbios_family_arm_cc26xx_TimestampProvider_useClockTimer__C        
00011b6c  PINCC26XX_hwAttrs                                                      
00011b74  ti_sysbios_family_arm_m3_Hwi_excHookFuncs__A                           
00011b7c  ti_sysbios_knl_Idle_funcList__A                                        
00011b84  ti_sysbios_knl_Idle_funcList__C                                        
00011b8c  xdc_runtime_Startup_firstFxns__C                                       
00011b94  xdc_runtime_Startup_lastFxns__C                                        
00011b9c  ti_sysbios_family_arm_cc26xx_Timer_startupNeeded__C                    
00011ba0  ti_sysbios_family_arm_cc26xx_TimestampProvider_Module__diagsEnabled__C 
00011ba4  ti_sysbios_family_arm_cc26xx_TimestampProvider_Module__diagsIncluded__C
00011ba8  ti_sysbios_family_arm_cc26xx_TimestampProvider_Module__diagsMask__C    
00011bac  ti_sysbios_family_arm_m3_Hwi_E_NMI__C                                  
00011bb0  ti_sysbios_family_arm_m3_Hwi_E_alreadyDefined__C                       
00011bb4  ti_sysbios_family_arm_m3_Hwi_E_busFault__C                             
00011bb8  ti_sysbios_family_arm_m3_Hwi_E_debugMon__C                             
00011bbc  ti_sysbios_family_arm_m3_Hwi_E_hardFault__C                            
00011bc0  ti_sysbios_family_arm_m3_Hwi_E_memFault__C                             
00011bc4  ti_sysbios_family_arm_m3_Hwi_E_noIsr__C                                
00011bc8  ti_sysbios_family_arm_m3_Hwi_E_reserved__C                             
00011bcc  ti_sysbios_family_arm_m3_Hwi_E_svCall__C                               
00011bd0  ti_sysbios_family_arm_m3_Hwi_E_usageFault__C                           
00011bd4  ti_sysbios_family_arm_m3_Hwi_NUM_INTERRUPTS__C                         
00011bd8  ti_sysbios_family_arm_m3_Hwi_Object__count__C                          
00011bdc  ti_sysbios_family_arm_m3_Hwi_ccr__C                                    
00011be0  ti_sysbios_family_arm_m3_Hwi_excHandlerFunc__C                         
00011be4  ti_sysbios_family_arm_m3_Hwi_excHookFuncs__C                           
00011be8  ti_sysbios_family_arm_m3_Hwi_nullIsrFunc__C                            
00011bec  ti_sysbios_family_arm_m3_Hwi_priGroup__C                               
00011bf0  ti_sysbios_family_arm_m3_TaskSupport_stackAlignment__C                 
00011bf4  ti_sysbios_gates_GateMutex_A_badContext__C                             
00011bf8  ti_sysbios_gates_GateMutex_Instance_State_sem__O                       
00011bfc  ti_sysbios_gates_GateMutex_Module__diagsEnabled__C                     
00011c00  ti_sysbios_gates_GateMutex_Module__diagsIncluded__C                    
00011c04  ti_sysbios_gates_GateMutex_Module__diagsMask__C                        
00011c08  ti_sysbios_hal_Hwi_E_stackOverflow__C                                  
00011c0c  ti_sysbios_heaps_HeapMem_A_align__C                                    
00011c10  ti_sysbios_heaps_HeapMem_A_heapSize__C                                 
00011c14  ti_sysbios_heaps_HeapMem_A_invalidFree__C                              
00011c18  ti_sysbios_heaps_HeapMem_A_zeroBlock__C                                
00011c1c  ti_sysbios_heaps_HeapMem_E_memory__C                                   
00011c20  ti_sysbios_heaps_HeapMem_Module__diagsEnabled__C                       
00011c24  ti_sysbios_heaps_HeapMem_Module__diagsIncluded__C                      
00011c28  ti_sysbios_heaps_HeapMem_Module__diagsMask__C                          
00011c2c  ti_sysbios_heaps_HeapMem_Module__gateObj__C                            
00011c30  ti_sysbios_heaps_HeapMem_Object__count__C                              
00011c34  ti_sysbios_heaps_HeapMem_reqAlign__C                                   
00011c38  ti_sysbios_knl_Clock_A_badThreadType__C                                
00011c3c  ti_sysbios_knl_Clock_Module_State_clockQ__O                            
00011c40  ti_sysbios_knl_Clock_Module__diagsEnabled__C                           
00011c44  ti_sysbios_knl_Clock_Module__diagsIncluded__C                          
00011c48  ti_sysbios_knl_Clock_Module__diagsMask__C                              
00011c4c  ti_sysbios_knl_Clock_tickPeriod__C                                     
00011c50  ti_sysbios_knl_Clock_triggerClock__C                                   
00011c54  ti_sysbios_knl_Semaphore_A_badContext__C                               
00011c58  ti_sysbios_knl_Semaphore_A_noEvents__C                                 
00011c5c  ti_sysbios_knl_Semaphore_A_overflow__C                                 
00011c60  ti_sysbios_knl_Semaphore_A_pendTaskDisabled__C                         
00011c64  ti_sysbios_knl_Semaphore_Instance_State_pendQ__O                       
00011c68  ti_sysbios_knl_Semaphore_Module__diagsEnabled__C                       
00011c6c  ti_sysbios_knl_Semaphore_Module__diagsIncluded__C                      
00011c70  ti_sysbios_knl_Semaphore_Module__diagsMask__C                          
00011c74  ti_sysbios_knl_Swi_A_badPriority__C                                    
00011c78  ti_sysbios_knl_Swi_Module__diagsEnabled__C                             
00011c7c  ti_sysbios_knl_Swi_Module__diagsIncluded__C                            
00011c80  ti_sysbios_knl_Swi_Module__diagsMask__C                                
00011c84  ti_sysbios_knl_Swi_Object__count__C                                    
00011c88  ti_sysbios_knl_Task_A_badPriority__C                                   
00011c8c  ti_sysbios_knl_Task_A_badTaskState__C                                  
00011c90  ti_sysbios_knl_Task_A_badThreadType__C                                 
00011c94  ti_sysbios_knl_Task_A_badTimeout__C                                    
00011c98  ti_sysbios_knl_Task_A_noPendElem__C                                    
00011c9c  ti_sysbios_knl_Task_A_sleepTaskDisabled__C                             
00011ca0  ti_sysbios_knl_Task_E_spOutOfBounds__C                                 
00011ca4  ti_sysbios_knl_Task_E_stackOverflow__C                                 
00011ca8  ti_sysbios_knl_Task_Module_State_inactiveQ__O                          
00011cac  ti_sysbios_knl_Task_Module__diagsEnabled__C                            
00011cb0  ti_sysbios_knl_Task_Module__diagsIncluded__C                           
00011cb4  ti_sysbios_knl_Task_Module__diagsMask__C                               
00011cb8  ti_sysbios_knl_Task_Object__count__C                                   
00011cbc  ti_sysbios_knl_Task_allBlockedFunc__C                                  
00011cc0  ti_sysbios_knl_Task_defaultStackHeap__C                                
00011cc4  ti_sysbios_knl_Task_defaultStackSize__C                                
00011cc8  ti_sysbios_knl_Task_numConstructedTasks__C                             
00011ccc  xdc_runtime_Assert_E_assertFailed__C                                   
00011cd0  xdc_runtime_Core_A_initializedParams__C                                
00011cd4  xdc_runtime_Core_Module__diagsEnabled__C                               
00011cd8  xdc_runtime_Core_Module__diagsIncluded__C                              
00011cdc  xdc_runtime_Core_Module__diagsMask__C                                  
00011ce0  xdc_runtime_Error_E_memory__C                                          
00011ce4  xdc_runtime_Error_Module__diagsEnabled__C                              
00011ce8  xdc_runtime_Error_Module__diagsIncluded__C                             
00011cec  xdc_runtime_Error_Module__diagsMask__C                                 
00011cf0  xdc_runtime_Error_Module__loggerFxn8__C                                
00011cf4  xdc_runtime_Error_Module__loggerObj__C                                 
00011cf8  xdc_runtime_Error_policyFxn__C                                         
00011cfc  xdc_runtime_Error_raiseHook__C                                         
00011d00  xdc_runtime_IGateProvider_Interface__BASE__C                           
00011d04  xdc_runtime_IHeap_Interface__BASE__C                                   
00011d08  xdc_runtime_IModule_Interface__BASE__C                                 
00011d0c  xdc_runtime_Log_L_error__C                                             
00011d10  xdc_runtime_Memory_defaultHeapInstance__C                              
00011d14  xdc_runtime_Startup_execImpl__C                                        
00011d18  xdc_runtime_Startup_maxPasses__C                                       
00011d1c  xdc_runtime_Startup_sfxnRts__C                                         
00011d20  xdc_runtime_Startup_sfxnTab__C                                         
00011d24  xdc_runtime_SysMin_bufSize__C                                          
00011d28  xdc_runtime_SysMin_outputFunc__C                                       
00011d2c  xdc_runtime_System_Module__gateObj__C                                  
00011d30  xdc_runtime_System_abortFxn__C                                         
00011d34  xdc_runtime_System_exitFxn__C                                          
00011d38  xdc_runtime_System_extendFxn__C                                        
00011d3c  xdc_runtime_System_maxAtexitHandlers__C                                
00011d40  xdc_runtime_Text_charTab__C                                            
00011d44  xdc_runtime_Text_nameEmpty__C                                          
00011d48  xdc_runtime_Text_nameStatic__C                                         
00011d4c  xdc_runtime_Text_nameUnknown__C                                        
00011d50  xdc_runtime_Text_nodeTab__C                                            
00011d54  xdc_runtime_Text_visitRopeFxn__C                                       
00011d58  ti_sysbios_family_arm_m3_Hwi_Module__id__C                             
00011d5a  ti_sysbios_gates_GateMutex_Module__id__C                               
00011d5c  ti_sysbios_hal_Hwi_Module__id__C                                       
00011d5e  ti_sysbios_heaps_HeapMem_Module__id__C                                 
00011d60  ti_sysbios_knl_Clock_Module__id__C                                     
00011d62  ti_sysbios_knl_Semaphore_Module__id__C                                 
00011d64  ti_sysbios_knl_Swi_Module__id__C                                       
00011d66  ti_sysbios_knl_Task_Module__id__C                                      
00011d68  xdc_runtime_Core_Module__id__C                                         
00011d6a  xdc_runtime_Error_Module__loggerDefined__C                             
00011d6c  xdc_runtime_Error_maxDepth__C                                          
00011d6e  xdc_runtime_Memory_Module__id__C                                       
00011d70  xdc_runtime_SysMin_flushAtExit__C                                      
00011d72  xdc_runtime_Text_charCnt__C                                            
00011d74  xdc_runtime_Text_isLoaded__C                                           
00011d76  xdc_runtime_Text_registryModsLastId__C                                 
00011d78  xdc_runtime_Text_unnamedModsLastId__C                                  
00011d7a  xdc_runtime_Error_policy__C                                            
00011d80  __TI_static_base__                                                     
00012100  __TI_Handler_Table_Base                                                
0001210c  __TI_Handler_Table_Limit                                               
00012120  __TI_CINIT_Base                                                        
00012138  __TI_CINIT_Limit                                                       
0001ffa8  __ccfg                                                                 
20000000  ti_sysbios_family_arm_m3_Hwi_ramVectors                                
200000e0  ti_sysbios_heaps_HeapMem_Instance_State_0_buf__A                       
200007b8  fnm                                                                    
20000a18  ti_sysbios_knl_Task_Instance_State_0_stack__A                          
20000f74  s9axis                                                                 
200010ac  __CIOBUF_                                                              
200011cc  uartCC26XXObjects                                                      
200012e0  i2cCC26xxObjects                                                       
200013c0  ti_sysbios_family_arm_m3_Hwi_dispatchTable                             
2000149c  mag_disturb                                                            
200015dc  xdc_runtime_SysMin_Module_State_0_outbuf__A                            
2000165c  PIN_HandleTable                                                        
20001820  buffer                                                                 
200018d4  freq                                                                   
200018ec  PIN_NumPins                                                            
200018f8  driverlib_release_0_45566                                              
20001900  hal_timestamp                                                          
20001904  new_uart                                                               
20001908  mpl_key                                                                
20001928  ledPinTable                                                            
20001958  task0Struct                                                            
200019a8  task0Stack                                                             
20002178  ti_sysbios_family_arm_cc26xx_Timer_Module__root__V                     
20002180  ti_sysbios_family_arm_cc26xx_Timer_Module__state__V                    
20002188  ti_sysbios_family_arm_cc26xx_TimestampProvider_Module__state__V        
2000218c  ti_sysbios_family_arm_m3_Hwi_Module__root__V                           
20002194  ti_sysbios_family_arm_m3_Hwi_Object__table__V                          
200021ac  ti_sysbios_family_arm_m3_Hwi_Module_State_0_excActive__A               
200021b0  ti_sysbios_family_arm_m3_Hwi_Module_State_0_excContext__A              
200021b4  ti_sysbios_family_arm_m3_Hwi_Module_State_0_excStack__A                
200021b8  ti_sysbios_gates_GateHwi_Module__root__V                               
200021c0  ti_sysbios_gates_GateHwi_Object__table__V                              
200021c4  ti_sysbios_gates_GateMutex_Module__root__V                             
200021cc  ti_sysbios_hal_Hwi_Module__root__V                                     
200021d4  ti_sysbios_heaps_HeapMem_Module__root__V                               
200021dc  ti_sysbios_heaps_HeapMem_Object__table__V                              
200021f4  ti_sysbios_knl_Clock_Module__root__V                                   
200021fc  ti_sysbios_knl_Clock_Object__table__V                                  
2000221c  ti_sysbios_knl_Queue_Module__root__V                                   
20002224  ti_sysbios_knl_Semaphore_Module__root__V                               
2000222c  ti_sysbios_knl_Swi_Module__root__V                                     
20002234  ti_sysbios_knl_Swi_Module__state__V                                    
20002250  ti_sysbios_knl_Task_Module__root__V                                    
20002258  ti_sysbios_knl_Task_Module_State_0_idleTask__A                         
2000225c  xdc_runtime_Error_Module__state__V                                     
20002260  xdc_runtime_Memory_Module__state__V                                    
20002264  xdc_runtime_Registry_Module__state__V                                  
2000226c  xdc_runtime_Startup_Module__state__V                                   
20002274  xdc_runtime_SysMin_Module__state__V                                    
20002280  xdc_runtime_System_Module_State_0_atexitHandlers__A                    
20002288  xdc_runtime_System_Module__state__V                                    
20002290  xdc_runtime_Text_Module__state__V                                      
20002298  __xdc__init__addr                                                      
2000229c  PowerCC26XX_module                                                     
20002458  ti_sysbios_knl_Swi_Module_State_0_readyQ__A                            
200024d8  ti_sysbios_knl_Task_Module_State_0_readyQ__A                           
20002558  _FDenorm                                                               
20002568  _FEps                                                                  
20002578  _FSnan                                                                 
20002588  _FXbig                                                                 
2000258c  _FZero                                                                 
20002590  _FNan                                                                  
200025a0  _FRteps                                                                
200025b0  _FInf                                                                  
2000260c  ti_sysbios_knl_Task_Object__table__V                                   
20002658  ti_sysbios_family_arm_cc26xx_Timer_Object__table__V                    
200026a0  ti_sysbios_knl_Task_Module__state__V                                   
200026e4  ti_sysbios_gates_GateMutex_Object__table__V                            
2000271c  ti_sysbios_family_arm_m3_Hwi_Module__state__V                          
20002750  UartIn                                                                 
20002754  uart                                                                   
2000275c  uartParams                                                             
20002780  ti_sysbios_knl_Swi_Object__table__V                                    
200027b0  ti_sysbios_knl_Clock_Module__state__V                                  
200027dc  ti_sysbios_BIOS_Module__state__V                                       
20002810  _lock                                                                  
20002814  _unlock                                                                
20002818  __TI_cleanup_ptr                                                       
2000281c  __TI_dtors_ptr                                                         
20002820  _Fenv                                                                  
20002824  _Tls_setup__Fenv                                                       
20002830  _Errno                                                                 
20002834  main_func_sp                                                           
20004d00  __stack                                                                
20005000  __STACK_END                                                            
e000e000  ti_sysbios_family_arm_m3_Hwi_nvic                                      
ffffffff  __binit__                                                              
ffffffff  __c_args__                                                             
ffffffff  binit                                                                  
UNDEFED   SHT$$INIT_ARRAY$$Base                                                  
UNDEFED   SHT$$INIT_ARRAY$$Limit                                                 

[983 symbols]
