******************************************************************************
                  TI ARM Linker PC v5.2.7                      
******************************************************************************
>> Linked Sun Jun 05 21:23:22 2016

OUTPUT FILE NAME:   <CC2650_MPU9250_DMP_2.out>
ENTRY POINT SYMBOL: "ResetISR"  address: 000114c5


MEMORY CONFIGURATION

         name            origin    length      used     unused   attr    fill
----------------------  --------  ---------  --------  --------  ----  --------
  FLASH                 00000000   00020000  00016ee3  0000911d  R  X
  SRAM                  20000000   00005000  000031f5  00001e0b  RW X


SEGMENT ALLOCATION MAP

run origin  load origin   length   init length attrs members
----------  ----------- ---------- ----------- ----- -------
00000000    00000000    00016e90   00016e90    r-x
  00000000    00000000    0000003c   0000003c    r-- .resetVecs
  0000003c    0000003c    00013b02   00013b02    r-x .text
  00013b40    00013b40    00002f35   00002f35    r-- .const
  00016a78    00016a78    00000418   00000418    r-- .cinit
0001ffa8    0001ffa8    00000058   00000058    r--
  0001ffa8    0001ffa8    00000058   00000058    r-- .ccfg
20000000    20000000    00002efc   00000000    rw-
  20000000    20000000    000000dc   00000000    rw- .vecs
  200000e0    200000e0    00002135   00000000    rw- .bss
  20002218    20002218    00000ce4   00000000    rw- .data
20004d00    20004d00    00000300   00000000    rw-
  20004d00    20004d00    00000300   00000000    rw- .stack


SECTION ALLOCATION MAP

 output                                  attributes/
section   page    origin      length       input sections
--------  ----  ----------  ----------   ----------------
.text      0    0000003c    00013b02     
                  0000003c    000020a4     libmpllib.a : compass_vec_cal.o (.text)
                  000020e0    00000c64                 : accel_auto_cal.o (.text)
                  00002d44    00000c04                 : fast_no_motion.o (.text)
                  00003948    00000a8c                 : quaternion_supervisor.o (.text)
                  000043d4    000006b0                 : fusion_9axis.o (.text)
                  00004a84    0000060c                 : mag_disturb.o (.text)
                  00005090    0000053c     empty.obj (.text:heartBeatFxn)
                  000055cc    00000528     libmpllib.a : gyro_tc.o (.text)
                  00005af4    00000494     driverlib.lib : setup.obj (.text:HapiTrimDeviceShutDown$74)
                  00005f88    00000424     sysbios.aem3 : BIOS.obj (.text:ti_sysbios_family_arm_m3_Hwi_excDumpRegs__I)
                  000063ac    000003e4     rtsv7M3_T_le_eabi.lib : fmod.obj (.text)
                  00006790    00000370                           : fmodf.obj (.text)
                  00006b00    0000034c     ti.targets.arm.rtsarm.aem3 : System.oem3 (.text:xdc_runtime_System_doPrint__I)
                  00006e4c    00000298     rtsv7M3_T_le_eabi.lib : xsin.obj (.text)
                  000070e4    00000248     sysbios.aem3 : BIOS.obj (.text:ti_sysbios_heaps_HeapMem_free__E)
                  0000732c    00000244     data_builder.obj (.text:inv_build_compass)
                  00007570    00000244     sysbios.aem3 : BIOS.obj (.text:ti_sysbios_heaps_HeapMem_alloc__E)
                  000077b4    00000228     drivers_cc26xxware.aem3 : PowerCC26XX.oem3 (.text:Power_sleep)
                  000079dc    00000224     sysbios.aem3 : BIOS.obj (.text:ti_sysbios_knl_Semaphore_pend__E)
                  00007c00    0000021e     rtsv7M3_T_le_eabi.lib : ll_div_t2.obj (.text)
                  00007e1e    00000002     drivers_cc26xxware.aem3 : PowerCC26XX.oem3 (.text:emptyClockFunc)
                  00007e20    0000021c     inv_mpu.obj (.text:mpu_lp_motion_interrupt)
                  0000803c    0000020c     results_holder.obj (.text:inv_get_quaternion)
                  00008248    00000200     driverlib.lib : sys_ctrl.obj (.text:SysCtrlSetRechargeBeforePowerDown)
                  00008448    000001f4     rtsv7M3_T_le_eabi.lib : ull_div_t2.obj (.text)
                  0000863c    000001f0     inv_mpu.obj (.text:setup_compass$17)
                  0000882c    000001f0     sysbios.aem3 : BIOS.obj (.text:ti_sysbios_knl_Task_Instance_finalize__E)
                  00008a1c    000001e0     drivers_cc26xxware.aem3 : PINCC26XX.oem3 (.text:PIN_init)
                  00008bfc    000001dc     rtsv7M3_T_le_eabi.lib : xlog.obj (.text)
                  00008dd8    000001d0     drivers_cc26xxware.aem3 : PowerCC26XX_calibrateRCOSC.oem3 (.text:calibrateRcoscHf1)
                  00008fa8    000001d0     rtsv7M3_T_le_eabi.lib : xdscale.obj (.text)
                  00009178    000001c0     sysbios.aem3 : BIOS.obj (.text:ti_sysbios_knl_Task_Instance_init__E)
                  00009338    000001bc     inv_mpu_dmp_motion_driver.obj (.text:dmp_enable_feature)
                  000094f4    000001b6     rtsv7M3_T_le_eabi.lib : fd_add_t2.obj (.text)
                  000096aa    00000002                           : i_div0.obj (.text)
                  000096ac    000001a0     data_builder.obj (.text:inv_build_accel)
                  0000984c    00000198     inv_mpu_dmp_motion_driver.obj (.text:dmp_read_fifo)
                  000099e4    00000194     inv_mpu.obj (.text:mpu_read_fifo)
                  00009b78    00000190     drivers_cc26xxware.aem3 : UARTCC26XX.oem3 (.text:UARTCC26XX_open)
                  00009d08    00000190     rtsv7M3_T_le_eabi.lib : xfsin.obj (.text)
                  00009e98    00000188     data_builder.obj (.text:inv_build_gyro)
                  0000a020    00000188     inv_mpu.obj (.text:mpu_reset_fifo)
                  0000a1a8    00000180     drivers_cc26xxware.aem3 : PowerCC26XX_calibrateRCOSC.oem3 (.text:PowerCC26XX_doCalibrate)
                  0000a328    0000016c     sysbios.aem3 : BIOS.obj (.text:ti_sysbios_family_arm_m3_Hwi_excBusFault__I)
                  0000a494    00000166     data_builder.obj (.text:inv_apply_calibration)
                  0000a5fa    00000166     ml_math_func.obj (.text:inv_quaternion_to_rotation)
                  0000a760    00000160     sysbios.aem3 : BIOS.obj (.text:ti_sysbios_knl_Task_sleep__E)
                  0000a8c0    00000158                  : BIOS.obj (.text:ti_sysbios_family_arm_m3_Hwi_excUsageFault__I)
                  0000aa18    00000140     inv_mpu.obj (.text:mpu_set_sensors)
                  0000ab58    00000140     rtsv7M3_T_le_eabi.lib : sqrt.obj (.text)
                  0000ac98    00000140     sysbios.aem3 : BIOS.obj (.text:ti_sysbios_family_arm_m3_Hwi_excMemFault__I)
                  0000add8    00000136     ml_math_func.obj (.text:inv_q_mult)
                  0000af0e    00000136     rtsv7M3_T_le_eabi.lib : fd_div_t2.obj (.text)
                  0000b044    00000134     sysbios.aem3 : BIOS.obj (.text:ti_sysbios_heaps_HeapMem_Instance_init__E)
                  0000b178    00000130     ml_math_func.obj (.text:inv_compass_angle)
                  0000b2a8    00000130     ml_math_func.obj (.text:inv_q_normalizef)
                  0000b3d8    00000130     inv_mpu.obj (.text:mpu_init)
                  0000b508    0000012c     inv_mpu_dmp_motion_driver.obj (.text:dmp_set_orientation)
                  0000b634    0000011c     empty.obj (.text:main)
                  0000b750    0000011c     rtsv7M3_T_le_eabi.lib : xfdscale.obj (.text)
                  0000b86c    00000118     drivers_cc26xxware.aem3 : PowerCC26XX.oem3 (.text:Power_init)
                  0000b984    00000118     ti.targets.arm.rtsarm.aem3 : Error.oem3 (.text:xdc_runtime_Error_policyDefault__E)
                  0000ba9c    00000110     data_builder.obj (.text:inv_execute_on_data)
                  0000bbac    0000010a     ml_math_func.obj (.text:inv_q_multf)
                  0000bcb6    00000002     rtsv7M3_T_le_eabi.lib : l_div0.obj (.text)
                  0000bcb8    00000108     sysbios.aem3 : BIOS.obj (.text:ti_sysbios_knl_Clock_Instance_init__E)
                  0000bdc0    00000104     inv_mpu.obj (.text:mpu_set_bypass)
                  0000bec4    00000104     rtsv7M3_T_le_eabi.lib : atan2f.obj (.text)
                  0000bfc8    00000100     ti.targets.arm.rtsarm.aem3 : Core-mem.oem3 (.text:xdc_runtime_Core_createObject__I)
                  0000c0c8    000000fc     drivers_cc26xxware.aem3 : UARTCC26XX.oem3 (.text:UARTCC26XX_write)
                  0000c1c4    000000fc     rtsv7M3_T_le_eabi.lib : fd_mul_t2.obj (.text)
                  0000c2c0    000000fc     sysbios.aem3 : BIOS.obj (.text:ti_sysbios_family_arm_m3_Hwi_excFillContext__I)
                  0000c3bc    000000fa     rtsv7M3_T_le_eabi.lib : fs_add_t2.obj (.text)
                  0000c4b6    00000002     empty_pem3.oem3 (.text:ti_sysbios_BIOS_nullFunc__I)
                  0000c4b8    000000f8     drivers_cc26xxware.aem3 : I2CCC26XX.oem3 (.text:I2CCC26XX_open)
                  0000c5b0    000000f8     ti.targets.arm.rtsarm.aem3 : Startup.oem3 (.text:xdc_runtime_Startup_startMods__I)
                  0000c6a8    000000f8     empty_pem3.oem3 (.text:xdc_runtime_System_printfExtend__I)
                  0000c7a0    000000f4     drivers_cc26xxware.aem3 : I2CCC26XX.oem3 (.text:I2CCC26XX_hwiFxn)
                  0000c894    000000f4     data_builder.obj (.text:inv_register_data_cb)
                  0000c988    000000ec     drivers_cc26xxware.aem3 : UARTCC26XX.oem3 (.text:UARTCC26XX_hwiIntFxn)
                  0000ca74    000000ec     sysbios.aem3 : BIOS.obj (.text:ti_sysbios_family_arm_m3_Hwi_excHandlerMax__I)
                  0000cb60    000000e4                  : BIOS.obj (.text:ti_sysbios_knl_Semaphore_post__E)
                  0000cc44    000000e4     driverlib.lib : setup.obj (.text:trimDevice)
                  0000cd28    000000d8     rtsv7M3_T_le_eabi.lib : xfatan.obj (.text)
                  0000ce00    000000d8     sysbios.aem3 : BIOS.obj (.text:ti_sysbios_knl_Swi_Instance_init__E)
                  0000ced8    000000d4     drivers_cc26xxware.aem3 : PowerCC26XX.oem3 (.text:Power_releaseDependency)
                  0000cfac    000000d0                             : PowerCC26XX.oem3 (.text:Power_setDependency)
                  0000d07c    000000d0     inv_mpu_dmp_motion_driver.obj (.text:dmp_set_tap_thresh)
                  0000d14c    000000d0     sysbios.aem3 : m3_Hwi_asm.obj (.text:ti_sysbios_family_arm_m3_Hwi_dispatch__I)
                  0000d21c    000000cc     rtsv7M3_T_le_eabi.lib : sqrtf.obj (.text)
                  0000d2e8    000000cc     ti.targets.arm.rtsarm.aem3 : Core-smem.oem3 (.text:xdc_runtime_Core_constructObject__I)
                  0000d3b4    000000c8     drivers_cc26xxware.aem3 : UARTCC26XX.oem3 (.text:UARTCC26XX_initHw)
                  0000d47c    000000c4     rtsv7M3_T_le_eabi.lib : acosf.obj (.text)
                  0000d540    000000c2     drivers_cc26xxware.aem3 : I2CCC26XX.oem3 (.text:I2CCC26XX_transfer)
                  0000d602    000000be     rtsv7M3_T_le_eabi.lib : xdnorm.obj (.text)
                  0000d6c0    000000bc     power_cc26xx_tirtos.aem3 : PowerCC26XX_tirtos.oem3 (.text:PowerCC26XX_standbyPolicy)
                  0000d77c    000000bc     drivers_cc26xxware.aem3 : UARTCC26XX.oem3 (.text:UARTCC26XX_read)
                  0000d838    000000b8                             : PINCC26XX.oem3 (.text:PINCC26XX_setIoCfg)
                  0000d8f0    000000b8     inv_mpu.obj (.text:mpu_load_firmware)
                  0000d9a8    000000b4     inv_mpu.obj (.text:mpu_get_compass_reg)
                  0000da5c    000000b4     sysbios.aem3 : BIOS.obj (.text:ti_sysbios_family_arm_m3_Hwi_excDebugMon__I)
                  0000db10    000000b4                  : BIOS.obj (.text:ti_sysbios_family_arm_m3_Hwi_excHardFault__I)
                  0000dbc4    000000b4                  : BIOS.obj (.text:ti_sysbios_knl_Task_checkStacks__E)
                  0000dc78    000000b0     ml_math_func.obj (.text:inv_orientation_matrix_to_scalar)
                  0000dd28    000000b0     inv_mpu.obj (.text:mpu_lp_accel_mode)
                  0000ddd8    000000b0     sysbios.aem3 : BIOS.obj (.text:ti_sysbios_gates_GateMutex_enter__E)
                  0000de88    000000a4     packet.obj (.text:eMPL_send_quat)
                  0000df2c    000000a4     inv_mpu.obj (.text:mpu_read_fifo_stream)
                  0000dfd0    000000a0     auto_init.aem3 : auto_init.oem3 (.text)
                  0000e070    000000a0     eMPL_outputs.obj (.text:inv_generate_eMPL_outputs$15)
                  0000e110    000000a0     ml_math_func.obj (.text:inv_q_norm4)
                  0000e1b0    000000a0     sysbios.aem3 : BIOS.obj (.text:ti_sysbios_knl_Clock_Instance_finalize__E)
                  0000e250    000000a0     ti.targets.arm.rtsarm.aem3 : Text.oem3 (.text:xdc_runtime_Text_putMod__E)
                  0000e2f0    0000009c     data_builder.obj (.text:inv_init_data_builder)
                  0000e38c    0000009c     rtsv7M3_T_le_eabi.lib : memcpy_t2.obj (.text)
                  0000e428    0000009c     sysbios.aem3 : BIOS.obj (.text:ti_sysbios_knl_Semaphore_Instance_init__E)
                  0000e4c4    0000009a     ti.targets.arm.rtsarm.aem3 : Text.oem3 (.text:xdc_runtime_Text_putSite__E)
                  0000e55e    00000002     sysbios.aem3 : BIOS.obj (.text:ti_sysbios_gates_GateHwi_Instance_init__E)
                  0000e560    00000098                  : BIOS.obj (.text:ti_sysbios_knl_Clock_workFuncDynamic__E)
                  0000e5f8    00000094     drivers_cc26xxware.aem3 : PINCC26XX.oem3 (.text:PIN_open)
                  0000e68c    00000094     results_holder.obj (.text:inv_get_quaternion_set)
                  0000e720    00000094     sysbios.aem3 : BIOS.obj (.text:ti_sysbios_family_arm_m3_Hwi_Instance_init__E)
                  0000e7b4    00000094     drivers_cc26xxware.aem3 : UARTCC26XX.oem3 (.text:writeFinishedDoCallback)
                  0000e848    00000092     rtsv7M3_T_le_eabi.lib : fs_div_t2.obj (.text)
                  0000e8da    00000002     sysbios.aem3 : BIOS.obj (.text:ti_sysbios_knl_Clock_logTick__E)
                  0000e8dc    00000090     inv_mpu.obj (.text:mpu_set_sample_rate)
                  0000e96c    00000090     drivers_cc26xxware.aem3 : PowerCC26XX.oem3 (.text:switchXOSCHFclockFunc)
                  0000e9fc    0000008c                             : I2CCC26XX.oem3 (.text:I2CCC26XX_primeTransfer)
                  0000ea88    0000008c     driverlib.lib : osc.obj (.text:NOROM_OSCClockSourceSet)
                  0000eb14    0000008c     drivers_cc26xxware.aem3 : UARTCC26XX.oem3 (.text:UARTCC26XX_initIO)
                  0000eba0    0000008c                             : UARTCC26XX.oem3 (.text:UARTCC26XX_writeCancel)
                  0000ec2c    00000086     rtsv7M3_T_le_eabi.lib : fd_cmp_t2.obj (.text:__aeabi_cdcmple)
                  0000ecb2    00000086                           : fd_cmp_t2.obj (.text:__aeabi_cdrcmple)
                  0000ed38    00000086     ml_math_func.obj (.text:inv_convert_to_body_with_scale)
                  0000edbe    00000002     sysbios.aem3 : BIOS.obj (.text:ti_sysbios_knl_Clock_triggerFunc__I)
                  0000edc0    00000084     results_holder.obj (.text:inv_get_gravity)
                  0000ee44    00000080     inv_mpu.obj (.text:mpu_get_temperature)
                  0000eec4    00000080     sysbios.aem3 : BIOS.obj (.text:ti_sysbios_family_arm_m3_Hwi_initNVIC__E)
                  0000ef44    00000080                  : BIOS.obj (.text:ti_sysbios_knl_Task_postInit__I)
                  0000efc4    0000007c     drivers_cc26xxware.aem3 : PowerCC26XX.oem3 (.text:disableLFClockQualifiers)
                  0000f040    0000007a     rtsv7M3_T_le_eabi.lib : fs_mul_t2.obj (.text)
                  0000f0ba    0000007a                           : memset_t2.obj (.text)
                  0000f134    0000007a                           : xfdnorm.obj (.text)
                  0000f1ae    00000002     --HOLE-- [fill = 0]
                  0000f1b0    00000078     drivers_cc26xxware.aem3 : UARTCC26XX.oem3 (.text:UARTCC26XX_close)
                  0000f228    00000078     sysbios.aem3 : BIOS.obj (.text:ti_sysbios_knl_Clock_walkQueueDynamic__E)
                  0000f2a0    00000074     drivers_cc26xxware.aem3 : PowerCC26XX_calibrateRCOSC.oem3 (.text:PowerCC26XX_auxISR)
                  0000f314    00000074                             : PowerCC26XX_calibrateRCOSC.oem3 (.text:calibrateRcoscHf2)
                  0000f388    00000074     packet.obj (.text:ini_uart)
                  0000f3fc    00000074     data_builder.obj (.text:inv_set_gyro_bias)
                  0000f470    00000074     inv_mpu.obj (.text:mpu_set_dmp_state)
                  0000f4e4    00000074     drivers_cc26xxware.aem3 : UARTCC26XX.oem3 (.text:writeTxFifoFlush)
                  0000f558    00000070     driverlib.lib : chipinfo.obj (.text:ChipInfo_GetHwRevision)
                  0000f5c8    00000070                   : osc.obj (.text:OSCHF_AttemptToSwitchToXosc)
                  0000f638    00000070     drivers_cc26xxware.aem3 : UARTCC26XX.oem3 (.text:UARTCC26XX_readCancel)
                  0000f6a8    00000070     inv_mpu.obj (.text:mpu_set_gyro_fsr)
                  0000f718    0000006e     rtsv7M3_T_le_eabi.lib : fd_tos_t2.obj (.text)
                  0000f786    00000002     --HOLE-- [fill = 0]
                  0000f788    0000006d     ti.targets.arm.rtsarm.aem3 : System.oem3 (.text:xdc_runtime_System_formatNum__I)
                  0000f7f5    00000003     --HOLE-- [fill = 0]
                  0000f7f8    0000006c     drivers_cc26xxware.aem3 : PowerCC26XX.oem3 (.text:PowerCC26XX_calibrate)
                  0000f864    0000006c     inv_mpu.obj (.text:mpu_set_lpf)
                  0000f8d0    0000006c     rtsv7M3_T_le_eabi.lib : fs_toll_t2.obj (.text)
                  0000f93c    0000006c     ti.targets.arm.rtsarm.aem3 : Error.oem3 (.text:xdc_runtime_Error_print__E)
                  0000f9a8    0000006c                                : Memory.oem3 (.text:xdc_runtime_Memory_alloc__E)
                  0000fa14    0000006a     rtsv7M3_T_le_eabi.lib : copy_decompress_rle.obj (.text)
                  0000fa7e    00000002     --HOLE-- [fill = 0]
                  0000fa80    00000068     driverlib.lib : setup.obj (.text:GetTrimForAmpcompCtrl$74)
                  0000fae8    00000068                   : setup.obj (.text:GetTrimForAnabypassValue1$74)
                  0000fb50    00000068                   : sys_ctrl.obj (.text:SysCtrl_DCDC_VoltageConditionalControl)
                  0000fbb8    00000068     storage_manager.obj (.text:inv_register_load_store)
                  0000fc20    00000068     inv_mpu.obj (.text:mpu_set_accel_fsr)
                  0000fc88    00000068     rtsv7M3_T_le_eabi.lib : trgmsg.obj (.text)
                  0000fcf0    00000068     sysbios.aem3 : BIOS.obj (.text:ti_sysbios_family_arm_cc26xx_TimestampProvider_Module_startup__E)
                  0000fd58    00000068                  : BIOS.obj (.text:ti_sysbios_knl_Clock_startI__E)
                  0000fdc0    00000068                  : BIOS.obj (.text:ti_sysbios_knl_Clock_start__E)
                  0000fe28    00000068                  : BIOS.obj (.text:ti_sysbios_knl_Swi_restoreHwi__E)
                  0000fe90    00000066     mpl.obj (.text:inv_init_mpl)
                  0000fef6    00000066     rtsv7M3_T_le_eabi.lib : xdunscal.obj (.text)
                  0000ff5c    00000066     ti.targets.arm.rtsarm.aem3 : Core-mem.oem3 (.text:xdc_runtime_Core_deleteObject__I)
                  0000ffc2    00000002     --HOLE-- [fill = 0]
                  0000ffc4    00000064     drivers_cc26xxware.aem3 : I2CCC26XX.oem3 (.text:I2CCC26XX_close)
                  00010028    00000064                             : I2CCC26XX.oem3 (.text:I2CCC26XX_initIO)
                  0001008c    00000064     inv_mpu.obj (.text:set_int_enable$17)
                  000100f0    00000064     sysbios.aem3 : BIOS.obj (.text:ti_sysbios_family_arm_cc26xx_Timer_start__E)
                  00010154    00000064                  : BIOS.obj (.text:ti_sysbios_knl_Task_startCore__E)
                  000101b8    00000060     driverlib.lib : osc.obj (.text:NOROM_OSCClockSourceGet)
                  00010218    00000060     rtsv7M3_T_le_eabi.lib : fs_cmp_t2.obj (.text:__aeabi_cfcmple)
                  00010278    00000060                           : fs_cmp_t2.obj (.text:__aeabi_cfrcmple)
                  000102d8    00000060     sysbios.aem3 : BIOS.obj (.text:ti_sysbios_knl_Task_schedule__I)
                  00010338    00000060     drivers_cc26xxware.aem3 : PowerCC26XX_calibrateRCOSC.oem3 (.text:updateSubSecInc)
                  00010398    0000005c                             : PINCC26XX.oem3 (.text:PIN_remove)
                  000103f4    0000005c                             : PowerCC26XX_calibrateRCOSC.oem3 (.text:PowerCC26XX_RCOSC_clockFunc)
                  00010450    0000005c     driverlib.lib : sys_ctrl.obj (.text:SysCtrlAdjustRechargeAfterPowerDown)
                  000104ac    0000005c     data_builder.obj (.text:inv_set_accel_bias_mask)
                  00010508    0000005c     inv_mpu.obj (.text:mpu_configure_fifo)
                  00010564    0000005c     inv_mpu.obj (.text:mpu_set_int_latched)
                  000105c0    0000005c     sysbios.aem3 : BIOS.obj (.text:ti_sysbios_knl_Task_Module_startup__E)
                  0001061c    0000005b     ti.targets.arm.rtsarm.aem3 : Text.oem3 (.text:xdc_runtime_Text_putLab__E)
                  00010677    00000001     --HOLE-- [fill = 0]
                  00010678    00000058     drivers_cc26xxware.aem3 : I2CCC26XX.oem3 (.text:I2CCC26XX_swiFxn)
                  000106d0    00000058                             : PowerCC26XX_calibrateRCOSC.oem3 (.text:PowerCC26XX_initiateCalibration)
                  00010728    00000058                             : UARTCC26XX.oem3 (.text:UARTCC26XX_control)
                  00010780    00000058     hal_outputs.obj (.text:inv_get_sensor_type_gravity)
                  000107d8    00000058     inv_mpu.obj (.text:mpu_read_mem)
                  00010830    00000058     inv_mpu.obj (.text:mpu_write_mem)
                  00010888    00000058     empty_pem3.oem3 (.text:ti_sysbios_family_arm_m3_Hwi_construct)
                  000108e0    00000058     sysbios.aem3 : BIOS.obj (.text:ti_sysbios_family_arm_m3_Hwi_postInit__I)
                  00010938    00000058                  : BIOS.obj (.text:ti_sysbios_knl_Swi_run__I)
                  00010990    00000056     rtsv7M3_T_le_eabi.lib : xfdunsca.obj (.text)
                  000109e6    00000002     --HOLE-- [fill = 0]
                  000109e8    00000054     drivers_cc26xxware.aem3 : PowerCC26XX.oem3 (.text:configureXOSCHF)
                  00010a3c    00000054     i2c_rutinas.obj (.text:i2c_sel_interface)
                  00010a90    00000054     data_builder.obj (.text:inv_set_compass_bias)
                  00010ae4    00000054     rtsv7M3_T_le_eabi.lib : trgdrv.obj (.text)
                  00010b38    00000054     sysbios.aem3 : BIOS.obj (.text:ti_sysbios_family_arm_m3_Hwi_dispatchC__I)
                  00010b8c    00000054                  : BIOS.obj (.text:ti_sysbios_knl_Swi_Instance_finalize__E)
                  00010be0    00000054     empty_pem3.oem3 (.text:ti_sysbios_knl_Swi_construct)
                  00010c34    00000054     sysbios.aem3 : BIOS.obj (.text:ti_sysbios_knl_Swi_schedule__I)
                  00010c88    00000054     empty_pem3.oem3 (.text:ti_sysbios_knl_Task_construct)
                  00010cdc    00000054     ti.targets.arm.rtsarm.aem3 : Assert.oem3 (.text:xdc_runtime_Assert_raise__I)
                  00010d30    00000050     data_builder.obj (.text:inv_reset_compass_soft_iron_matrix)
                  00010d80    00000050     data_builder.obj (.text:inv_unregister_data_cb)
                  00010dd0    00000050     drivers_cc26xxware.aem3 : UARTCC26XX.oem3 (.text:startTxFifoEmptyClk)
                  00010e20    00000050     sysbios.aem3 : BIOS.obj (.text:ti_sysbios_knl_Swi_runLoop__I)
                  00010e70    00000050     ti.targets.arm.rtsarm.aem3 : Startup.oem3 (.text:xdc_runtime_Startup_exec__E)
                  00010ec0    0000004c     drivers_cc26xxware.aem3 : UARTCC26XX.oem3 (.text:UARTCC26XX_swiIntFxn)
                  00010f0c    0000004c     inv_mpu_dmp_motion_driver.obj (.text:dmp_set_fifo_rate)
                  00010f58    0000004c     inv_mpu.obj (.text:mpu_set_compass_sample_rate)
                  00010fa4    0000004c     rtsv7M3_T_le_eabi.lib : cpy_tbl.obj (.text)
                  00010ff0    0000004c     sysbios.aem3 : m3_TaskSupport_asm.obj (.text:ti_sysbios_family_arm_m3_TaskSupport_buildTaskStack)
                  0001103c    0000004c     ti.targets.arm.rtsarm.aem3 : Text.oem3 (.text:xdc_runtime_Text_visitRope2__I)
                  00011088    0000004a     ml_math_func.obj (.text:inv_q_rotate)
                  000110d2    00000002     --HOLE-- [fill = 0]
                  000110d4    00000048     driverlib.lib : chipinfo.obj (.text:ChipInfo_GetChipFamily)
                  0001111c    00000048     drivers_cc26xxware.aem3 : I2CCC26XX.oem3 (.text:I2CCC26XX_initHw)
                  00011164    00000048     driverlib.lib : ddi.obj (.text:NOROM_DDI16BitfieldWrite)
                  000111ac    00000048                   : osc.obj (.text:OSCHF_SwitchToRcOscTurnOffXosc)
                  000111f4    00000048     drivers_cc26xxware.aem3 : PINCC26XX.oem3 (.text:PIN_setOutputEnable)
                  0001123c    00000048                             : PINCC26XX.oem3 (.text:PIN_swi)
                  00011284    00000048                             : PowerCC26XX.oem3 (.text:notify)
                  000112cc    00000048     rtsv7M3_T_le_eabi.lib : fd_toi_t2.obj (.text)
                  00011314    00000048                           : ll_tofs_t2.obj (.text)
                  0001135c    00000048     sysbios.aem3 : BIOS.obj (.text:ti_sysbios_family_arm_m3_Hwi_Module_startup__E)
                  000113a4    00000048                  : BIOS.obj (.text:ti_sysbios_family_arm_m3_Hwi_excReserved__I)
                  000113ec    00000048                  : m3_Hwi_asm_switch.obj (.text:ti_sysbios_family_arm_m3_Hwi_initStacks__E)
                  00011434    00000048                  : BIOS.obj (.text:ti_sysbios_heaps_HeapMem_getStats__E)
                  0001147c    00000046     ti.targets.arm.rtsarm.aem3 : Core-params.oem3 (.text:xdc_runtime_Core_assignParams__I)
                  000114c2    00000002     --HOLE-- [fill = 0]
                  000114c4    00000044     boot.aem3 : boot.oem3 (.text)
                  00011508    00000044     inv_mpu_dmp_motion_driver.obj (.text:decode_gesture$18)
                  0001154c    00000044     i2c_rutinas.obj (.text:i2c_write)
                  00011590    00000044     start_manager.obj (.text:inv_unregister_mpl_start_notification)
                  000115d4    00000044     rtsv7M3_T_le_eabi.lib : exit.obj (.text)
                  00011618    00000044                           : feraiseexcept.obj (.text)
                  0001165c    00000044     sysbios.aem3 : BIOS.obj (.text:ti_sysbios_family_arm_m3_Hwi_disableInterrupt__E)
                  000116a0    00000044                  : BIOS.obj (.text:ti_sysbios_family_arm_m3_Hwi_enableInterrupt__E)
                  000116e4    00000044                  : BIOS.obj (.text:ti_sysbios_knl_Swi_post__E)
                  00011728    00000044                  : BIOS.obj (.text:ti_sysbios_knl_Task_allBlockedFunction__I)
                  0001176c    00000044     ti.targets.arm.rtsarm.aem3 : Error.oem3 (.text:xdc_runtime_Error_setX__E)
                  000117b0    00000044                                : SysMin.oem3 (.text:xdc_runtime_SysMin_flush__E)
                  000117f4    00000044                                : Text.oem3 (.text:xdc_runtime_Text_xprintf__I)
                  00011838    00000040     driverlib.lib : ddi.obj (.text:NOROM_DDI16BitfieldRead)
                  00011878    00000040     i2c_rutinas.obj (.text:i2c_escribe)
                  000118b8    00000040     i2c_rutinas.obj (.text:i2c_inicia)
                  000118f8    00000040     data_builder.obj (.text:inv_db_load_func$6)
                  00011938    00000040     results_holder.obj (.text:inv_get_linear_accel)
                  00011978    00000040     rtsv7M3_T_le_eabi.lib : u_divt2.obj (.text)
                  000119b8    00000040     sysbios.aem3 : BIOS.obj (.text:ti_sysbios_family_arm_m3_Hwi_getStackInfo__E)
                  000119f8    0000003c     driverlib.lib : osc.obj (.text:OSC_HPOSCRelativeFrequencyOffsetGet)
                  00011a34    0000003c     drivers_cc26xxware.aem3 : PINCC26XX.oem3 (.text:PIN_setOutputValue)
                  00011a70    0000003c     results_holder.obj (.text:inv_set_motion_state)
                  00011aac    0000003c     rtsv7M3_T_le_eabi.lib : signal.obj (.text)
                  00011ae8    0000003c     sysbios.aem3 : BIOS.obj (.text:ti_sysbios_family_arm_m3_Hwi_excSvCall__I)
                  00011b24    0000003a     inv_mpu_dmp_motion_driver.obj (.text:dmp_enable_6x_lp_quat)
                  00011b5e    0000003a     inv_mpu_dmp_motion_driver.obj (.text:dmp_enable_lp_quat)
                  00011b98    0000003a     sysbios.aem3 : BIOS.obj (.text:ti_sysbios_knl_Task_exit__E)
                  00011bd2    00000002     --HOLE-- [fill = 0]
                  00011bd4    00000038     drivers_cc26xxware.aem3 : I2C.oem3 (.text:I2C_init)
                  00011c0c    00000038                             : PINCC26XX.oem3 (.text:PIN_setInterrupt)
                  00011c44    00000038                             : UART.oem3 (.text:UART_init)
                  00011c7c    00000038     i2c_rutinas.obj (.text:i2c_escribe_lee)
                  00011cb4    00000038     results_holder.obj (.text:inv_get_linear_accel_float)
                  00011cec    00000038     drivers_cc26xxware.aem3 : UARTCC26XX.oem3 (.text:readData)
                  00011d24    00000038     rtsv7M3_T_le_eabi.lib : fs_tod_t2.obj (.text)
                  00011d5c    00000038                           : fs_toi_t2.obj (.text)
                  00011d94    00000038                           : i_tofs_t2.obj (.text)
                  00011dcc    00000038     sysbios.aem3 : BIOS.obj (.text:ti_sysbios_family_arm_cc26xx_Timer_getCurrentTick__E)
                  00011e04    00000038                  : BIOS.obj (.text:ti_sysbios_family_arm_m3_Hwi_excNoIsr__I)
                  00011e3c    00000038     drivers_cc26xxware.aem3 : UARTCC26XX.oem3 (.text:writeData)
                  00011e74    00000038     ti.targets.arm.rtsarm.aem3 : SysMin.oem3 (.text:xdc_runtime_SysMin_putch__E)
                  00011eac    00000038                                : System.oem3 (.text:xdc_runtime_System_atexit__E)
                  00011ee4    00000034     drivers_cc26xxware.aem3 : PINCC26XX.oem3 (.text:PIN_setConfig)
                  00011f18    00000034     sysbios.aem3 : BIOS.obj (.text:ti_sysbios_family_arm_m3_Hwi_excNmi__I)
                  00011f4c    00000034                  : BIOS.obj (.text:ti_sysbios_hal_Hwi_checkStack)
                  00011f80    00000034                  : BIOS.obj (.text:ti_sysbios_heaps_HeapMem_init__I)
                  00011fb4    00000034     empty_pem3.oem3 (.text:ti_sysbios_knl_Clock_construct)
                  00011fe8    00000034     sysbios.aem3 : BIOS.obj (.text:ti_sysbios_knl_Swi_restore__E)
                  0001201c    00000034                  : BIOS.obj (.text:ti_sysbios_knl_Task_blockI__E)
                  00012050    00000034     ti.targets.arm.rtsarm.aem3 : Core-label.oem3 (.text:xdc_runtime_Core_assignLabel__I)
                  00012084    00000033                                : Text.oem3 (.text:xdc_runtime_Text_printVisFxn__I)
                  000120b7    00000001     --HOLE-- [fill = 0]
                  000120b8    00000032     ml_math_func.obj (.text:inv_q_addf)
                  000120ea    00000002     --HOLE-- [fill = 0]
                  000120ec    00000032     mpl.obj (.text:inv_start_mpl)
                  0001211e    00000032     sysbios.aem3 : BIOS.obj (.text:ti_sysbios_family_arm_cc26xx_Timer_setNextTick__E)
                  00012150    00000030     drivers_cc26xxware.aem3 : I2C.oem3 (.text:I2C_open)
                  00012180    00000030                             : PowerCC26XX.oem3 (.text:Power_releaseConstraint)
                  000121b0    00000030                             : PowerCC26XX.oem3 (.text:Power_setConstraint)
                  000121e0    00000030                             : UART.oem3 (.text:UART_open)
                  00012210    00000030     eMPL_outputs.obj (.text:inv_enable_eMPL_outputs)
                  00012240    00000030     results_holder.obj (.text:inv_enable_results_holder)
                  00012270    00000030     results_holder.obj (.text:inv_init_results_holder)
                  000122a0    00000030     rtsv7M3_T_le_eabi.lib : xferaise.obj (.text)
                  000122d0    00000030     empty_pem3.oem3 (.text:ti_sysbios_BIOS_atExitFunc__I)
                  00012300    00000030     sysbios.aem3 : BIOS.obj (.text:ti_sysbios_family_arm_cc26xx_Timer_initDevice__I)
                  00012330    00000030                  : BIOS.obj (.text:ti_sysbios_family_arm_cc26xx_Timer_setThreshold__I)
                  00012360    00000030                  : BIOS.obj (.text:ti_sysbios_family_arm_m3_Hwi_Instance_finalize__E)
                  00012390    00000030     empty_pem3.oem3 (.text:ti_sysbios_gates_GateHwi_Object__create__S)
                  000123c0    00000030     empty_pem3.oem3 (.text:ti_sysbios_gates_GateMutex_Object__create__S)
                  000123f0    00000030     empty_pem3.oem3 (.text:ti_sysbios_heaps_HeapMem_Object__create__S)
                  00012420    00000030     empty_pem3.oem3 (.text:ti_sysbios_knl_Semaphore_construct)
                  00012450    00000030     sysbios.aem3 : BIOS.obj (.text:ti_sysbios_knl_Task_processVitalTaskFlag__I)
                  00012480    00000030     ti.targets.arm.rtsarm.aem3 : SysMin.oem3 (.text:xdc_runtime_SysMin_abort__E)
                  000124b0    00000030                                : System.oem3 (.text:xdc_runtime_System_processAtExit__E)
                  000124e0    0000002e     rtsv7M3_T_le_eabi.lib : i_tofd_t2.obj (.text)
                  0001250e    0000002e     sysbios.aem3 : BIOS.obj (.text:ti_sysbios_family_arm_m3_TaskSupport_start__E)
                  0001253c    0000002c     driverlib.lib : osc.obj (.text:OSCHF_TurnOnXosc)
                  00012568    0000002c     drivers_cc26xxware.aem3 : PINCC26XX.oem3 (.text:PINCC26XX_setMux)
                  00012594    0000002c     inv_mpu_dmp_motion_driver.obj (.text:dmp_enable_gyro_cal)
                  000125c0    0000002c     sysbios.aem3 : BIOS.obj (.text:ti_sysbios_hal_Hwi_initStack)
                  000125ec    0000002c                  : BIOS.obj (.text:ti_sysbios_knl_Clock_getTicksUntilInterrupt__E)
                  00012618    0000002c     empty_pem3.oem3 (.text:ti_sysbios_knl_Queue_construct)
                  00012644    0000002c     sysbios.aem3 : BIOS.obj (.text:ti_sysbios_knl_Semaphore_pendTimeout__I)
                  00012670    0000002c                  : BIOS.obj (.text:ti_sysbios_knl_Task_unblockI__E)
                  0001269c    0000002c     ti.targets.arm.rtsarm.aem3 : Text.oem3 (.text:xdc_runtime_Text_cordText__E)
                  000126c8    0000002a                                : System.oem3 (.text:xdc_runtime_System_putchar__I)
                  000126f2    00000002     --HOLE-- [fill = 0]
                  000126f4    00000028     driverlib.lib : aon_batmon.obj (.text:AONBatMonTemperatureGetDegC)
                  0001271c    00000028     drivers_cc26xxware.aem3 : PowerCC26XX.oem3 (.text:Power_registerNotify)
                  00012744    00000028     driverlib.lib : adi.obj (.text:SafeHapiVoid)
                  0001276c    00000028     inv_mpu_dmp_motion_driver.obj (.text:dmp_set_shake_reject_thresh)
                  00012794    00000028     start_manager.obj (.text:inv_execute_mpl_start_notification)
                  000127bc    00000028     inv_mpu.obj (.text:reg_int_cb)
                  000127e4    00000028     sysbios.aem3 : BIOS.obj (.text:ti_sysbios_family_arm_cc26xx_Timer_getMaxTicks__E)
                  0001280c    00000028                  : BIOS.obj (.text:ti_sysbios_knl_Clock_addI__E)
                  00012834    00000028                  : BIOS.obj (.text:ti_sysbios_knl_Task_restore__E)
                  0001285c    00000026     drivers_cc26xxware.aem3 : List.oem3 (.text:List_put)
                  00012882    00000026     ti.targets.arm.rtsarm.aem3 : System.oem3 (.text:xdc_runtime_System_avprintf__E)
                  000128a8    00000024     drivers_cc26xxware.aem3 : PowerCC26XX_calibrateRCOSC.oem3 (.text:getTdcSemaphore)
                  000128cc    00000024     delays.obj (.text:get_ms)
                  000128f0    00000024     empty.obj (.text:gyro_data_ready_cb)
                  00012914    00000024     i2c_rutinas.obj (.text:i2c_read)
                  00012938    00000024     data_builder.obj (.text:inv_get_gyro_bias)
                  0001295c    00000024     ml_math_func.obj (.text:inv_q_add)
                  00012980    00000024     results_holder.obj (.text:inv_set_compass_correction)
                  000129a4    00000024     results_holder.obj (.text:inv_store_gaming_quaternion)
                  000129c8    00000024     rtsv7M3_T_le_eabi.lib : u_tofs_t2.obj (.text)
                  000129ec    00000024     empty_pem3.oem3 (.text:ti_sysbios_BIOS_errorRaiseHook__I)
                  00012a10    00000024     empty_pem3.oem3 (.text:ti_sysbios_BIOS_registerRTSLock__I)
                  00012a34    00000024     empty_pem3.oem3 (.text:ti_sysbios_BIOS_removeRTSLock__I)
                  00012a58    00000024     empty_pem3.oem3 (.text:ti_sysbios_BIOS_startFunc__I)
                  00012a7c    00000024     sysbios.aem3 : BIOS.obj (.text:ti_sysbios_family_arm_cc26xx_Timer_Module_startup__E)
                  00012aa0    00000024                  : BIOS.obj (.text:ti_sysbios_family_arm_cc26xx_Timer_startup__E)
                  00012ac4    00000024     empty_pem3.oem3 (.text:ti_sysbios_gates_GateMutex_Object__delete__S)
                  00012ae8    00000024     sysbios.aem3 : BIOS.obj (.text:ti_sysbios_knl_Swi_Module_startup__E)
                  00012b0c    00000024                  : BIOS.obj (.text:ti_sysbios_knl_Task_getMode__E)
                  00012b30    00000024     ti.targets.arm.rtsarm.aem3 : System.oem3 (.text:xdc_runtime_System_vprintf__E)
                  00012b54    00000022     rtsv7M3_T_le_eabi.lib : memcmp.obj (.text)
                  00012b76    00000022                           : memmov.obj (.text)
                  00012b98    00000022     sysbios.aem3 : BIOS.obj (.text:ti_sysbios_family_arm_cc26xx_Timer_postInit__I)
                  00012bba    00000022     empty_pem3.oem3 (.text:xdc_runtime_SysMin_output__I)
                  00012bdc    00000020     drivers_cc26xxware.aem3 : PowerCC26XX.oem3 (.text:Power_unregisterNotify)
                  00012bfc    00000020     start_manager.obj (.text:inv_register_mpl_start_notification)
                  00012c1c    00000020     data_builder.obj (.text:inv_set_accel_accuracy)
                  00012c3c    00000020     empty_pem3.oem3 (.text:ti_sysbios_BIOS_rtsLock__I)
                  00012c5c    00000020     sysbios.aem3 : BIOS.obj (.text:ti_sysbios_family_arm_cc26xx_Timer_dynamicStub__E)
                  00012c7c    00000020                  : m3_Hwi_asm.obj (.text:ti_sysbios_family_arm_m3_Hwi_excHandlerAsm__I)
                  00012c9c    00000020                  : BIOS.obj (.text:ti_sysbios_family_arm_m3_Hwi_excHandler__I)
                  00012cbc    00000020     empty_pem3.oem3 (.text:ti_sysbios_gates_GateHwi_Object__delete__S)
                  00012cdc    00000020     empty_pem3.oem3 (.text:ti_sysbios_heaps_HeapMem_Object__delete__S)
                  00012cfc    00000020     sysbios.aem3 : BIOS.obj (.text:ti_sysbios_knl_Clock_Module_startup__E)
                  00012d1c    00000020     empty_pem3.oem3 (.text:ti_sysbios_knl_Clock_Object__destruct__S)
                  00012d3c    00000020     sysbios.aem3 : BIOS.obj (.text:ti_sysbios_knl_Clock_getTicks__E)
                  00012d5c    00000020                  : BIOS.obj (.text:ti_sysbios_knl_Clock_stop__E)
                  00012d7c    00000020                  : BIOS.obj (.text:ti_sysbios_knl_Idle_run__E)
                  00012d9c    00000020     empty_pem3.oem3 (.text:ti_sysbios_knl_Semaphore_Object__destruct__S)
                  00012dbc    00000020     sysbios.aem3 : BIOS.obj (.text:ti_sysbios_knl_Task_restoreHwi__E)
                  00012ddc    00000020     ti.targets.arm.rtsarm.aem3 : Registry.oem3 (.text:xdc_runtime_Registry_findById__E)
                  00012dfc    00000020                                : SysMin.oem3 (.text:xdc_runtime_SysMin_Module_startup__E)
                  00012e1c    0000001e     drivers_cc26xxware.aem3 : PINCC26XX.oem3 (.text:PIN_close)
                  00012e3a    0000001e                             : PowerCC26XX.oem3 (.text:Power_getTransitionLatency)
                  00012e58    0000001e     ml_math_func.obj (.text:inv_q_invertf)
                  00012e76    0000001e     rtsv7M3_T_le_eabi.lib : ll_asr_t2.obj (.text)
                  00012e94    0000001e                           : ll_lsl_t2.obj (.text)
                  00012eb2    0000001e     sysbios.aem3 : m3_Hwi_asm_switch.obj (.text:ti_sysbios_family_xxx_Hwi_switchAndRunFunc)
                  00012ed0    0000001c     drivers_cc26xxware.aem3 : PINCC26XX.oem3 (.text:PINCC26XX_setIoCfgMux)
                  00012eec    0000001c                             : PINCC26XX.oem3 (.text:PIN_hwi)
                  00012f08    0000001c                             : PowerCC26XX.oem3 (.text:Power_idleFunc)
                  00012f24    0000001c     inv_mpu_dmp_motion_driver.obj (.text:dmp_set_shake_reject_time)
                  00012f40    0000001c     inv_mpu_dmp_motion_driver.obj (.text:dmp_set_tap_time)
                  00012f5c    0000001c     inv_mpu_dmp_motion_driver.obj (.text:dmp_set_tap_time_multi)
                  00012f78    0000001c     results_holder.obj (.text:inv_get_compass_correction)
                  00012f94    0000001c     data_builder.obj (.text:inv_get_gyro_bias_tc_set)
                  00012fb0    0000001c     storage_manager.obj (.text:inv_init_storage_manager)
                  00012fcc    0000001c     empty_pem3.oem3 (.text:ti_sysbios_family_arm_m3_Hwi_Object__destruct__S)
                  00012fe8    0000001c     sysbios.aem3 : BIOS.obj (.text:ti_sysbios_family_arm_m3_Hwi_setPriority__E)
                  00013004    0000001c                  : BIOS.obj (.text:ti_sysbios_gates_GateMutex_Instance_init__E)
                  00013020    0000001c                  : BIOS.obj (.text:ti_sysbios_knl_Clock_scheduleNextTick__E)
                  0001303c    0000001c     empty_pem3.oem3 (.text:ti_sysbios_knl_Queue_Object__destruct__S)
                  00013058    0000001c     sysbios.aem3 : BIOS.obj (.text:ti_sysbios_knl_Queue_put__E)
                  00013074    0000001c     empty_pem3.oem3 (.text:ti_sysbios_knl_Swi_Object__destruct__S)
                  00013090    0000001c     sysbios.aem3 : BIOS.obj (.text:ti_sysbios_knl_Task_enabled__E)
                  000130ac    0000001c                  : BIOS.obj (.text:ti_sysbios_knl_Task_enter__I)
                  000130c8    0000001c     ti.targets.arm.rtsarm.aem3 : Error.oem3 (.text:xdc_runtime_Error_raiseX__E)
                  000130e4    0000001c                                : Memory.oem3 (.text:xdc_runtime_Memory_valloc__E)
                  00013100    0000001c                                : SysMin.oem3 (.text:xdc_runtime_SysMin_exit__E)
                  0001311c    0000001c                                : System.oem3 (.text:xdc_runtime_System_abort__E)
                  00013138    0000001a     drivers_cc26xxware.aem3 : List.oem3 (.text:List_remove)
                  00013152    0000001a     inv_mpu_dmp_motion_driver.obj (.text:dmp_set_shake_reject_timeout)
                  0001316c    0000001a     ml_math_func.obj (.text:inv_get_gyro_sum_of_sqr)
                  00013186    0000001a     empty_pem3.oem3 (.text:ti_sysbios_family_arm_m3_Hwi_Handle__label__S)
                  000131a0    0000001a     sysbios.aem3 : m3_Hwi_asm.obj (.text:ti_sysbios_family_arm_m3_Hwi_pendSV__I)
                  000131ba    0000001a     empty_pem3.oem3 (.text:ti_sysbios_gates_GateHwi_Handle__label__S)
                  000131d4    0000001a     empty_pem3.oem3 (.text:ti_sysbios_gates_GateMutex_Handle__label__S)
                  000131ee    0000001a     empty_pem3.oem3 (.text:ti_sysbios_heaps_HeapMem_Handle__label__S)
                  00013208    0000001a     empty_pem3.oem3 (.text:ti_sysbios_knl_Swi_Handle__label__S)
                  00013222    0000001a     empty_pem3.oem3 (.text:ti_sysbios_knl_Task_Handle__label__S)
                  0001323c    0000001a     sysbios.aem3 : BIOS.obj (.text:ti_sysbios_knl_Task_sleepTimeout__I)
                  00013256    0000001a     empty_pem3.oem3 (.text:xdc_runtime_System_aprintf__E)
                  00013270    0000001a     empty_pem3.oem3 (.text:xdc_runtime_System_printf__E)
                  0001328a    00000002     --HOLE-- [fill = 0]
                  0001328c    00000018     driverlib.lib : chipinfo.obj (.text:ChipInfo_GetPackageType)
                  000132a4    00000018                   : aon_rtc.obj (.text:NOROM_AONRTCCurrentCompareValueGet)
                  000132bc    00000018     drivers_cc26xxware.aem3 : UARTCC26XX.oem3 (.text:UARTCC26XX_init)
                  000132d4    00000018                             : UART.oem3 (.text:UART_Params_init)
                  000132ec    00000018                             : PowerCC26XX.oem3 (.text:configureRFCoreClocks)
                  00013304    00000018     ml_math_func.obj (.text:inv_q_invert)
                  0001331c    00000018     results_holder.obj (.text:inv_start_results_holder)
                  00013334    00000018     rtsv7M3_T_le_eabi.lib : args_main.obj (.text)
                  0001334c    00000018                           : ll_mul_t2.obj (.text)
                  00013364    00000018     empty_pem3.oem3 (.text:ti_sysbios_BIOS_rtsUnlock__I)
                  0001337c    00000018     empty_pem3.oem3 (.text:ti_sysbios_family_arm_cc26xx_Timer_Module__startupDone__F)
                  00013394    00000018     empty_pem3.oem3 (.text:ti_sysbios_family_arm_m3_Hwi_Module__startupDone__F)
                  000133ac    00000018     sysbios.aem3 : BIOS.obj (.text:ti_sysbios_family_arm_m3_Hwi_plug__E)
                  000133c4    00000018                  : BIOS.obj (.text:ti_sysbios_gates_GateMutex_leave__E)
                  000133dc    00000018                  : BIOS.obj (.text:ti_sysbios_knl_Swi_or__E)
                  000133f4    00000018                  : BIOS.obj (.text:ti_sysbios_knl_Task_unblock__E)
                  0001340c    00000018     ti.targets.arm.rtsarm.aem3 : Error.oem3 (.text:xdc_runtime_Error_check__E)
                  00013424    00000018                                : System.oem3 (.text:xdc_runtime_System_exit__E)
                  0001343c    00000018                                : Text.oem3 (.text:xdc_runtime_Text_ropeText__E)
                  00013454    00000016     inv_mpu_dmp_motion_driver.obj (.text:dmp_set_tap_axes)
                  0001346a    00000016     empty_pem3.oem3 (.text:ti_sysbios_BIOS_exitFunc__I)
                  00013480    00000014     inv_mpu.obj (.text:MPUcallbackFxn)
                  00013494    00000014     driverlib.lib : aon_rtc.obj (.text:NOROM_AONRTCCurrent64BitValueGet)
                  000134a8    00000014     drivers_cc26xxware.aem3 : PINCC26XX.oem3 (.text:PINCC26XX_getOutputValue)
                  000134bc    00000014     driverlib.lib : chipinfo.obj (.text:ThisCodeIsBuiltForCC26xxHwRev22AndLater_HaltIfViolated)
                  000134d0    00000014     data_builder.obj (.text:inv_db_save_func$6)
                  000134e4    00000014     results_holder.obj (.text:inv_get_6axis_quaternion)
                  000134f8    00000014     data_builder.obj (.text:inv_get_compass_bias)
                  0001350c    00000014     results_holder.obj (.text:inv_get_motion_state)
                  00013520    00000014     start_manager.obj (.text:inv_init_start_manager)
                  00013534    00000014     message_layer.obj (.text:inv_set_message)
                  00013548    00000014     rtsv7M3_T_le_eabi.lib : _lock.obj (.text)
                  0001355c    00000014                           : strlen.obj (.text)
                  00013570    00000014     empty_pem3.oem3 (.text:ti_sysbios_family_arm_m3_Hwi_Object__get__S)
                  00013584    00000014     sysbios.aem3 : BIOS.obj (.text:ti_sysbios_family_arm_m3_Hwi_switchFromBootStack__E)
                  00013598    00000014     empty_pem3.oem3 (.text:ti_sysbios_heaps_HeapMem_Object__get__S)
                  000135ac    00000014     empty_pem3.oem3 (.text:ti_sysbios_knl_Clock_doTick__I)
                  000135c0    00000014     empty_pem3.oem3 (.text:ti_sysbios_knl_Swi_Object__get__S)
                  000135d4    00000012     sysbios.aem3 : BIOS.obj (.text:ti_sysbios_hal_Hwi_Module_startup__E)
                  000135e6    00000012     empty_pem3.oem3 (.text:xdc_runtime_Startup_exec__I)
                  000135f8    00000010     drivers_cc26xxware.aem3 : I2C.oem3 (.text:I2C_Params_init)
                  00013608    00000010                             : I2CCC26XX.oem3 (.text:i2cPostNotify)
                  00013618    00000010     results_holder.obj (.text:inv_generate_results)
                  00013628    00000010     data_builder.obj (.text:inv_get_gyro)
                  00013638    00000010     data_builder.obj (.text:inv_get_gyro_on)
                  00013648    00000010     results_holder.obj (.text:inv_get_local_field)
                  00013658    00000010     results_holder.obj (.text:inv_set_compass_bias_error)
                  00013668    00000010     eMPL_outputs.obj (.text:inv_start_eMPL_outputs$15)
                  00013678    00000010     packet.obj (.text:readCallback)
                  00013688    00000010     sysbios.aem3 : BIOS.obj (.text:ti_sysbios_BIOS_exit__E)
                  00013698    00000010                  : BIOS.obj (.text:ti_sysbios_BIOS_getCpuFreq__E)
                  000136a8    00000010                  : BIOS.obj (.text:ti_sysbios_BIOS_setThreadType__E)
                  000136b8    00000010                  : BIOS.obj (.text:ti_sysbios_BIOS_start__E)
                  000136c8    00000010                  : BIOS.obj (.text:ti_sysbios_family_arm_m3_Hwi_getHandle__E)
                  000136d8    00000010                  : m3_TaskSupport_asm.obj (.text:ti_sysbios_family_arm_m3_TaskSupport_glue)
                  000136e8    00000010                  : m3_TaskSupport_asm.obj (.text:ti_sysbios_family_arm_m3_TaskSupport_swap__E)
                  000136f8    00000010                  : BIOS.obj (.text:ti_sysbios_gates_GateMutex_Instance_finalize__E)
                  00013708    00000010                  : BIOS.obj (.text:ti_sysbios_knl_Semaphore_Instance_finalize__E)
                  00013718    00000010                  : BIOS.obj (.text:ti_sysbios_knl_Swi_disable__E)
                  00013728    00000010                  : BIOS.obj (.text:ti_sysbios_knl_Swi_enabled__E)
                  00013738    00000010     empty_pem3.oem3 (.text:ti_sysbios_knl_Task_Object__get__S)
                  00013748    00000010     sysbios.aem3 : BIOS.obj (.text:ti_sysbios_knl_Task_disable__E)
                  00013758    00000010     drivers_cc26xxware.aem3 : UARTCC26XX.oem3 (.text:uartPostNotify)
                  00013768    00000010     ti.targets.arm.rtsarm.aem3 : Gate.oem3 (.text:xdc_runtime_Gate_leaveSystem__E)
                  00013778    00000010                                : Memory.oem3 (.text:xdc_runtime_Memory_free__E)
                  00013788    00000010                                : SysMin.oem3 (.text:xdc_runtime_SysMin_ready__E)
                  00013798    00000010                                : System.oem3 (.text:xdc_runtime_System_vsnprintf__E)
                  000137a8    00000010     empty_pem3.oem3 (.text:xdc_runtime_Text_visitRope__I)
                  000137b8    0000000e     driverlib.lib : vims.obj (.text:NOROM_VIMSModeGet)
                  000137c6    0000000e     rtsv7M3_T_le_eabi.lib : copy_decompress_none.obj (.text:decompress:none)
                  000137d4    0000000e     sysbios.aem3 : BIOS.obj (.text:ti_sysbios_family_arm_cc26xx_TimestampProvider_get32__E)
                  000137e2    0000000e                  : BIOS.obj (.text:ti_sysbios_family_arm_m3_TaskSupport_checkStack__E)
                  000137f0    0000000e                  : BIOS.obj (.text:ti_sysbios_heaps_HeapMem_restore__E)
                  000137fe    0000000e                  : BIOS.obj (.text:ti_sysbios_knl_Queue_empty__E)
                  0001380c    0000000e                  : BIOS.obj (.text:ti_sysbios_knl_Queue_remove__E)
                  0001381a    0000000c     driverlib.lib : cpu.obj (.text:NOROM_CPUcpsid)
                  00013826    0000000c                   : cpu.obj (.text:NOROM_CPUcpsie)
                  00013832    0000000c     drivers_cc26xxware.aem3 : PINCC26XX.oem3 (.text:PIN_registerIntCb)
                  0001383e    00000002     --HOLE-- [fill = 0]
                  00013840    0000000c                             : PowerCC26XX.oem3 (.text:Power_getConstraintMask)
                  0001384c    0000000c                             : PowerCC26XX.oem3 (.text:Power_getDependencyCount)
                  00013858    0000000c     rtsv7M3_T_le_eabi.lib : copy_zero_init.obj (.text:decompress:ZI)
                  00013864    0000000c     results_holder.obj (.text:inv_get_acc_state)
                  00013870    0000000c     results_holder.obj (.text:inv_get_compass_state)
                  0001387c    0000000c     results_holder.obj (.text:inv_get_large_mag_field)
                  00013888    0000000c     results_holder.obj (.text:inv_got_compass_bias)
                  00013894    0000000c     ml_math_func.obj (.text:inv_q30_mult)
                  000138a0    0000000c     results_holder.obj (.text:inv_set_accel_bias_found)
                  000138ac    0000000c     results_holder.obj (.text:inv_set_compass_bias_found)
                  000138b8    0000000c     data_builder.obj (.text:inv_set_compass_disturbance)
                  000138c4    0000000c     results_holder.obj (.text:inv_set_compass_state)
                  000138d0    0000000c     sysbios.aem3 : BIOS.obj (.text:ti_sysbios_BIOS_getThreadType__E)
                  000138dc    0000000c                  : BIOS.obj (.text:ti_sysbios_family_arm_cc26xx_TimestampProvider_getFreq__E)
                  000138e8    0000000c     empty_pem3.oem3 (.text:ti_sysbios_family_arm_m3_Hwi_Params__init__S)
                  000138f4    0000000c     sysbios.aem3 : BIOS.obj (.text:ti_sysbios_family_arm_m3_Hwi_disableFxn__E)
                  00013900    0000000c                  : BIOS.obj (.text:ti_sysbios_family_arm_m3_TaskSupport_getStackAlignment__E)
                  0001390c    0000000c                  : BIOS.obj (.text:ti_sysbios_gates_GateHwi_enter__E)
                  00013918    0000000c     empty_pem3.oem3 (.text:ti_sysbios_knl_Clock_Params__init__S)
                  00013924    0000000c     sysbios.aem3 : BIOS.obj (.text:ti_sysbios_knl_Clock_getTimerHandle__E)
                  00013930    0000000c     empty_pem3.oem3 (.text:ti_sysbios_knl_Queue_Object__get__S)
                  0001393c    0000000c     sysbios.aem3 : BIOS.obj (.text:ti_sysbios_knl_Queue_dequeue__E)
                  00013948    0000000c                  : BIOS.obj (.text:ti_sysbios_knl_Queue_enqueue__E)
                  00013954    0000000c     empty_pem3.oem3 (.text:ti_sysbios_knl_Semaphore_Params__init__S)
                  00013960    0000000c     empty_pem3.oem3 (.text:ti_sysbios_knl_Swi_Params__init__S)
                  0001396c    0000000c     sysbios.aem3 : BIOS.obj (.text:ti_sysbios_knl_Swi_getTrigger__E)
                  00013978    0000000c                  : BIOS.obj (.text:ti_sysbios_knl_Swi_self__E)
                  00013984    0000000c     empty_pem3.oem3 (.text:ti_sysbios_knl_Task_Params__init__S)
                  00013990    0000000c     sysbios.aem3 : BIOS.obj (.text:ti_sysbios_knl_Task_self__E)
                  0001399c    0000000c     ti.targets.arm.rtsarm.aem3 : Error.oem3 (.text:xdc_runtime_Error_init__E)
                  000139a8    0000000c                                : Gate.oem3 (.text:xdc_runtime_Gate_enterSystem__E)
                  000139b4    0000000c                                : Memory.oem3 (.text:xdc_runtime_Memory_calloc__E)
                  000139c0    0000000c                                : Memory.oem3 (.text:xdc_runtime_Memory_getMaxDefaultTypeAlign__E)
                  000139cc    0000000a     drivers_cc26xxware.aem3 : I2CCC26XX.oem3 (.text:I2CCC26XX_init)
                  000139d6    0000000a                             : I2C.oem3 (.text:I2C_close)
                  000139e0    0000000a                             : I2C.oem3 (.text:I2C_transfer)
                  000139ea    0000000a                             : List.oem3 (.text:List_empty)
                  000139f4    0000000a                             : UART.oem3 (.text:UART_read)
                  000139fe    0000000a                             : UART.oem3 (.text:UART_write)
                  00013a08    0000000a     empty_pem3.oem3 (.text:xdc_runtime_IHeap_alloc)
                  00013a12    0000000a     empty_pem3.oem3 (.text:xdc_runtime_IHeap_free)
                  00013a1c    00000008     drivers_cc26xxware.aem3 : I2CCC26XX.oem3 (.text:I2CCC26XX_blockingCallback)
                  00013a24    00000008                             : UARTCC26XX.oem3 (.text:readSemCallback)
                  00013a2c    00000008     rtsv7M3_T_le_eabi.lib : abs.obj (.text)
                  00013a34    00000008     sysbios.aem3 : BIOS.obj (.text:ti_sysbios_family_arm_m3_Hwi_doSwiRestore__I)
                  00013a3c    00000008                  : BIOS.obj (.text:ti_sysbios_family_arm_m3_Hwi_startup__E)
                  00013a44    00000008                  : BIOS.obj (.text:ti_sysbios_knl_Idle_loop__E)
                  00013a4c    00000008     drivers_cc26xxware.aem3 : UARTCC26XX.oem3 (.text:writeSemCallback)
                  00013a54    00000006                             : I2CCC26XX.oem3 (.text:I2CCC26XX_control)
                  00013a5a    00000006     driverlib.lib : cpu.obj (.text:NOROM_CPUdelay)
                  00013a60    00000006     drivers_cc26xxware.aem3 : UARTCC26XX.oem3 (.text:UARTCC26XX_readPolling)
                  00013a66    00000006                             : UARTCC26XX.oem3 (.text:UARTCC26XX_writePolling)
                  00013a6c    00000006     ti.targets.arm.rtsarm.aem3 : xdc_noinit.oem3 (.text:__xdc__init)
                  00013a72    00000006     rtsv7M3_T_le_eabi.lib : copy_decompress_rle.obj (.text:decompress:rle24)
                  00013a78    00000006                           : cos.obj (.text)
                  00013a7e    00000006                           : cosf.obj (.text)
                  00013a84    00000006                           : sinf.obj (.text)
                  00013a8a    00000006     sysbios.aem3 : BIOS.obj (.text:ti_sysbios_family_arm_m3_Hwi_doTaskRestore__I)
                  00013a90    00000006                  : BIOS.obj (.text:ti_sysbios_family_arm_m3_Hwi_restoreFxn__E)
                  00013a96    00000006                  : BIOS.obj (.text:ti_sysbios_gates_GateHwi_leave__E)
                  00013a9c    00000006                  : BIOS.obj (.text:ti_sysbios_heaps_HeapMem_isBlocking__E)
                  00013aa2    00000006                  : BIOS.obj (.text:ti_sysbios_knl_Queue_Instance_init__E)
                  00013aa8    00000006                  : BIOS.obj (.text:ti_sysbios_knl_Queue_elemClear__E)
                  00013aae    00000006                  : BIOS.obj (.text:ti_sysbios_knl_Swi_startup__E)
                  00013ab4    00000006     ti.targets.arm.rtsarm.aem3 : System.oem3 (.text:xdc_runtime_System_Module_startup__E)
                  00013aba    00000004     tirtosport.aem3 : HwiP_tirtos.oem3 (.text:HwiP_disable)
                  00013abe    00000004     drivers_cc26xxware.aem3 : List.oem3 (.text:List_head)
                  00013ac2    00000004                             : List.oem3 (.text:List_next)
                  00013ac6    00000004                             : PowerCC26XX.oem3 (.text:nopResourceHandler)
                  00013aca    00000004     rtsv7M3_T_le_eabi.lib : log.obj (.text)
                  00013ace    00000004     empty_pem3.oem3 (.text:ti_sysbios_BIOS_RtsGateProxy_enter__E)
                  00013ad2    00000004     empty_pem3.oem3 (.text:ti_sysbios_BIOS_RtsGateProxy_leave__E)
                  00013ad6    00000004     sysbios.aem3 : BIOS.obj (.text:ti_sysbios_family_arm_cc26xx_Timer_getCount64__E)
                  00013ada    00000004                  : BIOS.obj (.text:ti_sysbios_family_arm_cc26xx_Timer_setPeriod__E)
                  00013ade    00000004     empty_pem3.oem3 (.text:ti_sysbios_family_arm_m3_Hwi_destruct)
                  00013ae2    00000004     empty_pem3.oem3 (.text:ti_sysbios_family_arm_m3_TaskSupport_Module__startupDone__S)
                  00013ae6    00000004     sysbios.aem3 : BIOS.obj (.text:ti_sysbios_gates_GateHwi_query__E)
                  00013aea    00000004                  : BIOS.obj (.text:ti_sysbios_gates_GateMutex_query__E)
                  00013aee    00000004     empty_pem3.oem3 (.text:ti_sysbios_heaps_HeapMem_Module_GateProxy_enter__E)
                  00013af2    00000004     empty_pem3.oem3 (.text:ti_sysbios_heaps_HeapMem_Module_GateProxy_leave__E)
                  00013af6    00000004     empty_pem3.oem3 (.text:ti_sysbios_knl_Clock_TimerProxy_getCurrentTick__E)
                  00013afa    00000004     empty_pem3.oem3 (.text:ti_sysbios_knl_Clock_TimerProxy_getMaxTicks__E)
                  00013afe    00000004     empty_pem3.oem3 (.text:ti_sysbios_knl_Clock_TimerProxy_setNextTick__E)
                  00013b02    00000004     empty_pem3.oem3 (.text:ti_sysbios_knl_Clock_destruct)
                  00013b06    00000004     sysbios.aem3 : BIOS.obj (.text:ti_sysbios_knl_Clock_removeI__E)
                  00013b0a    00000004                  : BIOS.obj (.text:ti_sysbios_knl_Clock_setTimeout__E)
                  00013b0e    00000004     empty_pem3.oem3 (.text:ti_sysbios_knl_Queue_destruct)
                  00013b12    00000004     sysbios.aem3 : BIOS.obj (.text:ti_sysbios_knl_Queue_head__E)
                  00013b16    00000004                  : BIOS.obj (.text:ti_sysbios_knl_Queue_next__E)
                  00013b1a    00000004     empty_pem3.oem3 (.text:ti_sysbios_knl_Semaphore_destruct)
                  00013b1e    00000004     empty_pem3.oem3 (.text:ti_sysbios_knl_Swi_destruct)
                  00013b22    00000004     sysbios.aem3 : BIOS.obj (.text:ti_sysbios_knl_Swi_postInit__I)
                  00013b26    00000004                  : BIOS.obj (.text:ti_sysbios_knl_Task_startup__E)
                  00013b2a    00000004     ti.targets.arm.rtsarm.aem3 : Error.oem3 (.text:xdc_runtime_Error_getSite__E)
                  00013b2e    00000004     empty_pem3.oem3 (.text:xdc_runtime_System_Module_GateProxy_enter__E)
                  00013b32    00000004     empty_pem3.oem3 (.text:xdc_runtime_System_Module_GateProxy_leave__E)
                  00013b36    00000004     ti.targets.arm.rtsarm.aem3 : System.oem3 (.text:xdc_runtime_System_aprintf_va__F)
                  00013b3a    00000004                                : System.oem3 (.text:xdc_runtime_System_printf_va__F)

.const     0    00013b40    00002f35     
                  00013b40    0000179a     empty_pem3.oem3 (.const:xdc_runtime_Text_charTab__A)
                  000152da    00000002     i2c_rutinas.obj (.const)
                  000152dc    00000c38     inv_mpu_dmp_motion_driver.obj (.const)
                  00015f14    00000240     inv_mpu.obj (.const)
                  00016154    000000b0     empty_pem3.oem3 (.const:xdc_runtime_Text_nodeTab__A)
                  00016204    00000068     CC2650STK.obj (.const:BoardGpioInitTable)
                  0001626c    00000004     empty_pem3.oem3 (.const:ti_sysbios_family_arm_cc26xx_Timer_startupNeeded__C)
                  00016270    00000060     rtsv7M3_T_le_eabi.lib : xsin.obj (.const)
                  000162d0    0000004c     drivers_cc26xxware.aem3 : PowerCC26XX.oem3 (.const:resourceDB)
                  0001631c    00000048     empty_pem3.oem3 (.const:.string)
                  00016364    00000040     drivers_cc26xxware.aem3 : UARTCC26XX.oem3 (.const)
                  000163a4    0000003c     empty_pem3.oem3 (.const:ti_sysbios_knl_Task_Object__PARAMS__C)
                  000163e0    00000038     rtsv7M3_T_le_eabi.lib : xlog.obj (.const:p$54)
                  00016418    00000030     empty_pem3.oem3 (.const:ti_sysbios_family_arm_m3_Hwi_Object__PARAMS__C)
                  00016448    0000002c     rtsv7M3_T_le_eabi.lib : xfatan.obj (.const)
                  00016474    0000002a     inv_mpu.obj (.const:reg)
                  0001649e    00000002     empty_pem3.oem3 (.const:ti_sysbios_family_arm_cc26xx_TimestampProvider_Module__id__C)
                  000164a0    00000028     drivers_cc26xxware.aem3 : UARTCC26XX.oem3 (.const:UARTCC26XX_fxnTable)
                  000164c8    00000028     empty_pem3.oem3 (.const:ti_sysbios_heaps_HeapMem_Module__FXNS__C)
                  000164f0    00000028     empty_pem3.oem3 (.const:ti_sysbios_knl_Swi_Object__PARAMS__C)
                  00016518    00000024     drivers_cc26xxware.aem3 : UART.oem3 (.const:UART_defaultParams)
                  0001653c    00000024     empty_pem3.oem3 (.const:ti_sysbios_gates_GateHwi_Module__FXNS__C)
                  00016560    00000024     empty_pem3.oem3 (.const:ti_sysbios_gates_GateMutex_Module__FXNS__C)
                  00016584    00000024     empty_pem3.oem3 (.const:ti_sysbios_heaps_HeapMem_Object__PARAMS__C)
                  000165a8    00000024     empty_pem3.oem3 (.const:ti_sysbios_knl_Clock_Object__PARAMS__C)
                  000165cc    00000024     empty_pem3.oem3 (.const:ti_sysbios_knl_Semaphore_Object__PARAMS__C)
                  000165f0    00000024     empty_pem3.oem3 (.const:xdc_runtime_Startup_sfxnTab__A)
                  00016614    00000020     CC2650STK.obj (.const)
                  00016634    00000020     empty_pem3.oem3 (.const:ti_sysbios_family_arm_m3_Hwi_Object__DESC__C)
                  00016654    00000020     empty_pem3.oem3 (.const:ti_sysbios_gates_GateHwi_Object__DESC__C)
                  00016674    00000020     empty_pem3.oem3 (.const:ti_sysbios_gates_GateMutex_Object__DESC__C)
                  00016694    00000020     empty_pem3.oem3 (.const:ti_sysbios_heaps_HeapMem_Object__DESC__C)
                  000166b4    00000020     empty_pem3.oem3 (.const:ti_sysbios_knl_Clock_Object__DESC__C)
                  000166d4    00000020     empty_pem3.oem3 (.const:ti_sysbios_knl_Queue_Object__DESC__C)
                  000166f4    00000020     empty_pem3.oem3 (.const:ti_sysbios_knl_Semaphore_Object__DESC__C)
                  00016714    00000020     empty_pem3.oem3 (.const:ti_sysbios_knl_Swi_Object__DESC__C)
                  00016734    00000020     empty_pem3.oem3 (.const:ti_sysbios_knl_Task_Object__DESC__C)
                  00016754    0000001c     drivers_cc26xxware.aem3 : I2CCC26XX.oem3 (.const)
                  00016770    00000018     CC2650STK.obj (.const:I2C_config)
                  00016788    00000018     CC2650STK.obj (.const:UART_config)
                  000167a0    00000018     CC2650STK.obj (.const:i2cCC26xxHWAttrs)
                  000167b8    00000018     rtsv7M3_T_le_eabi.lib : xfsin.obj (.const)
                  000167d0    00000018     empty_pem3.oem3 (.const:ti_sysbios_gates_GateHwi_Object__PARAMS__C)
                  000167e8    00000018     empty_pem3.oem3 (.const:ti_sysbios_gates_GateMutex_Object__PARAMS__C)
                  00016800    00000018     empty_pem3.oem3 (.const:ti_sysbios_knl_Queue_Object__PARAMS__C)
                  00016818    00000018     CC2650STK.obj (.const:uartCC26XXHWAttrs)
                  00016830    00000012     empty_pem3.oem3 (.const:xdc_runtime_Startup_sfxnRts__A)
                  00016842    00000002     empty_pem3.oem3 (.const:ti_sysbios_family_arm_cc26xx_TimestampProvider_useClockTimer__C)
                  00016844    00000010     drivers_cc26xxware.aem3 : I2C.oem3 (.const)
                  00016854    0000000c     empty_pem3.oem3 (.const:xdc_runtime_Startup_firstFxns__A)
                  00016860    0000000a     <whole-program> (.const:.string)
                  0001686a    00000002     empty_pem3.oem3 (.const:ti_sysbios_family_arm_m3_Hwi_Module__id__C)
                  0001686c    00000008     CC2650STK.obj (.const:PINCC26XX_hwAttrs)
                  00016874    00000008     empty_pem3.oem3 (.const:ti_sysbios_family_arm_m3_Hwi_excHookFuncs__A)
                  0001687c    00000008     empty_pem3.oem3 (.const:ti_sysbios_knl_Idle_funcList__A)
                  00016884    00000008     empty_pem3.oem3 (.const:ti_sysbios_knl_Idle_funcList__C)
                  0001688c    00000008     empty_pem3.oem3 (.const:xdc_runtime_Startup_firstFxns__C)
                  00016894    00000008     empty_pem3.oem3 (.const:xdc_runtime_Startup_lastFxns__C)
                  0001689c    00000004     empty_pem3.oem3 (.const:ti_sysbios_family_arm_cc26xx_TimestampProvider_Module__diagsEnabled__C)
                  000168a0    00000004     empty_pem3.oem3 (.const:ti_sysbios_family_arm_cc26xx_TimestampProvider_Module__diagsIncluded__C)
                  000168a4    00000004     empty_pem3.oem3 (.const:ti_sysbios_family_arm_cc26xx_TimestampProvider_Module__diagsMask__C)
                  000168a8    00000004     empty_pem3.oem3 (.const:ti_sysbios_family_arm_m3_Hwi_E_NMI__C)
                  000168ac    00000004     empty_pem3.oem3 (.const:ti_sysbios_family_arm_m3_Hwi_E_alreadyDefined__C)
                  000168b0    00000004     empty_pem3.oem3 (.const:ti_sysbios_family_arm_m3_Hwi_E_busFault__C)
                  000168b4    00000004     empty_pem3.oem3 (.const:ti_sysbios_family_arm_m3_Hwi_E_debugMon__C)
                  000168b8    00000004     empty_pem3.oem3 (.const:ti_sysbios_family_arm_m3_Hwi_E_hardFault__C)
                  000168bc    00000004     empty_pem3.oem3 (.const:ti_sysbios_family_arm_m3_Hwi_E_memFault__C)
                  000168c0    00000004     empty_pem3.oem3 (.const:ti_sysbios_family_arm_m3_Hwi_E_noIsr__C)
                  000168c4    00000004     empty_pem3.oem3 (.const:ti_sysbios_family_arm_m3_Hwi_E_reserved__C)
                  000168c8    00000004     empty_pem3.oem3 (.const:ti_sysbios_family_arm_m3_Hwi_E_svCall__C)
                  000168cc    00000004     empty_pem3.oem3 (.const:ti_sysbios_family_arm_m3_Hwi_E_usageFault__C)
                  000168d0    00000004     empty_pem3.oem3 (.const:ti_sysbios_family_arm_m3_Hwi_NUM_INTERRUPTS__C)
                  000168d4    00000004     empty_pem3.oem3 (.const:ti_sysbios_family_arm_m3_Hwi_Object__count__C)
                  000168d8    00000004     empty_pem3.oem3 (.const:ti_sysbios_family_arm_m3_Hwi_ccr__C)
                  000168dc    00000004     empty_pem3.oem3 (.const:ti_sysbios_family_arm_m3_Hwi_excHandlerFunc__C)
                  000168e0    00000004     empty_pem3.oem3 (.const:ti_sysbios_family_arm_m3_Hwi_excHookFuncs__C)
                  000168e4    00000004     empty_pem3.oem3 (.const:ti_sysbios_family_arm_m3_Hwi_nullIsrFunc__C)
                  000168e8    00000004     empty_pem3.oem3 (.const:ti_sysbios_family_arm_m3_Hwi_priGroup__C)
                  000168ec    00000004     empty_pem3.oem3 (.const:ti_sysbios_family_arm_m3_TaskSupport_stackAlignment__C)
                  000168f0    00000004     empty_pem3.oem3 (.const:ti_sysbios_gates_GateMutex_A_badContext__C)
                  000168f4    00000004     empty_pem3.oem3 (.const:ti_sysbios_gates_GateMutex_Instance_State_sem__O)
                  000168f8    00000004     empty_pem3.oem3 (.const:ti_sysbios_gates_GateMutex_Module__diagsEnabled__C)
                  000168fc    00000004     empty_pem3.oem3 (.const:ti_sysbios_gates_GateMutex_Module__diagsIncluded__C)
                  00016900    00000004     empty_pem3.oem3 (.const:ti_sysbios_gates_GateMutex_Module__diagsMask__C)
                  00016904    00000004     empty_pem3.oem3 (.const:ti_sysbios_hal_Hwi_E_stackOverflow__C)
                  00016908    00000004     empty_pem3.oem3 (.const:ti_sysbios_heaps_HeapMem_A_align__C)
                  0001690c    00000004     empty_pem3.oem3 (.const:ti_sysbios_heaps_HeapMem_A_heapSize__C)
                  00016910    00000004     empty_pem3.oem3 (.const:ti_sysbios_heaps_HeapMem_A_invalidFree__C)
                  00016914    00000004     empty_pem3.oem3 (.const:ti_sysbios_heaps_HeapMem_A_zeroBlock__C)
                  00016918    00000004     empty_pem3.oem3 (.const:ti_sysbios_heaps_HeapMem_E_memory__C)
                  0001691c    00000004     empty_pem3.oem3 (.const:ti_sysbios_heaps_HeapMem_Module__diagsEnabled__C)
                  00016920    00000004     empty_pem3.oem3 (.const:ti_sysbios_heaps_HeapMem_Module__diagsIncluded__C)
                  00016924    00000004     empty_pem3.oem3 (.const:ti_sysbios_heaps_HeapMem_Module__diagsMask__C)
                  00016928    00000004     empty_pem3.oem3 (.const:ti_sysbios_heaps_HeapMem_Module__gateObj__C)
                  0001692c    00000004     empty_pem3.oem3 (.const:ti_sysbios_heaps_HeapMem_Object__count__C)
                  00016930    00000004     empty_pem3.oem3 (.const:ti_sysbios_heaps_HeapMem_reqAlign__C)
                  00016934    00000004     empty_pem3.oem3 (.const:ti_sysbios_knl_Clock_A_badThreadType__C)
                  00016938    00000004     empty_pem3.oem3 (.const:ti_sysbios_knl_Clock_Module_State_clockQ__O)
                  0001693c    00000004     empty_pem3.oem3 (.const:ti_sysbios_knl_Clock_Module__diagsEnabled__C)
                  00016940    00000004     empty_pem3.oem3 (.const:ti_sysbios_knl_Clock_Module__diagsIncluded__C)
                  00016944    00000004     empty_pem3.oem3 (.const:ti_sysbios_knl_Clock_Module__diagsMask__C)
                  00016948    00000004     empty_pem3.oem3 (.const:ti_sysbios_knl_Clock_tickPeriod__C)
                  0001694c    00000004     empty_pem3.oem3 (.const:ti_sysbios_knl_Clock_triggerClock__C)
                  00016950    00000004     empty_pem3.oem3 (.const:ti_sysbios_knl_Semaphore_A_badContext__C)
                  00016954    00000004     empty_pem3.oem3 (.const:ti_sysbios_knl_Semaphore_A_noEvents__C)
                  00016958    00000004     empty_pem3.oem3 (.const:ti_sysbios_knl_Semaphore_A_overflow__C)
                  0001695c    00000004     empty_pem3.oem3 (.const:ti_sysbios_knl_Semaphore_A_pendTaskDisabled__C)
                  00016960    00000004     empty_pem3.oem3 (.const:ti_sysbios_knl_Semaphore_Instance_State_pendQ__O)
                  00016964    00000004     empty_pem3.oem3 (.const:ti_sysbios_knl_Semaphore_Module__diagsEnabled__C)
                  00016968    00000004     empty_pem3.oem3 (.const:ti_sysbios_knl_Semaphore_Module__diagsIncluded__C)
                  0001696c    00000004     empty_pem3.oem3 (.const:ti_sysbios_knl_Semaphore_Module__diagsMask__C)
                  00016970    00000004     empty_pem3.oem3 (.const:ti_sysbios_knl_Swi_A_badPriority__C)
                  00016974    00000004     empty_pem3.oem3 (.const:ti_sysbios_knl_Swi_Module__diagsEnabled__C)
                  00016978    00000004     empty_pem3.oem3 (.const:ti_sysbios_knl_Swi_Module__diagsIncluded__C)
                  0001697c    00000004     empty_pem3.oem3 (.const:ti_sysbios_knl_Swi_Module__diagsMask__C)
                  00016980    00000004     empty_pem3.oem3 (.const:ti_sysbios_knl_Swi_Object__count__C)
                  00016984    00000004     empty_pem3.oem3 (.const:ti_sysbios_knl_Task_A_badPriority__C)
                  00016988    00000004     empty_pem3.oem3 (.const:ti_sysbios_knl_Task_A_badTaskState__C)
                  0001698c    00000004     empty_pem3.oem3 (.const:ti_sysbios_knl_Task_A_badThreadType__C)
                  00016990    00000004     empty_pem3.oem3 (.const:ti_sysbios_knl_Task_A_badTimeout__C)
                  00016994    00000004     empty_pem3.oem3 (.const:ti_sysbios_knl_Task_A_noPendElem__C)
                  00016998    00000004     empty_pem3.oem3 (.const:ti_sysbios_knl_Task_A_sleepTaskDisabled__C)
                  0001699c    00000004     empty_pem3.oem3 (.const:ti_sysbios_knl_Task_E_spOutOfBounds__C)
                  000169a0    00000004     empty_pem3.oem3 (.const:ti_sysbios_knl_Task_E_stackOverflow__C)
                  000169a4    00000004     empty_pem3.oem3 (.const:ti_sysbios_knl_Task_Module_State_inactiveQ__O)
                  000169a8    00000004     empty_pem3.oem3 (.const:ti_sysbios_knl_Task_Module__diagsEnabled__C)
                  000169ac    00000004     empty_pem3.oem3 (.const:ti_sysbios_knl_Task_Module__diagsIncluded__C)
                  000169b0    00000004     empty_pem3.oem3 (.const:ti_sysbios_knl_Task_Module__diagsMask__C)
                  000169b4    00000004     empty_pem3.oem3 (.const:ti_sysbios_knl_Task_Object__count__C)
                  000169b8    00000004     empty_pem3.oem3 (.const:ti_sysbios_knl_Task_allBlockedFunc__C)
                  000169bc    00000004     empty_pem3.oem3 (.const:ti_sysbios_knl_Task_defaultStackHeap__C)
                  000169c0    00000004     empty_pem3.oem3 (.const:ti_sysbios_knl_Task_defaultStackSize__C)
                  000169c4    00000004     empty_pem3.oem3 (.const:ti_sysbios_knl_Task_numConstructedTasks__C)
                  000169c8    00000004     empty_pem3.oem3 (.const:xdc_runtime_Assert_E_assertFailed__C)
                  000169cc    00000004     empty_pem3.oem3 (.const:xdc_runtime_Core_A_initializedParams__C)
                  000169d0    00000004     empty_pem3.oem3 (.const:xdc_runtime_Core_Module__diagsEnabled__C)
                  000169d4    00000004     empty_pem3.oem3 (.const:xdc_runtime_Core_Module__diagsIncluded__C)
                  000169d8    00000004     empty_pem3.oem3 (.const:xdc_runtime_Core_Module__diagsMask__C)
                  000169dc    00000004     empty_pem3.oem3 (.const:xdc_runtime_Error_E_memory__C)
                  000169e0    00000004     empty_pem3.oem3 (.const:xdc_runtime_Error_Module__diagsEnabled__C)
                  000169e4    00000004     empty_pem3.oem3 (.const:xdc_runtime_Error_Module__diagsIncluded__C)
                  000169e8    00000004     empty_pem3.oem3 (.const:xdc_runtime_Error_Module__diagsMask__C)
                  000169ec    00000004     empty_pem3.oem3 (.const:xdc_runtime_Error_Module__loggerFxn8__C)
                  000169f0    00000004     empty_pem3.oem3 (.const:xdc_runtime_Error_Module__loggerObj__C)
                  000169f4    00000004     empty_pem3.oem3 (.const:xdc_runtime_Error_policyFxn__C)
                  000169f8    00000004     empty_pem3.oem3 (.const:xdc_runtime_Error_raiseHook__C)
[...]
00016874  ti_sysbios_family_arm_m3_Hwi_excHookFuncs__A                           
0001687c  ti_sysbios_knl_Idle_funcList__A                                        
00016884  ti_sysbios_knl_Idle_funcList__C                                        
0001688c  xdc_runtime_Startup_firstFxns__C                                       
00016894  xdc_runtime_Startup_lastFxns__C                                        
0001689c  ti_sysbios_family_arm_cc26xx_TimestampProvider_Module__diagsEnabled__C 
000168a0  ti_sysbios_family_arm_cc26xx_TimestampProvider_Module__diagsIncluded__C
000168a4  ti_sysbios_family_arm_cc26xx_TimestampProvider_Module__diagsMask__C    
000168a8  ti_sysbios_family_arm_m3_Hwi_E_NMI__C                                  
000168ac  ti_sysbios_family_arm_m3_Hwi_E_alreadyDefined__C                       
000168b0  ti_sysbios_family_arm_m3_Hwi_E_busFault__C                             
000168b4  ti_sysbios_family_arm_m3_Hwi_E_debugMon__C                             
000168b8  ti_sysbios_family_arm_m3_Hwi_E_hardFault__C                            
000168bc  ti_sysbios_family_arm_m3_Hwi_E_memFault__C                             
000168c0  ti_sysbios_family_arm_m3_Hwi_E_noIsr__C                                
000168c4  ti_sysbios_family_arm_m3_Hwi_E_reserved__C                             
000168c8  ti_sysbios_family_arm_m3_Hwi_E_svCall__C                               
000168cc  ti_sysbios_family_arm_m3_Hwi_E_usageFault__C                           
000168d0  ti_sysbios_family_arm_m3_Hwi_NUM_INTERRUPTS__C                         
000168d4  ti_sysbios_family_arm_m3_Hwi_Object__count__C                          
000168d8  ti_sysbios_family_arm_m3_Hwi_ccr__C                                    
000168dc  ti_sysbios_family_arm_m3_Hwi_excHandlerFunc__C                         
000168e0  ti_sysbios_family_arm_m3_Hwi_excHookFuncs__C                           
000168e4  ti_sysbios_family_arm_m3_Hwi_nullIsrFunc__C                            
000168e8  ti_sysbios_family_arm_m3_Hwi_priGroup__C                               
000168ec  ti_sysbios_family_arm_m3_TaskSupport_stackAlignment__C                 
000168f0  ti_sysbios_gates_GateMutex_A_badContext__C                             
000168f4  ti_sysbios_gates_GateMutex_Instance_State_sem__O                       
000168f8  ti_sysbios_gates_GateMutex_Module__diagsEnabled__C                     
000168fc  ti_sysbios_gates_GateMutex_Module__diagsIncluded__C                    
00016900  ti_sysbios_gates_GateMutex_Module__diagsMask__C                        
00016904  ti_sysbios_hal_Hwi_E_stackOverflow__C                                  
00016908  ti_sysbios_heaps_HeapMem_A_align__C                                    
0001690c  ti_sysbios_heaps_HeapMem_A_heapSize__C                                 
00016910  ti_sysbios_heaps_HeapMem_A_invalidFree__C                              
00016914  ti_sysbios_heaps_HeapMem_A_zeroBlock__C                                
00016918  ti_sysbios_heaps_HeapMem_E_memory__C                                   
0001691c  ti_sysbios_heaps_HeapMem_Module__diagsEnabled__C                       
00016920  ti_sysbios_heaps_HeapMem_Module__diagsIncluded__C                      
00016924  ti_sysbios_heaps_HeapMem_Module__diagsMask__C                          
00016928  ti_sysbios_heaps_HeapMem_Module__gateObj__C                            
0001692c  ti_sysbios_heaps_HeapMem_Object__count__C                              
00016930  ti_sysbios_heaps_HeapMem_reqAlign__C                                   
00016934  ti_sysbios_knl_Clock_A_badThreadType__C                                
00016938  ti_sysbios_knl_Clock_Module_State_clockQ__O                            
0001693c  ti_sysbios_knl_Clock_Module__diagsEnabled__C                           
00016940  ti_sysbios_knl_Clock_Module__diagsIncluded__C                          
00016944  ti_sysbios_knl_Clock_Module__diagsMask__C                              
00016948  ti_sysbios_knl_Clock_tickPeriod__C                                     
0001694c  ti_sysbios_knl_Clock_triggerClock__C                                   
00016950  ti_sysbios_knl_Semaphore_A_badContext__C                               
00016954  ti_sysbios_knl_Semaphore_A_noEvents__C                                 
00016958  ti_sysbios_knl_Semaphore_A_overflow__C                                 
0001695c  ti_sysbios_knl_Semaphore_A_pendTaskDisabled__C                         
00016960  ti_sysbios_knl_Semaphore_Instance_State_pendQ__O                       
00016964  ti_sysbios_knl_Semaphore_Module__diagsEnabled__C                       
00016968  ti_sysbios_knl_Semaphore_Module__diagsIncluded__C                      
0001696c  ti_sysbios_knl_Semaphore_Module__diagsMask__C                          
00016970  ti_sysbios_knl_Swi_A_badPriority__C                                    
00016974  ti_sysbios_knl_Swi_Module__diagsEnabled__C                             
00016978  ti_sysbios_knl_Swi_Module__diagsIncluded__C                            
0001697c  ti_sysbios_knl_Swi_Module__diagsMask__C                                
00016980  ti_sysbios_knl_Swi_Object__count__C                                    
00016984  ti_sysbios_knl_Task_A_badPriority__C                                   
00016988  ti_sysbios_knl_Task_A_badTaskState__C                                  
0001698c  ti_sysbios_knl_Task_A_badThreadType__C                                 
00016990  ti_sysbios_knl_Task_A_badTimeout__C                                    
00016994  ti_sysbios_knl_Task_A_noPendElem__C                                    
00016998  ti_sysbios_knl_Task_A_sleepTaskDisabled__C                             
0001699c  ti_sysbios_knl_Task_E_spOutOfBounds__C                                 
000169a0  ti_sysbios_knl_Task_E_stackOverflow__C                                 
000169a4  ti_sysbios_knl_Task_Module_State_inactiveQ__O                          
000169a8  ti_sysbios_knl_Task_Module__diagsEnabled__C                            
000169ac  ti_sysbios_knl_Task_Module__diagsIncluded__C                           
000169b0  ti_sysbios_knl_Task_Module__diagsMask__C                               
000169b4  ti_sysbios_knl_Task_Object__count__C                                   
000169b8  ti_sysbios_knl_Task_allBlockedFunc__C                                  
000169bc  ti_sysbios_knl_Task_defaultStackHeap__C                                
000169c0  ti_sysbios_knl_Task_defaultStackSize__C                                
000169c4  ti_sysbios_knl_Task_numConstructedTasks__C                             
000169c8  xdc_runtime_Assert_E_assertFailed__C                                   
000169cc  xdc_runtime_Core_A_initializedParams__C                                
000169d0  xdc_runtime_Core_Module__diagsEnabled__C                               
000169d4  xdc_runtime_Core_Module__diagsIncluded__C                              
000169d8  xdc_runtime_Core_Module__diagsMask__C                                  
000169dc  xdc_runtime_Error_E_memory__C                                          
000169e0  xdc_runtime_Error_Module__diagsEnabled__C                              
000169e4  xdc_runtime_Error_Module__diagsIncluded__C                             
000169e8  xdc_runtime_Error_Module__diagsMask__C                                 
000169ec  xdc_runtime_Error_Module__loggerFxn8__C                                
000169f0  xdc_runtime_Error_Module__loggerObj__C                                 
000169f4  xdc_runtime_Error_policyFxn__C                                         
000169f8  xdc_runtime_Error_raiseHook__C                                         
000169fc  xdc_runtime_IGateProvider_Interface__BASE__C                           
00016a00  xdc_runtime_IHeap_Interface__BASE__C                                   
00016a04  xdc_runtime_IModule_Interface__BASE__C                                 
00016a08  xdc_runtime_Log_L_error__C                                             
00016a0c  xdc_runtime_Memory_defaultHeapInstance__C                              
00016a10  xdc_runtime_Startup_execImpl__C                                        
00016a14  xdc_runtime_Startup_maxPasses__C                                       
00016a18  xdc_runtime_Startup_sfxnRts__C                                         
00016a1c  xdc_runtime_Startup_sfxnTab__C                                         
00016a20  xdc_runtime_SysMin_bufSize__C                                          
00016a24  xdc_runtime_SysMin_outputFunc__C                                       
00016a28  xdc_runtime_System_Module__gateObj__C                                  
00016a2c  xdc_runtime_System_abortFxn__C                                         
00016a30  xdc_runtime_System_exitFxn__C                                          
00016a34  xdc_runtime_System_extendFxn__C                                        
00016a38  xdc_runtime_System_maxAtexitHandlers__C                                
00016a3c  xdc_runtime_Text_charTab__C                                            
00016a40  xdc_runtime_Text_nameEmpty__C                                          
00016a44  xdc_runtime_Text_nameStatic__C                                         
00016a48  xdc_runtime_Text_nameUnknown__C                                        
00016a4c  xdc_runtime_Text_nodeTab__C                                            
00016a50  xdc_runtime_Text_visitRopeFxn__C                                       
00016a54  ti_sysbios_gates_GateMutex_Module__id__C                               
00016a56  ti_sysbios_hal_Hwi_Module__id__C                                       
00016a58  ti_sysbios_heaps_HeapMem_Module__id__C                                 
00016a5a  ti_sysbios_knl_Clock_Module__id__C                                     
00016a5c  ti_sysbios_knl_Semaphore_Module__id__C                                 
00016a5e  ti_sysbios_knl_Swi_Module__id__C                                       
00016a60  ti_sysbios_knl_Task_Module__id__C                                      
00016a62  xdc_runtime_Core_Module__id__C                                         
00016a64  xdc_runtime_Error_Module__loggerDefined__C                             
00016a66  xdc_runtime_Error_maxDepth__C                                          
00016a68  xdc_runtime_Memory_Module__id__C                                       
00016a6a  xdc_runtime_SysMin_flushAtExit__C                                      
00016a6c  xdc_runtime_Text_charCnt__C                                            
00016a6e  xdc_runtime_Text_isLoaded__C                                           
00016a70  xdc_runtime_Text_registryModsLastId__C                                 
00016a72  xdc_runtime_Text_unnamedModsLastId__C                                  
00016a74  xdc_runtime_Error_policy__C                                            
00016a78  __TI_static_base__                                                     
00016e5c  __TI_Handler_Table_Base                                                
00016e68  __TI_Handler_Table_Limit                                               
00016e78  __TI_CINIT_Base                                                        
00016e90  __TI_CINIT_Limit                                                       
0001ffa8  __ccfg                                                                 
20000000  ti_sysbios_family_arm_m3_Hwi_ramVectors                                
20000598  vc                                                                     
20000740  cb                                                                     
20000828  cb_test                                                                
20000910  cb_sim                                                                 
200009f8  ti_sysbios_heaps_HeapMem_Instance_State_0_buf__A                       
200010d0  fnm                                                                    
20001330  ti_sysbios_knl_Task_Instance_State_0_stack__A                          
2000188c  s9axis                                                                 
200019c4  __CIOBUF_                                                              
20001ae4  uartCC26XXObjects                                                      
20001bf8  i2cCC26xxObjects                                                       
20001cd8  ti_sysbios_family_arm_m3_Hwi_dispatchTable                             
20001db4  mag_disturb                                                            
20001ef4  xdc_runtime_SysMin_Module_State_0_outbuf__A                            
20001f74  PIN_HandleTable                                                        
20002138  buffer                                                                 
200021ec  freq                                                                   
20002204  PIN_NumPins                                                            
20002210  driverlib_release_0_45566                                              
20002218  hal_timestamp                                                          
2000221c  new_uart                                                               
20002220  mpl_key                                                                
20002248  ledPinTable                                                            
20002278  task0Struct                                                            
200022c8  task0Stack                                                             
200026c8  ti_sysbios_family_arm_cc26xx_Timer_Module__root__V                     
200026d0  ti_sysbios_family_arm_cc26xx_Timer_Module__state__V                    
200026d8  ti_sysbios_family_arm_cc26xx_TimestampProvider_Module__state__V        
200026dc  ti_sysbios_family_arm_m3_Hwi_Module__root__V                           
200026e4  ti_sysbios_family_arm_m3_Hwi_Object__table__V                          
200026fc  ti_sysbios_family_arm_m3_Hwi_Module_State_0_excActive__A               
20002700  ti_sysbios_family_arm_m3_Hwi_Module_State_0_excContext__A              
20002704  ti_sysbios_family_arm_m3_Hwi_Module_State_0_excStack__A                
20002708  ti_sysbios_gates_GateHwi_Module__root__V                               
20002710  ti_sysbios_gates_GateHwi_Object__table__V                              
20002714  ti_sysbios_gates_GateMutex_Module__root__V                             
2000271c  ti_sysbios_hal_Hwi_Module__root__V                                     
20002724  ti_sysbios_heaps_HeapMem_Module__root__V                               
2000272c  ti_sysbios_heaps_HeapMem_Object__table__V                              
20002744  ti_sysbios_knl_Clock_Module__root__V                                   
2000274c  ti_sysbios_knl_Clock_Object__table__V                                  
2000276c  ti_sysbios_knl_Queue_Module__root__V                                   
20002774  ti_sysbios_knl_Semaphore_Module__root__V                               
2000277c  ti_sysbios_knl_Swi_Module__root__V                                     
20002784  ti_sysbios_knl_Swi_Module__state__V                                    
200027a0  ti_sysbios_knl_Task_Module__root__V                                    
200027a8  ti_sysbios_knl_Task_Module_State_0_idleTask__A                         
200027ac  xdc_runtime_Error_Module__state__V                                     
200027b0  xdc_runtime_Memory_Module__state__V                                    
200027b4  xdc_runtime_Registry_Module__state__V                                  
200027bc  xdc_runtime_Startup_Module__state__V                                   
200027c4  xdc_runtime_SysMin_Module__state__V                                    
200027d0  xdc_runtime_System_Module_State_0_atexitHandlers__A                    
200027d8  xdc_runtime_System_Module__state__V                                    
200027e0  xdc_runtime_Text_Module__state__V                                      
200027e8  __xdc__init__addr                                                      
200027ec  PowerCC26XX_module                                                     
200028f8  compass_low_pass_filter_coeff                                          
20002a80  _Denorm                                                                
20002a90  _Hugeval                                                               
20002aa0  _Snan                                                                  
20002ab0  _Xbig                                                                  
20002ab8  _Zero                                                                  
20002ac0  _Nan                                                                   
20002ad0  _Inf                                                                   
20002ae0  _Rteps                                                                 
20002af0  _Eps                                                                   
20002b00  ti_sysbios_knl_Swi_Module_State_0_readyQ__A                            
20002b80  ti_sysbios_knl_Task_Module_State_0_readyQ__A                           
20002c00  _FDenorm                                                               
20002c10  _FEps                                                                  
20002c20  _FSnan                                                                 
20002c30  _FXbig                                                                 
20002c34  _FZero                                                                 
20002c38  _FNan                                                                  
20002c48  _FRteps                                                                
20002c58  _FInf                                                                  
20002cc0  ti_sysbios_knl_Task_Object__table__V                                   
20002d10  ti_sysbios_family_arm_cc26xx_Timer_Object__table__V                    
20002d58  ti_sysbios_knl_Task_Module__state__V                                   
20002d9c  ti_sysbios_gates_GateMutex_Object__table__V                            
20002dd4  ti_sysbios_family_arm_m3_Hwi_Module__state__V                          
20002e08  UartIn                                                                 
20002e0c  uart                                                                   
20002e14  uartParams                                                             
20002e38  ti_sysbios_knl_Swi_Object__table__V                                    
20002e68  ti_sysbios_knl_Clock_Module__state__V                                  
20002e94  ti_sysbios_BIOS_Module__state__V                                       
20002ed8  _lock                                                                  
20002edc  _unlock                                                                
20002ee0  __TI_cleanup_ptr                                                       
20002ee4  __TI_dtors_ptr                                                         
20002ee8  _Fenv                                                                  
20002eec  _Tls_setup__Fenv                                                       
20002ef4  _Errno                                                                 
20002ef8  main_func_sp                                                           
20004d00  __stack                                                                
20005000  __STACK_END                                                            
e000e000  ti_sysbios_family_arm_m3_Hwi_nvic                                      
ffffffff  __binit__                                                              
ffffffff  __c_args__                                                             
ffffffff  binit                                                                  
UNDEFED   SHT$$INIT_ARRAY$$Base                                                  
UNDEFED   SHT$$INIT_ARRAY$$Limit                                                 

[1023 symbols]
